Module.cpp:15:1:Module::~Module()	0	static
Module.cpp:15:1:virtual Module::~Module()	8	static
Module.cpp:10:1:Module::Module()	0	static
Module.cpp:23:6:void Module::rpi_interrupt()	0	static
Module.cpp:33:6:void Module::handle_rpi_input()	0	static
Module.cpp:38:6:void Module::timer_interrupt()	0	static
Module.cpp:42:6:void Module::trigger_interrupt()	0	static
Module.cpp:46:6:void Module::adc_interrupt()	0	static
Module.cpp:50:6:void Module::rpi_init()	24	static
Module.cpp:72:6:void Module::init()	56	static
Module.cpp:92:6:void Module::work()	0	static
Module.cpp:96:6:void Module::loop()	8	static
Module.cpp:27:6:void Module::run()	8	static
