dac.cpp:13:1:DAC_Dev::DAC_Dev(uint8_t, uint8_t, uint8_t, GPIO_TypeDef*, uint16_t, GPIO_TypeDef*, uint16_t)	56	static
dac.cpp:40:6:void DAC_Dev::WriteInt(int32_t)	8	static
dac.cpp:72:6:void DAC_Dev::SendClearbit(int32_t)	12	static
dac.cpp:99:6:void DAC_Dev::SendControlbit(float)	4	static
dac.cpp:146:6:void DAC_Dev::EnableClearbit(bool)	0	static
dac.cpp:158:6:void DAC_Dev::Callback()	8	static
dac.cpp:174:6:void DAC_Dev::WriteFloat(float)	4	static
dac.cpp:187:6:void DAC_Dev::Setup(float, float, bool)	4	static
dac.cpp:219:10:uint32_t DAC_Dev::Linearize(float)	0	static
