stm32f4xx_it.c:101:6:NMI_Handler	0	static
stm32f4xx_it.c:114:6:HardFault_Handler	0	static
stm32f4xx_it.c:129:6:MemManage_Handler	0	static
stm32f4xx_it.c:144:6:BusFault_Handler	0	static
stm32f4xx_it.c:159:6:UsageFault_Handler	0	static
stm32f4xx_it.c:174:6:SVC_Handler	0	static
stm32f4xx_it.c:187:6:DebugMon_Handler	0	static
stm32f4xx_it.c:200:6:PendSV_Handler	0	static
stm32f4xx_it.c:213:6:SysTick_Handler	0	static
stm32f4xx_it.c:234:6:EXTI1_IRQHandler	0	static
stm32f4xx_it.c:249:6:DMA1_Stream3_IRQHandler	8	static
stm32f4xx_it.c:274:6:DMA1_Stream4_IRQHandler	0	static
stm32f4xx_it.c:290:6:EXTI9_5_IRQHandler	0	static
stm32f4xx_it.c:305:6:TIM2_IRQHandler	0	static
stm32f4xx_it.c:320:6:TIM3_IRQHandler	0	static
stm32f4xx_it.c:334:6:TIM4_IRQHandler	0	static
