adc.cpp:37:6:void ADC_Dev::Read()	16	static
adc.cpp:76:6:void ADC_Dev::UpdateSoftSpan(uint8_t, uint8_t)	16	static
adc.cpp:105:1:ADC_Channel::ADC_Channel(ADC_Dev*, uint16_t)	0	static
adc.cpp:112:6:void ADC_Channel::Setup(uint8_t)	8	static
adc.cpp:18:1:ADC_Dev::ADC_Dev(uint8_t, uint8_t, uint8_t, uint8_t, uint8_t, GPIO_TypeDef*, uint16_t)	48	static
adc.cpp:173:7:float ADC_Channel::GetFloat()	0	static
adc.cpp:179:9:int16_t ADC_Channel::GetInt()	0	static
adc.cpp:156:6:void ADC_Channel::SetInput(int16_t)	16	static
adc.cpp:63:6:void ADC_Dev::Callback()	8	static
adc.cpp:185:6:void ADC_Channel::SetLowPass(bool, float)	0	static
adc.cpp:192:6:void ADC_Channel::ResetLowPass()	0	static
