dac.cpp:36:6:void DAC_Dev::WriteInt(int32_t)	8	static
dac.cpp:68:6:void DAC_Dev::SendClearbit(int32_t)	8	static
dac.cpp:96:6:void DAC_Dev::SendControlbit(float)	8	static
dac.cpp:137:6:void DAC_Dev::EnableClearbit(bool)	0	static
dac.cpp:150:6:void DAC_Dev::Callback()	8	static
dac.cpp:184:6:void DAC_Dev::Setup(uint8_t, bool)	8	static
dac.cpp:223:1:DAC_Calibration::DAC_Calibration()	0	static
dac.cpp:13:1:DAC_Dev::DAC_Dev(uint8_t, uint8_t, uint8_t, GPIO_TypeDef*, uint16_t, GPIO_TypeDef*, uint16_t)	56	static
dac.cpp:228:6:void DAC_Calibration::Calibrate(float, float, float*, uint32_t)	16	static
dac.cpp:214:6:void DAC_Dev::Calibrate(float, float, float*, uint32_t)	8	static
dac.cpp:247:7:float DAC_Calibration::ApplyCalibration(float)	0	static
dac.cpp:166:6:void DAC_Dev::WriteFloat(float)	8	static
