raspberrypi.cpp:11:1:RaspberryPi::RaspberryPi(uint8_t, uint8_t, uint8_t, uint8_t, uint8_t, GPIO_TypeDef*, uint16_t)	48	static
raspberrypi.cpp:63:6:void RaspberryPi::Callback()	8	static
raspberrypi.cpp:72:6:void RaspberryPi::SetIntPin()	0	static
raspberrypi.cpp:21:6:void RaspberryPi::Transfer(uint8_t*, uint8_t*, uint32_t)	16	static
raspberrypi.cpp:39:6:void RaspberryPi::Write(uint8_t*, uint32_t)	8	static
raspberrypi.cpp:51:6:void RaspberryPi::Read(uint8_t*, uint32_t)	8	static
raspberrypi.cpp:78:6:void RaspberryPi::ResetIntPin()	0	static
