adc.cpp:16:1:ADC_Dev::ADC_Dev(SPI_HandleTypeDef*, GPIO_TypeDef*, uint16_t, TIM_HandleTypeDef*)	40	static
adc.cpp:32:6:void ADC_Dev::Read()	4	static
adc.cpp:65:6:void ADC_Dev::TIM_Callback()	4	static
adc.cpp:89:6:void ADC_Dev::SPI_Callback()	0	static
adc.cpp:105:6:void ADC_Dev::ClearRX()	0	static
adc.cpp:125:1:ADC_Channel::ADC_Channel(ADC_Dev*, uint16_t)	0	static
adc.cpp:130:6:void ADC_Channel::Calibrate(bool, bool)	8	static
adc.cpp:164:7:float ADC_Channel::GetFloat()	0	static
adc.cpp:172:9:int16_t ADC_Channel::GetInt()	0	static
