dac.cpp:13:1:DAC_Dev::DAC_Dev(SPI_HandleTypeDef*, GPIO_TypeDef*, uint16_t, GPIO_TypeDef*, uint16_t)	64	static
dac.cpp:36:6:void DAC_Dev::WriteInt(int32_t)	8	static
dac.cpp:67:6:void DAC_Dev::SendClearbit(int32_t)	8	static
dac.cpp:93:6:void DAC_Dev::SendControlbit(float)	4	static
dac.cpp:141:6:void DAC_Dev::EnableClearbit(bool)	0	static
dac.cpp:153:6:void DAC_Dev::Callback()	8	static
dac.cpp:167:6:void DAC_Dev::WriteFloat(float)	16	static
dac.cpp:174:6:void DAC_Dev::Calibrate(float, float, bool)	4	static
dac.cpp:191:10:uint16_t DAC_Dev::Linearize(uint16_t)	0	static
