stm32f4xx_it.c:102:6:NMI_Handler	0	static
stm32f4xx_it.c:115:6:HardFault_Handler	0	static
stm32f4xx_it.c:130:6:MemManage_Handler	0	static
stm32f4xx_it.c:145:6:BusFault_Handler	0	static
stm32f4xx_it.c:160:6:UsageFault_Handler	0	static
stm32f4xx_it.c:175:6:SVC_Handler	0	static
stm32f4xx_it.c:188:6:DebugMon_Handler	0	static
stm32f4xx_it.c:201:6:PendSV_Handler	0	static
stm32f4xx_it.c:214:6:SysTick_Handler	0	static
stm32f4xx_it.c:235:6:EXTI1_IRQHandler	0	static
stm32f4xx_it.c:249:6:DMA1_Stream3_IRQHandler	8	static
stm32f4xx_it.c:273:6:DMA1_Stream4_IRQHandler	16	static
stm32f4xx_it.c:300:6:EXTI9_5_IRQHandler	0	static
stm32f4xx_it.c:314:6:TIM2_IRQHandler	0	static
stm32f4xx_it.c:328:6:TIM3_IRQHandler	0	static
stm32f4xx_it.c:342:6:TIM4_IRQHandler	0	static
stm32f4xx_it.c:356:6:DMA2_Stream0_IRQHandler	8	static
stm32f4xx_it.c:379:6:DMA2_Stream1_IRQHandler	16	static
stm32f4xx_it.c:406:6:DMA2_Stream2_IRQHandler	8	static
stm32f4xx_it.c:429:6:DMA2_Stream3_IRQHandler	16	static
stm32f4xx_it.c:456:6:DMA2_Stream4_IRQHandler	16	static
stm32f4xx_it.c:483:6:DMA2_Stream5_IRQHandler	16	static
stm32f4xx_it.c:510:6:DMA2_Stream6_IRQHandler	8	static
