dac.cpp:43:6:void DAC_Dev::WriteInt(int32_t)	8	static
dac.cpp:75:6:void DAC_Dev::SendClearbit(int32_t)	8	static
dac.cpp:103:6:void DAC_Dev::SendControlbit(float)	8	static
dac.cpp:144:6:void DAC_Dev::ReadControlReg_Step1()	8	static
dac.cpp:157:10:uint8_t* DAC_Dev::ReadControlReg_Step2()	16	static
dac.cpp:173:6:void DAC_Dev::EnableClearbit(bool)	0	static
dac.cpp:186:6:void DAC_Dev::Callback()	8	static
dac.cpp:220:6:void DAC_Dev::Setup(uint8_t, bool)	8	static
dac.cpp:261:1:DAC_Calibration::DAC_Calibration()	0	static
dac.cpp:14:1:DAC_Dev::DAC_Dev(uint8_t, uint8_t, uint8_t, uint8_t, uint8_t, GPIO_TypeDef*, uint16_t, GPIO_TypeDef*, uint16_t)	56	static
dac.cpp:266:6:void DAC_Calibration::Calibrate(float, float, float*, uint32_t)	16	static
dac.cpp:252:6:void DAC_Dev::Calibrate(float, float, float*, uint32_t)	8	static
dac.cpp:285:7:float DAC_Calibration::ApplyCalibration(float)	0	static
dac.cpp:202:6:void DAC_Dev::WriteFloat(float)	8	static
dac.cpp:292:6:void DAC_Dev::MakeDMA2Way()	32	static
dac.cpp:297:6:void DAC_Dev::MakeDMA1Way()	24	static
