main.c:568:13:MX_GPIO_Init	96	static
main.c:525:13:MX_DMA_Init	16	static
main.c:727:6:Error_Handler	8	static
main.c:203:13:MX_SPI1_Init	8	static
main.c:241:13:MX_SPI2_Init	8	static
main.c:279:13:MX_SPI4_Init	8	static
main.c:316:13:MX_SPI5_Init	8	static
main.c:354:13:MX_SPI6_Init	8	static
main.c:392:13:MX_TIM2_Init	32	static
main.c:437:13:MX_TIM3_Init	32	static
main.c:482:13:MX_TIM4_Init	32	static
main.c:674:13:MX_ADC3_Init	24	static
main.c:154:6:SystemClock_Config	88	static
main.c:95:5:main	8	static
