oscilloscope.cpp:15:1:Oscilloscope::Oscilloscope(RaspberryPi*, ADC_Dev*, DAC_Dev*, DAC_Dev*)	16	static
oscilloscope.cpp:27:6:void Oscilloscope::Setup(uint16_t)	0	static
oscilloscope.cpp:35:6:void Oscilloscope::Input(float)	8	static
oscilloscope.cpp:67:6:void Oscilloscope::Input(float, float)	8	static
oscilloscope.cpp:118:6:void Oscilloscope::Setup(float, float)	0	static
oscilloscope.cpp:128:6:void Oscilloscope::Reset()	0	static
oscilloscope.cpp:136:6:void Oscilloscope::Input()	16	static
oscilloscope.cpp:170:6:void Oscilloscope::InputBurst()	16	static
stl_iterator.h:1241:5:base())) std::__miter_base(std::move_iterator<_IteratorL>) [with _Iterator = volatile float**]	0	static
vector.tcc:394:7:) [with _Args = {volatile float*}; _Tp = volatile float*; _Alloc = std::allocator<volatile float*>]	40	static
vector.tcc:95:7:) [with _Args = {volatile float*}; _Tp = volatile float*; _Alloc = std::allocator<volatile float*>]	8	static
oscilloscope.cpp:99:6:void Oscilloscope::AddChannel(uint32_t)	24	static
