stm32f4xx_it.c:103:6:NMI_Handler	0	static
stm32f4xx_it.c:116:6:HardFault_Handler	0	static
stm32f4xx_it.c:131:6:MemManage_Handler	0	static
stm32f4xx_it.c:146:6:BusFault_Handler	0	static
stm32f4xx_it.c:161:6:UsageFault_Handler	0	static
stm32f4xx_it.c:176:6:SVC_Handler	0	static
stm32f4xx_it.c:189:6:DebugMon_Handler	0	static
stm32f4xx_it.c:202:6:PendSV_Handler	0	static
stm32f4xx_it.c:215:6:SysTick_Handler	8	static
stm32f4xx_it.c:236:6:EXTI1_IRQHandler	8	static
stm32f4xx_it.c:251:6:DMA1_Stream3_IRQHandler	8	static
stm32f4xx_it.c:276:6:DMA1_Stream4_IRQHandler	8	static
stm32f4xx_it.c:292:6:EXTI9_5_IRQHandler	8	static
stm32f4xx_it.c:307:6:TIM2_IRQHandler	8	static
stm32f4xx_it.c:322:6:TIM3_IRQHandler	8	static
stm32f4xx_it.c:336:6:TIM4_IRQHandler	8	static
