Archive member included to satisfy reference by file (symbol)

c:/st/stm32cubeide_1.2.0/stm32cubeide/plugins/com.st.stm32cube.ide.mcu.externaltools.gnu-tools-for-stm32.7-2018-q2-update.win32_1.0.0.201904181610/tools/bin/../lib/gcc/arm-none-eabi/7.3.1/../../../../arm-none-eabi/lib/thumb/v7e-m/fpv4-sp/hard\libstdc++_nano.a(new_opv.o)
                              Core\Src\adc.o (operator new[](unsigned int))
c:/st/stm32cubeide_1.2.0/stm32cubeide/plugins/com.st.stm32cube.ide.mcu.externaltools.gnu-tools-for-stm32.7-2018-q2-update.win32_1.0.0.201904181610/tools/bin/../lib/gcc/arm-none-eabi/7.3.1/../../../../arm-none-eabi/lib/thumb/v7e-m/fpv4-sp/hard\libstdc++_nano.a(del_ops.o)
                              Core\Src\adc.o (operator delete(void*, unsigned int))
c:/st/stm32cubeide_1.2.0/stm32cubeide/plugins/com.st.stm32cube.ide.mcu.externaltools.gnu-tools-for-stm32.7-2018-q2-update.win32_1.0.0.201904181610/tools/bin/../lib/gcc/arm-none-eabi/7.3.1/../../../../arm-none-eabi/lib/thumb/v7e-m/fpv4-sp/hard\libstdc++_nano.a(new_op.o)
                              Core\Src\FFTCorrection.o (operator new(unsigned int))
c:/st/stm32cubeide_1.2.0/stm32cubeide/plugins/com.st.stm32cube.ide.mcu.externaltools.gnu-tools-for-stm32.7-2018-q2-update.win32_1.0.0.201904181610/tools/bin/../lib/gcc/arm-none-eabi/7.3.1/../../../../arm-none-eabi/lib/thumb/v7e-m/fpv4-sp/hard\libstdc++_nano.a(new_handler.o)
                              c:/st/stm32cubeide_1.2.0/stm32cubeide/plugins/com.st.stm32cube.ide.mcu.externaltools.gnu-tools-for-stm32.7-2018-q2-update.win32_1.0.0.201904181610/tools/bin/../lib/gcc/arm-none-eabi/7.3.1/../../../../arm-none-eabi/lib/thumb/v7e-m/fpv4-sp/hard\libstdc++_nano.a(new_op.o) (std::get_new_handler())
c:/st/stm32cubeide_1.2.0/stm32cubeide/plugins/com.st.stm32cube.ide.mcu.externaltools.gnu-tools-for-stm32.7-2018-q2-update.win32_1.0.0.201904181610/tools/bin/../lib/gcc/arm-none-eabi/7.3.1/../../../../arm-none-eabi/lib/thumb/v7e-m/fpv4-sp/hard\libstdc++_nano.a(del_op.o)
                              Core\Src\FFTCorrection.o (operator delete(void*))
c:/st/stm32cubeide_1.2.0/stm32cubeide/plugins/com.st.stm32cube.ide.mcu.externaltools.gnu-tools-for-stm32.7-2018-q2-update.win32_1.0.0.201904181610/tools/bin/../lib/gcc/arm-none-eabi/7.3.1/../../../../arm-none-eabi/lib/thumb/v7e-m/fpv4-sp/hard\libstdc++_nano.a(functexcept.o)
                              Core\Src\FFTCorrection.o (std::__throw_bad_alloc())
c:/st/stm32cubeide_1.2.0/stm32cubeide/plugins/com.st.stm32cube.ide.mcu.externaltools.gnu-tools-for-stm32.7-2018-q2-update.win32_1.0.0.201904181610/tools/bin/../lib/gcc/arm-none-eabi/7.3.1/../../../../arm-none-eabi/lib/thumb/v7e-m/fpv4-sp/hard\libstdc++_nano.a(snprintf_lite.o)
                              c:/st/stm32cubeide_1.2.0/stm32cubeide/plugins/com.st.stm32cube.ide.mcu.externaltools.gnu-tools-for-stm32.7-2018-q2-update.win32_1.0.0.201904181610/tools/bin/../lib/gcc/arm-none-eabi/7.3.1/../../../../arm-none-eabi/lib/thumb/v7e-m/fpv4-sp/hard\libstdc++_nano.a(functexcept.o) (__gnu_cxx::__snprintf_lite(char*, unsigned int, char const*, std::__va_list))
c:/st/stm32cubeide_1.2.0/stm32cubeide/plugins/com.st.stm32cube.ide.mcu.externaltools.gnu-tools-for-stm32.7-2018-q2-update.win32_1.0.0.201904181610/tools/bin/../lib/gcc/arm-none-eabi/7.3.1/../../../../arm-none-eabi/lib/thumb/v7e-m/fpv4-sp/hard\libm.a(lib_a-sf_cos.o)
                              Core\Src\FFTCorrection.o (cosf)
c:/st/stm32cubeide_1.2.0/stm32cubeide/plugins/com.st.stm32cube.ide.mcu.externaltools.gnu-tools-for-stm32.7-2018-q2-update.win32_1.0.0.201904181610/tools/bin/../lib/gcc/arm-none-eabi/7.3.1/../../../../arm-none-eabi/lib/thumb/v7e-m/fpv4-sp/hard\libm.a(lib_a-sf_sin.o)
                              Core\Src\FFTCorrection.o (sinf)
c:/st/stm32cubeide_1.2.0/stm32cubeide/plugins/com.st.stm32cube.ide.mcu.externaltools.gnu-tools-for-stm32.7-2018-q2-update.win32_1.0.0.201904181610/tools/bin/../lib/gcc/arm-none-eabi/7.3.1/../../../../arm-none-eabi/lib/thumb/v7e-m/fpv4-sp/hard\libm.a(lib_a-wf_exp.o)
                              Core\Src\FFTCorrection.o (expf)
c:/st/stm32cubeide_1.2.0/stm32cubeide/plugins/com.st.stm32cube.ide.mcu.externaltools.gnu-tools-for-stm32.7-2018-q2-update.win32_1.0.0.201904181610/tools/bin/../lib/gcc/arm-none-eabi/7.3.1/../../../../arm-none-eabi/lib/thumb/v7e-m/fpv4-sp/hard\libm.a(lib_a-ef_exp.o)
                              c:/st/stm32cubeide_1.2.0/stm32cubeide/plugins/com.st.stm32cube.ide.mcu.externaltools.gnu-tools-for-stm32.7-2018-q2-update.win32_1.0.0.201904181610/tools/bin/../lib/gcc/arm-none-eabi/7.3.1/../../../../arm-none-eabi/lib/thumb/v7e-m/fpv4-sp/hard\libm.a(lib_a-wf_exp.o) (__ieee754_expf)
c:/st/stm32cubeide_1.2.0/stm32cubeide/plugins/com.st.stm32cube.ide.mcu.externaltools.gnu-tools-for-stm32.7-2018-q2-update.win32_1.0.0.201904181610/tools/bin/../lib/gcc/arm-none-eabi/7.3.1/../../../../arm-none-eabi/lib/thumb/v7e-m/fpv4-sp/hard\libm.a(lib_a-ef_rem_pio2.o)
[...]
Memory Configuration

Name             Origin             Length             Attributes
CCMRAM           0x0000000010000000 0x0000000000010000 xrw
RAM              0x0000000020000000 0x0000000000030000 xrw
FLASH            0x0000000008000000 0x0000000000200000 xr
DATA             0x00000000081e0000 0x0000000000020000 xrw
*default*        0x0000000000000000 0xffffffffffffffff

Linker script and memory map

LOAD c:/st/stm32cubeide_1.2.0/stm32cubeide/plugins/com.st.stm32cube.ide.mcu.externaltools.gnu-tools-for-stm32.7-2018-q2-update.win32_1.0.0.201904181610/tools/bin/../lib/gcc/arm-none-eabi/7.3.1/thumb/v7e-m/fpv4-sp/hard/crti.o
LOAD c:/st/stm32cubeide_1.2.0/stm32cubeide/plugins/com.st.stm32cube.ide.mcu.externaltools.gnu-tools-for-stm32.7-2018-q2-update.win32_1.0.0.201904181610/tools/bin/../lib/gcc/arm-none-eabi/7.3.1/thumb/v7e-m/fpv4-sp/hard/crtbegin.o
LOAD c:/st/stm32cubeide_1.2.0/stm32cubeide/plugins/com.st.stm32cube.ide.mcu.externaltools.gnu-tools-for-stm32.7-2018-q2-update.win32_1.0.0.201904181610/tools/bin/../lib/gcc/arm-none-eabi/7.3.1/../../../../arm-none-eabi/lib/thumb/v7e-m/fpv4-sp/hard/crt0.o
LOAD Core\Src\FFTCorrection.o
LOAD Core\Src\adc.o
LOAD Core\Src\benchmarking.o
LOAD Core\Src\cppmain.o
LOAD Core\Src\dac.o
LOAD Core\Src\dma.o
LOAD Core\Src\flashmemory.o
LOAD Core\Src\leds.o
LOAD Core\Src\lock.o
LOAD Core\Src\main.o
LOAD Core\Src\misc_func.o
LOAD Core\Src\newdma.o
LOAD Core\Src\oscilloscope.o
LOAD Core\Src\pid.o
LOAD Core\Src\raspberrypi.o
LOAD Core\Src\spi.o
LOAD Core\Src\stm32f4xx_hal_msp.o
LOAD Core\Src\stm32f4xx_it.o
LOAD Core\Src\syscalls.o
LOAD Core\Src\sysmem.o
LOAD Core\Src\system_stm32f4xx.o
LOAD Core\Startup\startup_stm32f427zitx.o
LOAD Drivers\STM32F4xx_HAL_Driver\Src\stm32f4xx_hal.o
LOAD Drivers\STM32F4xx_HAL_Driver\Src\stm32f4xx_hal_cortex.o
LOAD Drivers\STM32F4xx_HAL_Driver\Src\stm32f4xx_hal_dma.o
LOAD Drivers\STM32F4xx_HAL_Driver\Src\stm32f4xx_hal_dma_ex.o
LOAD Drivers\STM32F4xx_HAL_Driver\Src\stm32f4xx_hal_exti.o
LOAD Drivers\STM32F4xx_HAL_Driver\Src\stm32f4xx_hal_flash.o
LOAD Drivers\STM32F4xx_HAL_Driver\Src\stm32f4xx_hal_flash_ex.o
LOAD Drivers\STM32F4xx_HAL_Driver\Src\stm32f4xx_hal_flash_ramfunc.o
LOAD Drivers\STM32F4xx_HAL_Driver\Src\stm32f4xx_hal_gpio.o
LOAD Drivers\STM32F4xx_HAL_Driver\Src\stm32f4xx_hal_pwr.o
LOAD Drivers\STM32F4xx_HAL_Driver\Src\stm32f4xx_hal_pwr_ex.o
LOAD Drivers\STM32F4xx_HAL_Driver\Src\stm32f4xx_hal_rcc.o
LOAD Drivers\STM32F4xx_HAL_Driver\Src\stm32f4xx_hal_rcc_ex.o
LOAD Drivers\STM32F4xx_HAL_Driver\Src\stm32f4xx_hal_spi.o
LOAD Drivers\STM32F4xx_HAL_Driver\Src\stm32f4xx_hal_tim.o
LOAD Drivers\STM32F4xx_HAL_Driver\Src\stm32f4xx_hal_tim_ex.o
START GROUP
LOAD c:/st/stm32cubeide_1.2.0/stm32cubeide/plugins/com.st.stm32cube.ide.mcu.externaltools.gnu-tools-for-stm32.7-2018-q2-update.win32_1.0.0.201904181610/tools/bin/../lib/gcc/arm-none-eabi/7.3.1/../../../../arm-none-eabi/lib/thumb/v7e-m/fpv4-sp/hard\libstdc++_nano.a
LOAD c:/st/stm32cubeide_1.2.0/stm32cubeide/plugins/com.st.stm32cube.ide.mcu.externaltools.gnu-tools-for-stm32.7-2018-q2-update.win32_1.0.0.201904181610/tools/bin/../lib/gcc/arm-none-eabi/7.3.1/../../../../arm-none-eabi/lib/thumb/v7e-m/fpv4-sp/hard\libsupc++_nano.a
END GROUP
LOAD c:/st/stm32cubeide_1.2.0/stm32cubeide/plugins/com.st.stm32cube.ide.mcu.externaltools.gnu-tools-for-stm32.7-2018-q2-update.win32_1.0.0.201904181610/tools/bin/../lib/gcc/arm-none-eabi/7.3.1/../../../../arm-none-eabi/lib/thumb/v7e-m/fpv4-sp/hard\libstdc++_nano.a
LOAD c:/st/stm32cubeide_1.2.0/stm32cubeide/plugins/com.st.stm32cube.ide.mcu.externaltools.gnu-tools-for-stm32.7-2018-q2-update.win32_1.0.0.201904181610/tools/bin/../lib/gcc/arm-none-eabi/7.3.1/../../../../arm-none-eabi/lib/thumb/v7e-m/fpv4-sp/hard\libm.a
LOAD c:/st/stm32cubeide_1.2.0/stm32cubeide/plugins/com.st.stm32cube.ide.mcu.externaltools.gnu-tools-for-stm32.7-2018-q2-update.win32_1.0.0.201904181610/tools/bin/../lib/gcc/arm-none-eabi/7.3.1/../../../../arm-none-eabi/lib/thumb/v7e-m/fpv4-sp/hard\libc_nano.a
START GROUP
LOAD c:/st/stm32cubeide_1.2.0/stm32cubeide/plugins/com.st.stm32cube.ide.mcu.externaltools.gnu-tools-for-stm32.7-2018-q2-update.win32_1.0.0.201904181610/tools/bin/../lib/gcc/arm-none-eabi/7.3.1/thumb/v7e-m/fpv4-sp/hard\libgcc.a
LOAD c:/st/stm32cubeide_1.2.0/stm32cubeide/plugins/com.st.stm32cube.ide.mcu.externaltools.gnu-tools-for-stm32.7-2018-q2-update.win32_1.0.0.201904181610/tools/bin/../lib/gcc/arm-none-eabi/7.3.1/../../../../arm-none-eabi/lib/thumb/v7e-m/fpv4-sp/hard\libc_nano.a
END GROUP
START GROUP
LOAD c:/st/stm32cubeide_1.2.0/stm32cubeide/plugins/com.st.stm32cube.ide.mcu.externaltools.gnu-tools-for-stm32.7-2018-q2-update.win32_1.0.0.201904181610/tools/bin/../lib/gcc/arm-none-eabi/7.3.1/thumb/v7e-m/fpv4-sp/hard\libgcc.a
LOAD c:/st/stm32cubeide_1.2.0/stm32cubeide/plugins/com.st.stm32cube.ide.mcu.externaltools.gnu-tools-for-stm32.7-2018-q2-update.win32_1.0.0.201904181610/tools/bin/../lib/gcc/arm-none-eabi/7.3.1/../../../../arm-none-eabi/lib/thumb/v7e-m/fpv4-sp/hard\libc_nano.a
LOAD c:/st/stm32cubeide_1.2.0/stm32cubeide/plugins/com.st.stm32cube.ide.mcu.externaltools.gnu-tools-for-stm32.7-2018-q2-update.win32_1.0.0.201904181610/tools/bin/../lib/gcc/arm-none-eabi/7.3.1/../../../../arm-none-eabi/lib/thumb/v7e-m/fpv4-sp/hard\libnosys.a
END GROUP
START GROUP
LOAD c:/st/stm32cubeide_1.2.0/stm32cubeide/plugins/com.st.stm32cube.ide.mcu.externaltools.gnu-tools-for-stm32.7-2018-q2-update.win32_1.0.0.201904181610/tools/bin/../lib/gcc/arm-none-eabi/7.3.1/thumb/v7e-m/fpv4-sp/hard\libgcc.a
LOAD c:/st/stm32cubeide_1.2.0/stm32cubeide/plugins/com.st.stm32cube.ide.mcu.externaltools.gnu-tools-for-stm32.7-2018-q2-update.win32_1.0.0.201904181610/tools/bin/../lib/gcc/arm-none-eabi/7.3.1/../../../../arm-none-eabi/lib/thumb/v7e-m/fpv4-sp/hard\libc_nano.a
LOAD c:/st/stm32cubeide_1.2.0/stm32cubeide/plugins/com.st.stm32cube.ide.mcu.externaltools.gnu-tools-for-stm32.7-2018-q2-update.win32_1.0.0.201904181610/tools/bin/../lib/gcc/arm-none-eabi/7.3.1/../../../../arm-none-eabi/lib/thumb/v7e-m/fpv4-sp/hard\libnosys.a
END GROUP
LOAD c:/st/stm32cubeide_1.2.0/stm32cubeide/plugins/com.st.stm32cube.ide.mcu.externaltools.gnu-tools-for-stm32.7-2018-q2-update.win32_1.0.0.201904181610/tools/bin/../lib/gcc/arm-none-eabi/7.3.1/thumb/v7e-m/fpv4-sp/hard/crtend.o
LOAD c:/st/stm32cubeide_1.2.0/stm32cubeide/plugins/com.st.stm32cube.ide.mcu.externaltools.gnu-tools-for-stm32.7-2018-q2-update.win32_1.0.0.201904181610/tools/bin/../lib/gcc/arm-none-eabi/7.3.1/thumb/v7e-m/fpv4-sp/hard/crtn.o
                0x0000000020030000                _estack = (ORIGIN (RAM) + LENGTH (RAM))
                0x0000000000000200                _Min_Heap_Size = 0x200
                0x0000000000000400                _Min_Stack_Size = 0x400

.isr_vector     0x0000000008000000      0x1ac
                0x0000000008000000                . = ALIGN (0x4)
 *(.isr_vector)
 .isr_vector    0x0000000008000000      0x1ac Core\Startup\startup_stm32f427zitx.o
                0x0000000008000000                g_pfnVectors
                0x00000000080001ac                . = ALIGN (0x4)

.text           0x00000000080001b0     0x4138
                0x00000000080001b0                . = ALIGN (0x4)
 *(.text)
 .text          0x00000000080001b0       0x40 c:/st/stm32cubeide_1.2.0/stm32cubeide/plugins/com.st.stm32cube.ide.mcu.externaltools.gnu-tools-for-stm32.7-2018-q2-update.win32_1.0.0.201904181610/tools/bin/../lib/gcc/arm-none-eabi/7.3.1/thumb/v7e-m/fpv4-sp/hard/crtbegin.o
 .text          0x00000000080001f0       0x30 c:/st/stm32cubeide_1.2.0/stm32cubeide/plugins/com.st.stm32cube.ide.mcu.externaltools.gnu-tools-for-stm32.7-2018-q2-update.win32_1.0.0.201904181610/tools/bin/../lib/gcc/arm-none-eabi/7.3.1/thumb/v7e-m/fpv4-sp/hard\libgcc.a(_aeabi_uldivmod.o)
                0x00000000080001f0                __aeabi_uldivmod
 .text          0x0000000008000220      0x2cc c:/st/stm32cubeide_1.2.0/stm32cubeide/plugins/com.st.stm32cube.ide.mcu.externaltools.gnu-tools-for-stm32.7-2018-q2-update.win32_1.0.0.201904181610/tools/bin/../lib/gcc/arm-none-eabi/7.3.1/thumb/v7e-m/fpv4-sp/hard\libgcc.a(_udivmoddi4.o)
                0x0000000008000220                __udivmoddi4
 .text          0x00000000080004ec        0x4 c:/st/stm32cubeide_1.2.0/stm32cubeide/plugins/com.st.stm32cube.ide.mcu.externaltools.gnu-tools-for-stm32.7-2018-q2-update.win32_1.0.0.201904181610/tools/bin/../lib/gcc/arm-none-eabi/7.3.1/thumb/v7e-m/fpv4-sp/hard\libgcc.a(_dvmd_tls.o)
                0x00000000080004ec                __aeabi_idiv0
                0x00000000080004ec                __aeabi_ldiv0
 *(.text*)
 .text._ZN7ADC_Dev14UpdateSoftSpanEhh
                0x00000000080004f0       0x78 Core\Src\adc.o
                0x00000000080004f0                ADC_Dev::UpdateSoftSpan(unsigned char, unsigned char)
 .text._ZN11ADC_ChannelC2EP7ADC_Devt
                0x0000000008000568        0xa Core\Src\adc.o
                0x0000000008000568                ADC_Channel::ADC_Channel(ADC_Dev*, unsigned short)
                0x0000000008000568                ADC_Channel::ADC_Channel(ADC_Dev*, unsigned short)
 *fill*         0x0000000008000572        0x2 
 .text._ZN11ADC_Channel5SetupEh
                0x0000000008000574       0x64 Core\Src\adc.o
                0x0000000008000574                ADC_Channel::Setup(unsigned char)
 .text._ZN7ADC_DevC2EhhhhhP12GPIO_TypeDeft
                0x00000000080005d8       0xa8 Core\Src\adc.o
                0x00000000080005d8                ADC_Dev::ADC_Dev(unsigned char, unsigned char, unsigned char, unsigned char, unsigned char, GPIO_TypeDef*, unsigned short)
                0x00000000080005d8                ADC_Dev::ADC_Dev(unsigned char, unsigned char, unsigned char, unsigned char, unsigned char, GPIO_TypeDef*, unsigned short)
 .text._ZNSt11_Deque_baseI8WaypointSaIS0_EE16_M_destroy_nodesEPPS0_S4_
                0x0000000008000680       0x16 Core\Src\cppmain.o
                0x0000000008000680                std::_Deque_base<Waypoint, std::allocator<Waypoint> >::_M_destroy_nodes(Waypoint**, Waypoint**)
 .text._ZNSt11_Deque_baseI8WaypointSaIS0_EED2Ev
                0x0000000008000696       0x1c Core\Src\cppmain.o
                0x0000000008000696                std::_Deque_base<Waypoint, std::allocator<Waypoint> >::~_Deque_base()
                0x0000000008000696                std::_Deque_base<Waypoint, std::allocator<Waypoint> >::~_Deque_base()
 .text._ZNSt11_Deque_baseI8WaypointSaIS0_EE15_M_create_nodesEPPS0_S4_
                0x00000000080006b2       0x1a Core\Src\cppmain.o
                0x00000000080006b2                std::_Deque_base<Waypoint, std::allocator<Waypoint> >::_M_create_nodes(Waypoint**, Waypoint**)
 .text._ZNSt11_Deque_baseI8WaypointSaIS0_EE17_M_initialize_mapEj
                0x00000000080006cc       0x82 Core\Src\cppmain.o
                0x00000000080006cc                std::_Deque_base<Waypoint, std::allocator<Waypoint> >::_M_initialize_map(unsigned int)
 .text._ZNSt5dequeI8WaypointSaIS0_EE17_M_reallocate_mapEjb
                0x000000000800074e       0xf0 Core\Src\cppmain.o
                0x000000000800074e                std::deque<Waypoint, std::allocator<Waypoint> >::_M_reallocate_map(unsigned int, bool)
 .text._ZNSt5dequeI8WaypointSaIS0_EE16_M_push_back_auxIJS0_EEEvDpOT_
                0x000000000800083e       0x4c Core\Src\cppmain.o
                0x000000000800083e                void std::deque<Waypoint, std::allocator<Waypoint> >::_M_push_back_aux<Waypoint>(Waypoint&&)
 .text._ZNSt5dequeI8WaypointSaIS0_EE12emplace_backIJS0_EEEvDpOT_
                0x000000000800088a       0x26 Core\Src\cppmain.o
                0x000000000800088a                void std::deque<Waypoint, std::allocator<Waypoint> >::emplace_back<Waypoint>(Waypoint&&)
 .text.cppmain  0x00000000080008b0      0x8a8 Core\Src\cppmain.o
                0x00000000080008b0                cppmain
 .text._ZN7DAC_Dev14SendControlbitEf
                0x0000000008001158       0x90 Core\Src\dac.o
                0x0000000008001158                DAC_Dev::SendControlbit(float)
 .text._ZN7DAC_Dev20ReadControlReg_Step1Ev
                0x00000000080011e8       0x28 Core\Src\dac.o
                0x00000000080011e8                DAC_Dev::ReadControlReg_Step1()
 .text._ZN7DAC_Dev20ReadControlReg_Step2Ev
                0x0000000008001210       0x34 Core\Src\dac.o
                0x0000000008001210                DAC_Dev::ReadControlReg_Step2()
 .text._ZN7DAC_Dev5SetupEhb
                0x0000000008001244       0x74 Core\Src\dac.o
                0x0000000008001244                DAC_Dev::Setup(unsigned char, bool)
 .text._ZN15DAC_CalibrationC2Ev
                0x00000000080012b8        0x6 Core\Src\dac.o
                0x00000000080012b8                DAC_Calibration::DAC_Calibration()
                0x00000000080012b8                DAC_Calibration::DAC_Calibration()
 *fill*         0x00000000080012be        0x2 
 .text._ZN7DAC_DevC2EhhhhhP12GPIO_TypeDeftS1_t
                0x00000000080012c0       0xa8 Core\Src\dac.o
                0x00000000080012c0                DAC_Dev::DAC_Dev(unsigned char, unsigned char, unsigned char, unsigned char, unsigned char, GPIO_TypeDef*, unsigned short, GPIO_TypeDef*, unsigned short)
                0x00000000080012c0                DAC_Dev::DAC_Dev(unsigned char, unsigned char, unsigned char, unsigned char, unsigned char, GPIO_TypeDef*, unsigned short, GPIO_TypeDef*, unsigned short)
 .text._ZN15DAC_Calibration9CalibrateEffPfm
                0x0000000008001368       0x64 Core\Src\dac.o
                0x0000000008001368                DAC_Calibration::Calibrate(float, float, float*, unsigned long)
 .text._ZN7DAC_Dev9CalibrateEffPfm
                0x00000000080013cc       0x12 Core\Src\dac.o
                0x00000000080013cc                DAC_Dev::Calibrate(float, float, float*, unsigned long)
 .text._ZN7DAC_Dev11MakeDMA2WayEv
                0x00000000080013de       0x24 Core\Src\dac.o
                0x00000000080013de                DAC_Dev::MakeDMA2Way()
 .text._ZN7DAC_Dev11MakeDMA1WayEv
                0x0000000008001402       0x24 Core\Src\dac.o
                0x0000000008001402                DAC_Dev::MakeDMA1Way()
 *fill*         0x0000000008001426        0x2 
 .text._Z12turn_LED5_onv
                0x0000000008001428       0x10 Core\Src\leds.o
                0x0000000008001428                turn_LED5_on()
 .text._Z12turn_LED6_onv
                0x0000000008001438       0x10 Core\Src\leds.o
                0x0000000008001438                turn_LED6_on()
 .text._Z13turn_LED6_offv
                0x0000000008001448       0x10 Core\Src\leds.o
                0x0000000008001448                turn_LED6_off()
 .text.MX_GPIO_Init
                0x0000000008001458      0x1ec Core\Src\main.o
 .text.MX_DMA_Init
                0x0000000008001644       0xc8 Core\Src\main.o
 .text.Error_Handler
                0x000000000800170c       0x14 Core\Src\main.o
                0x000000000800170c                Error_Handler
 .text.MX_SPI1_Init
                0x0000000008001720       0x40 Core\Src\main.o
 .text.MX_SPI2_Init
                0x0000000008001760       0x40 Core\Src\main.o
 .text.MX_SPI4_Init
                0x00000000080017a0       0x3c Core\Src\main.o
 .text.MX_SPI5_Init
                0x00000000080017dc       0x44 Core\Src\main.o
 .text.MX_SPI6_Init
                0x0000000008001820       0x44 Core\Src\main.o
 .text.MX_TIM2_Init
                0x0000000008001864       0x6c Core\Src\main.o
 .text.MX_TIM3_Init
                0x00000000080018d0       0x6c Core\Src\main.o
 .text.MX_TIM4_Init
                0x000000000800193c       0x6c Core\Src\main.o
 .text.SystemClock_Config
                0x00000000080019a8       0xb8 Core\Src\main.o
                0x00000000080019a8                SystemClock_Config
 .text.main     0x0000000008001a60       0x48 Core\Src\main.o
                0x0000000008001a60                main
 .text._Z11RecordTraceP7ADC_DevbbP7DAC_Devffm
                0x0000000008001aa8       0xe8 Core\Src\misc_func.o
                0x0000000008001aa8                RecordTrace(ADC_Dev*, bool, bool, DAC_Dev*, float, float, unsigned long)
 .text._Z12Move2VoltageP7DAC_Devff
                0x0000000008001b90       0xac Core\Src\misc_func.o
                0x0000000008001b90                Move2Voltage(DAC_Dev*, float, float)
 .text._Z19RecordDetailedTraceP7ADC_DevbbP7DAC_DevP11RaspberryPimmm
                0x0000000008001c3c      0x13c Core\Src\misc_func.o
                0x0000000008001c3c                RecordDetailedTrace(ADC_Dev*, bool, bool, DAC_Dev*, RaspberryPi*, unsigned long, unsigned long, unsigned long)
 .text._Z11OptimizePIDP7ADC_DevhP7DAC_DevP11RaspberryPiP3PID
                0x0000000008001d78      0x164 Core\Src\misc_func.o
                0x0000000008001d78                OptimizePID(ADC_Dev*, unsigned char, DAC_Dev*, RaspberryPi*, PID*)
 .text._Z8SelfTestP7ADC_DevP7DAC_DevS2_P11RaspberryPi
                0x0000000008001edc      0x16c Core\Src\misc_func.o
                0x0000000008001edc                SelfTest(ADC_Dev*, DAC_Dev*, DAC_Dev*, RaspberryPi*)
 .text._ZNSt5dequeI8WaypointSaIS0_EE16_M_pop_front_auxEv
                0x0000000008002048       0x1e Core\Src\misc_func.o
                0x0000000008002048                std::deque<Waypoint, std::allocator<Waypoint> >::_M_pop_front_aux()
 *fill*         0x0000000008002066        0x2 
 .text._Z7Go2LockP7DAC_DevP7ADC_DevSt5queueI8WaypointSt5dequeIS4_SaIS4_EEEf
                0x0000000008002068      0x184 Core\Src\misc_func.o
                0x0000000008002068                Go2Lock(DAC_Dev*, ADC_Dev*, std::queue<Waypoint, std::deque<Waypoint, std::allocator<Waypoint> > >, float)
 .text._ZN15SPI_DMA_Handler6ConfigEhhhhhm
                0x00000000080021ec      0x298 Core\Src\newdma.o
                0x00000000080021ec                SPI_DMA_Handler::Config(unsigned char, unsigned char, unsigned char, unsigned char, unsigned char, unsigned long)
 .text._ZN15SPI_DMA_HandlerC2Ehhhhhm
                0x0000000008002484       0x20 Core\Src\newdma.o
                0x0000000008002484                SPI_DMA_Handler::SPI_DMA_Handler(unsigned char, unsigned char, unsigned char, unsigned char, unsigned char, unsigned long)
                0x0000000008002484                SPI_DMA_Handler::SPI_DMA_Handler(unsigned char, unsigned char, unsigned char, unsigned char, unsigned char, unsigned long)
 .text._ZN12OscilloscopeC2EP11RaspberryPiP7ADC_DevP7DAC_DevS5_
                0x00000000080024a4       0x30 Core\Src\oscilloscope.o
                0x00000000080024a4                Oscilloscope::Oscilloscope(RaspberryPi*, ADC_Dev*, DAC_Dev*, DAC_Dev*)
                0x00000000080024a4                Oscilloscope::Oscilloscope(RaspberryPi*, ADC_Dev*, DAC_Dev*, DAC_Dev*)
 .text._ZN12Oscilloscope5SetupEt
                0x00000000080024d4        0xa Core\Src\oscilloscope.o
                0x00000000080024d4                Oscilloscope::Setup(unsigned short)
 *fill*         0x00000000080024de        0x2 
 .text._ZN12Oscilloscope5SetupEff
                0x00000000080024e0       0x60 Core\Src\oscilloscope.o
                0x00000000080024e0                Oscilloscope::Setup(float, float)
 .text._ZSt12__miter_baseIPPVfEDTcl12__miter_basecldtfp_4baseEEESt13move_iteratorIT_E
                0x0000000008002540        0x2 Core\Src\oscilloscope.o
                0x0000000008002540                decltype (__miter_base(({parm#1}.base)())) std::__miter_base<float volatile**>(std::move_iterator<float volatile**>)
 .text._ZNSt6vectorIPVfSaIS1_EE17_M_realloc_insertIJS1_EEEvN9__gnu_cxx17__normal_iteratorIPS1_S3_EEDpOT_
                0x0000000008002542       0xd6 Core\Src\oscilloscope.o
                0x0000000008002542                void std::vector<float volatile*, std::allocator<float volatile*> >::_M_realloc_insert<float volatile*>(__gnu_cxx::__normal_iterator<float volatile**, std::vector<float volatile*, std::allocator<float volatile*> > >, float volatile*&&)
 .text._ZNSt6vectorIPVfSaIS1_EE12emplace_backIJS1_EEEvDpOT_
                0x0000000008002618       0x22 Core\Src\oscilloscope.o
                0x0000000008002618                void std::vector<float volatile*, std::allocator<float volatile*> >::emplace_back<float volatile*>(float volatile*&&)
 .text._ZN12Oscilloscope10AddChannelEm
                0x000000000800263a       0x62 Core\Src\oscilloscope.o
                0x000000000800263a                Oscilloscope::AddChannel(unsigned long)
 .text._ZN3PID11SetPIDParamEPf
                0x000000000800269c       0x12 Core\Src\pid.o
                0x000000000800269c                PID::SetPIDParam(float*)
 .text._ZN11RaspberryPiC2EhhhhhP12GPIO_TypeDeft
                0x00000000080026ae       0x50 Core\Src\raspberrypi.o
                0x00000000080026ae                RaspberryPi::RaspberryPi(unsigned char, unsigned char, unsigned char, unsigned char, unsigned char, GPIO_TypeDef*, unsigned short)
                0x00000000080026ae                RaspberryPi::RaspberryPi(unsigned char, unsigned char, unsigned char, unsigned char, unsigned char, GPIO_TypeDef*, unsigned short)
 *fill*         0x00000000080026fe        0x2 
 .text.HAL_MspInit
                0x0000000008002700       0x38 Core\Src\stm32f4xx_hal_msp.o
                0x0000000008002700                HAL_MspInit
 .text.HAL_SPI_MspInit
                0x0000000008002738      0x464 Core\Src\stm32f4xx_hal_msp.o
                0x0000000008002738                HAL_SPI_MspInit
 .text.HAL_TIM_Base_MspInit
                0x0000000008002b9c       0xa4 Core\Src\stm32f4xx_hal_msp.o
                0x0000000008002b9c                HAL_TIM_Base_MspInit
 .text.NMI_Handler
                0x0000000008002c40        0x2 Core\Src\stm32f4xx_it.o
                0x0000000008002c40                NMI_Handler
 .text.HardFault_Handler
                0x0000000008002c42        0x2 Core\Src\stm32f4xx_it.o
                0x0000000008002c42                HardFault_Handler
 .text.MemManage_Handler
                0x0000000008002c44        0x2 Core\Src\stm32f4xx_it.o
                0x0000000008002c44                MemManage_Handler
 .text.BusFault_Handler
                0x0000000008002c46        0x2 Core\Src\stm32f4xx_it.o
                0x0000000008002c46                BusFault_Handler
 .text.UsageFault_Handler
                0x0000000008002c48        0x2 Core\Src\stm32f4xx_it.o
                0x0000000008002c48                UsageFault_Handler
 .text.SVC_Handler
                0x0000000008002c4a        0x2 Core\Src\stm32f4xx_it.o
                0x0000000008002c4a                SVC_Handler
 .text.DebugMon_Handler
                0x0000000008002c4c        0x2 Core\Src\stm32f4xx_it.o
                0x0000000008002c4c                DebugMon_Handler
 .text.PendSV_Handler
                0x0000000008002c4e        0x2 Core\Src\stm32f4xx_it.o
                0x0000000008002c4e                PendSV_Handler
 .text.SysTick_Handler
                0x0000000008002c50        0x8 Core\Src\stm32f4xx_it.o
                0x0000000008002c50                SysTick_Handler
 .text.EXTI1_IRQHandler
                0x0000000008002c58        0xa Core\Src\stm32f4xx_it.o
                0x0000000008002c58                EXTI1_IRQHandler
 .text.EXTI9_5_IRQHandler
                0x0000000008002c62        0xa Core\Src\stm32f4xx_it.o
                0x0000000008002c62                EXTI9_5_IRQHandler
 .text.TIM4_IRQHandler
                0x0000000008002c6c       0x10 Core\Src\stm32f4xx_it.o
                0x0000000008002c6c                TIM4_IRQHandler
 .text._getpid  0x0000000008002c7c        0x4 Core\Src\syscalls.o
                0x0000000008002c7c                _getpid
 .text._kill    0x0000000008002c80       0x10 Core\Src\syscalls.o
                0x0000000008002c80                _kill
 .text._exit    0x0000000008002c90        0xc Core\Src\syscalls.o
                0x0000000008002c90                _exit
 .text._sbrk    0x0000000008002c9c       0x3c Core\Src\sysmem.o
                0x0000000008002c9c                _sbrk
 .text.SystemInit
                0x0000000008002cd8       0x4c Core\Src\system_stm32f4xx.o
                0x0000000008002cd8                SystemInit
 .text.Reset_Handler
                0x0000000008002d24       0x50 Core\Startup\startup_stm32f427zitx.o
                0x0000000008002d24                Reset_Handler
 .text.Default_Handler
                0x0000000008002d74        0x2 Core\Startup\startup_stm32f427zitx.o
                0x0000000008002d74                RTC_Alarm_IRQHandler
                0x0000000008002d74                HASH_RNG_IRQHandler
                0x0000000008002d74                EXTI2_IRQHandler
                0x0000000008002d74                TIM8_CC_IRQHandler
                0x0000000008002d74                UART8_IRQHandler
                0x0000000008002d74                SPI4_IRQHandler
                0x0000000008002d74                TIM1_CC_IRQHandler
                0x0000000008002d74                DMA1_Stream5_IRQHandler
                0x0000000008002d74                PVD_IRQHandler
                0x0000000008002d74                SDIO_IRQHandler
                0x0000000008002d74                TAMP_STAMP_IRQHandler
                0x0000000008002d74                CAN2_RX1_IRQHandler
                0x0000000008002d74                EXTI3_IRQHandler
                0x0000000008002d74                TIM8_TRG_COM_TIM14_IRQHandler
                0x0000000008002d74                TIM1_UP_TIM10_IRQHandler
                0x0000000008002d74                TIM8_UP_TIM13_IRQHandler
                0x0000000008002d74                I2C3_ER_IRQHandler
                0x0000000008002d74                EXTI0_IRQHandler
                0x0000000008002d74                I2C2_EV_IRQHandler
                0x0000000008002d74                DMA1_Stream2_IRQHandler
                0x0000000008002d74                CAN1_RX0_IRQHandler
                0x0000000008002d74                FPU_IRQHandler
                0x0000000008002d74                OTG_HS_WKUP_IRQHandler
                0x0000000008002d74                CAN2_SCE_IRQHandler
                0x0000000008002d74                SPI1_IRQHandler
                0x0000000008002d74                TIM6_DAC_IRQHandler
                0x0000000008002d74                TIM1_BRK_TIM9_IRQHandler
                0x0000000008002d74                DCMI_IRQHandler
                0x0000000008002d74                CAN2_RX0_IRQHandler
                0x0000000008002d74                USART6_IRQHandler
                0x0000000008002d74                USART3_IRQHandler
                0x0000000008002d74                CAN1_RX1_IRQHandler
                0x0000000008002d74                UART5_IRQHandler
                0x0000000008002d74                I2C1_EV_IRQHandler
                0x0000000008002d74                DMA1_Stream6_IRQHandler
                0x0000000008002d74                DMA1_Stream1_IRQHandler
                0x0000000008002d74                UART4_IRQHandler
                0x0000000008002d74                RCC_IRQHandler
                0x0000000008002d74                TIM8_BRK_TIM12_IRQHandler
                0x0000000008002d74                Default_Handler
                0x0000000008002d74                EXTI15_10_IRQHandler
                0x0000000008002d74                ADC_IRQHandler
                0x0000000008002d74                DMA1_Stream7_IRQHandler
                0x0000000008002d74                SPI5_IRQHandler
                0x0000000008002d74                TIM7_IRQHandler
                0x0000000008002d74                CAN2_TX_IRQHandler
                0x0000000008002d74                TIM5_IRQHandler
                0x0000000008002d74                DMA2_Stream7_IRQHandler
                0x0000000008002d74                I2C3_EV_IRQHandler
                0x0000000008002d74                RTC_WKUP_IRQHandler
                0x0000000008002d74                ETH_WKUP_IRQHandler
                0x0000000008002d74                SPI2_IRQHandler
                0x0000000008002d74                OTG_HS_EP1_IN_IRQHandler
                0x0000000008002d74                DMA1_Stream0_IRQHandler
                0x0000000008002d74                CAN1_TX_IRQHandler
                0x0000000008002d74                EXTI4_IRQHandler
                0x0000000008002d74                ETH_IRQHandler
                0x0000000008002d74                OTG_HS_EP1_OUT_IRQHandler
                0x0000000008002d74                WWDG_IRQHandler
                0x0000000008002d74                SPI6_IRQHandler
                0x0000000008002d74                OTG_FS_WKUP_IRQHandler
                0x0000000008002d74                TIM1_TRG_COM_TIM11_IRQHandler
                0x0000000008002d74                OTG_HS_IRQHandler
                0x0000000008002d74                DMA2D_IRQHandler
                0x0000000008002d74                UART7_IRQHandler
                0x0000000008002d74                USART2_IRQHandler
                0x0000000008002d74                I2C2_ER_IRQHandler
                0x0000000008002d74                CAN1_SCE_IRQHandler
                0x0000000008002d74                FLASH_IRQHandler
                0x0000000008002d74                USART1_IRQHandler
                0x0000000008002d74                OTG_FS_IRQHandler
                0x0000000008002d74                SPI3_IRQHandler
                0x0000000008002d74                I2C1_ER_IRQHandler
                0x0000000008002d74                FMC_IRQHandler
                0x0000000008002d74                SAI1_IRQHandler
 *fill*         0x0000000008002d76        0x2 
 .text.HAL_InitTick
                0x0000000008002d78       0x4c Drivers\STM32F4xx_HAL_Driver\Src\stm32f4xx_hal.o
                0x0000000008002d78                HAL_InitTick
 .text.HAL_Init
                0x0000000008002dc4       0x34 Drivers\STM32F4xx_HAL_Driver\Src\stm32f4xx_hal.o
                0x0000000008002dc4                HAL_Init
 .text.HAL_IncTick
                0x0000000008002df8       0x18 Drivers\STM32F4xx_HAL_Driver\Src\stm32f4xx_hal.o
                0x0000000008002df8                HAL_IncTick
 .text.HAL_GetTick
                0x0000000008002e10        0xc Drivers\STM32F4xx_HAL_Driver\Src\stm32f4xx_hal.o
                0x0000000008002e10                HAL_GetTick
 .text.HAL_Delay
                0x0000000008002e1c       0x28 Drivers\STM32F4xx_HAL_Driver\Src\stm32f4xx_hal.o
                0x0000000008002e1c                HAL_Delay
 .text.HAL_NVIC_SetPriorityGrouping
                0x0000000008002e44       0x24 Drivers\STM32F4xx_HAL_Driver\Src\stm32f4xx_hal_cortex.o
                0x0000000008002e44                HAL_NVIC_SetPriorityGrouping
 .text.HAL_NVIC_SetPriority
                0x0000000008002e68       0x68 Drivers\STM32F4xx_HAL_Driver\Src\stm32f4xx_hal_cortex.o
                0x0000000008002e68                HAL_NVIC_SetPriority
 .text.HAL_NVIC_EnableIRQ
                0x0000000008002ed0       0x1c Drivers\STM32F4xx_HAL_Driver\Src\stm32f4xx_hal_cortex.o
                0x0000000008002ed0                HAL_NVIC_EnableIRQ
 .text.HAL_SYSTICK_Config
                0x0000000008002eec       0x2c Drivers\STM32F4xx_HAL_Driver\Src\stm32f4xx_hal_cortex.o
                0x0000000008002eec                HAL_SYSTICK_Config
 .text.DMA_CalcBaseAndBitshift
                0x0000000008002f18       0x3c Drivers\STM32F4xx_HAL_Driver\Src\stm32f4xx_hal_dma.o
 .text.DMA_CheckFifoParam
                0x0000000008002f54       0x8e Drivers\STM32F4xx_HAL_Driver\Src\stm32f4xx_hal_dma.o
 *fill*         0x0000000008002fe2        0x2 
 .text.HAL_DMA_Init
                0x0000000008002fe4       0xcc Drivers\STM32F4xx_HAL_Driver\Src\stm32f4xx_hal_dma.o
                0x0000000008002fe4                HAL_DMA_Init
 .text.HAL_DMA_IRQHandler
                0x00000000080030b0      0x1dc Drivers\STM32F4xx_HAL_Driver\Src\stm32f4xx_hal_dma.o
                0x00000000080030b0                HAL_DMA_IRQHandler
 .text.HAL_GPIO_Init
                0x000000000800328c      0x1e0 Drivers\STM32F4xx_HAL_Driver\Src\stm32f4xx_hal_gpio.o
                0x000000000800328c                HAL_GPIO_Init
 .text.HAL_GPIO_ReadPin
                0x000000000800346c        0xe Drivers\STM32F4xx_HAL_Driver\Src\stm32f4xx_hal_gpio.o
                0x000000000800346c                HAL_GPIO_ReadPin
 .text.HAL_GPIO_WritePin
                0x000000000800347a        0xc Drivers\STM32F4xx_HAL_Driver\Src\stm32f4xx_hal_gpio.o
                0x000000000800347a                HAL_GPIO_WritePin
 *fill*         0x0000000008003486        0x2 
 .text.HAL_GPIO_EXTI_IRQHandler
                0x0000000008003488       0x1c Drivers\STM32F4xx_HAL_Driver\Src\stm32f4xx_hal_gpio.o
                0x0000000008003488                HAL_GPIO_EXTI_IRQHandler
 .text.HAL_PWREx_EnableOverDrive
                0x00000000080034a4       0x80 Drivers\STM32F4xx_HAL_Driver\Src\stm32f4xx_hal_pwr_ex.o
                0x00000000080034a4                HAL_PWREx_EnableOverDrive
 .text.HAL_RCC_OscConfig
                0x0000000008003524      0x398 Drivers\STM32F4xx_HAL_Driver\Src\stm32f4xx_hal_rcc.o
                0x0000000008003524                HAL_RCC_OscConfig
 .text.HAL_RCC_GetSysClockFreq
                0x00000000080038bc       0xa8 Drivers\STM32F4xx_HAL_Driver\Src\stm32f4xx_hal_rcc.o
                0x00000000080038bc                HAL_RCC_GetSysClockFreq
 .text.HAL_RCC_ClockConfig
                0x0000000008003964      0x158 Drivers\STM32F4xx_HAL_Driver\Src\stm32f4xx_hal_rcc.o
                0x0000000008003964                HAL_RCC_ClockConfig
 .text.HAL_SPI_Init
                0x0000000008003abc       0x80 Drivers\STM32F4xx_HAL_Driver\Src\stm32f4xx_hal_spi.o
                0x0000000008003abc                HAL_SPI_Init
 .text.HAL_SPI_RxCpltCallback
                0x0000000008003b3c        0x2 Drivers\STM32F4xx_HAL_Driver\Src\stm32f4xx_hal_spi.o
                0x0000000008003b3c                HAL_SPI_RxCpltCallback
 .text.TIM_TI1_ConfigInputStage
                0x0000000008003b3e       0x26 Drivers\STM32F4xx_HAL_Driver\Src\stm32f4xx_hal_tim.o
 .text.TIM_TI2_ConfigInputStage
                0x0000000008003b64       0x28 Drivers\STM32F4xx_HAL_Driver\Src\stm32f4xx_hal_tim.o
 .text.TIM_ITRx_SetConfig
                0x0000000008003b8c       0x10 Drivers\STM32F4xx_HAL_Driver\Src\stm32f4xx_hal_tim.o
 .text.HAL_TIM_OC_DelayElapsedCallback
                0x0000000008003b9c        0x2 Drivers\STM32F4xx_HAL_Driver\Src\stm32f4xx_hal_tim.o
                0x0000000008003b9c                HAL_TIM_OC_DelayElapsedCallback
 .text.HAL_TIM_IC_CaptureCallback
                0x0000000008003b9e        0x2 Drivers\STM32F4xx_HAL_Driver\Src\stm32f4xx_hal_tim.o
                0x0000000008003b9e                HAL_TIM_IC_CaptureCallback
 .text.HAL_TIM_PWM_PulseFinishedCallback
                0x0000000008003ba0        0x2 Drivers\STM32F4xx_HAL_Driver\Src\stm32f4xx_hal_tim.o
                0x0000000008003ba0                HAL_TIM_PWM_PulseFinishedCallback
 .text.HAL_TIM_TriggerCallback
                0x0000000008003ba2        0x2 Drivers\STM32F4xx_HAL_Driver\Src\stm32f4xx_hal_tim.o
                0x0000000008003ba2                HAL_TIM_TriggerCallback
 .text.HAL_TIM_IRQHandler
                0x0000000008003ba4      0x17a Drivers\STM32F4xx_HAL_Driver\Src\stm32f4xx_hal_tim.o
                0x0000000008003ba4                HAL_TIM_IRQHandler
 *fill*         0x0000000008003d1e        0x2 
 .text.TIM_Base_SetConfig
                0x0000000008003d20       0xc8 Drivers\STM32F4xx_HAL_Driver\Src\stm32f4xx_hal_tim.o
                0x0000000008003d20                TIM_Base_SetConfig
 .text.HAL_TIM_Base_Init
                0x0000000008003de8       0x32 Drivers\STM32F4xx_HAL_Driver\Src\stm32f4xx_hal_tim.o
                0x0000000008003de8                HAL_TIM_Base_Init
 .text.TIM_ETR_SetConfig
                0x0000000008003e1a       0x18 Drivers\STM32F4xx_HAL_Driver\Src\stm32f4xx_hal_tim.o
                0x0000000008003e1a                TIM_ETR_SetConfig
 .text.HAL_TIM_ConfigClockSource
                0x0000000008003e32       0xda Drivers\STM32F4xx_HAL_Driver\Src\stm32f4xx_hal_tim.o
                0x0000000008003e32                HAL_TIM_ConfigClockSource
 .text.HAL_TIMEx_MasterConfigSynchronization
                0x0000000008003f0c       0x46 Drivers\STM32F4xx_HAL_Driver\Src\stm32f4xx_hal_tim_ex.o
                0x0000000008003f0c                HAL_TIMEx_MasterConfigSynchronization
 .text.HAL_TIMEx_CommutCallback
                0x0000000008003f52        0x2 Drivers\STM32F4xx_HAL_Driver\Src\stm32f4xx_hal_tim_ex.o
                0x0000000008003f52                HAL_TIMEx_CommutCallback
 .text.HAL_TIMEx_BreakCallback
                0x0000000008003f54        0x2 Drivers\STM32F4xx_HAL_Driver\Src\stm32f4xx_hal_tim_ex.o
                0x0000000008003f54                HAL_TIMEx_BreakCallback
 .text._Znaj    0x0000000008003f56        0x4 c:/st/stm32cubeide_1.2.0/stm32cubeide/plugins/com.st.stm32cube.ide.mcu.externaltools.gnu-tools-for-stm32.7-2018-q2-update.win32_1.0.0.201904181610/tools/bin/../lib/gcc/arm-none-eabi/7.3.1/../../../../arm-none-eabi/lib/thumb/v7e-m/fpv4-sp/hard\libstdc++_nano.a(new_opv.o)
                0x0000000008003f56                operator new[](unsigned int)
 .text._ZdlPvj  0x0000000008003f5a        0x4 c:/st/stm32cubeide_1.2.0/stm32cubeide/plugins/com.st.stm32cube.ide.mcu.externaltools.gnu-tools-for-stm32.7-2018-q2-update.win32_1.0.0.201904181610/tools/bin/../lib/gcc/arm-none-eabi/7.3.1/../../../../arm-none-eabi/lib/thumb/v7e-m/fpv4-sp/hard\libstdc++_nano.a(del_ops.o)
                0x0000000008003f5a                operator delete(void*, unsigned int)
 .text._Znwj    0x0000000008003f5e       0x22 c:/st/stm32cubeide_1.2.0/stm32cubeide/plugins/com.st.stm32cube.ide.mcu.externaltools.gnu-tools-for-stm32.7-2018-q2-update.win32_1.0.0.201904181610/tools/bin/../lib/gcc/arm-none-eabi/7.3.1/../../../../arm-none-eabi/lib/thumb/v7e-m/fpv4-sp/hard\libstdc++_nano.a(new_op.o)
                0x0000000008003f5e                operator new(unsigned int)
 .text._ZSt15get_new_handlerv
                0x0000000008003f80       0x10 c:/st/stm32cubeide_1.2.0/stm32cubeide/plugins/com.st.stm32cube.ide.mcu.externaltools.gnu-tools-for-stm32.7-2018-q2-update.win32_1.0.0.201904181610/tools/bin/../lib/gcc/arm-none-eabi/7.3.1/../../../../arm-none-eabi/lib/thumb/v7e-m/fpv4-sp/hard\libstdc++_nano.a(new_handler.o)
                0x0000000008003f80                std::get_new_handler()
 .text._ZdlPv   0x0000000008003f90        0x4 c:/st/stm32cubeide_1.2.0/stm32cubeide/plugins/com.st.stm32cube.ide.mcu.externaltools.gnu-tools-for-stm32.7-2018-q2-update.win32_1.0.0.201904181610/tools/bin/../lib/gcc/arm-none-eabi/7.3.1/../../../../arm-none-eabi/lib/thumb/v7e-m/fpv4-sp/hard\libstdc++_nano.a(del_op.o)
                0x0000000008003f90                operator delete(void*)
 .text._ZSt17__throw_bad_allocv
                0x0000000008003f94        0x6 c:/st/stm32cubeide_1.2.0/stm32cubeide/plugins/com.st.stm32cube.ide.mcu.externaltools.gnu-tools-for-stm32.7-2018-q2-update.win32_1.0.0.201904181610/tools/bin/../lib/gcc/arm-none-eabi/7.3.1/../../../../arm-none-eabi/lib/thumb/v7e-m/fpv4-sp/hard\libstdc++_nano.a(functexcept.o)
                0x0000000008003f94                std::__throw_bad_alloc()
 .text.abort    0x0000000008003f9a        0xe c:/st/stm32cubeide_1.2.0/stm32cubeide/plugins/com.st.stm32cube.ide.mcu.externaltools.gnu-tools-for-stm32.7-2018-q2-update.win32_1.0.0.201904181610/tools/bin/../lib/gcc/arm-none-eabi/7.3.1/../../../../arm-none-eabi/lib/thumb/v7e-m/fpv4-sp/hard\libc_nano.a(lib_a-abort.o)
                0x0000000008003f9a                abort
 .text.__errno  0x0000000008003fa8        0xc c:/st/stm32cubeide_1.2.0/stm32cubeide/plugins/com.st.stm32cube.ide.mcu.externaltools.gnu-tools-for-stm32.7-2018-q2-update.win32_1.0.0.201904181610/tools/bin/../lib/gcc/arm-none-eabi/7.3.1/../../../../arm-none-eabi/lib/thumb/v7e-m/fpv4-sp/hard\libc_nano.a(lib_a-errno.o)
                0x0000000008003fa8                __errno
 .text.__libc_init_array
                0x0000000008003fb4       0x48 c:/st/stm32cubeide_1.2.0/stm32cubeide/plugins/com.st.stm32cube.ide.mcu.externaltools.gnu-tools-for-stm32.7-2018-q2-update.win32_1.0.0.201904181610/tools/bin/../lib/gcc/arm-none-eabi/7.3.1/../../../../arm-none-eabi/lib/thumb/v7e-m/fpv4-sp/hard\libc_nano.a(lib_a-init.o)
                0x0000000008003fb4                __libc_init_array
 .text.malloc   0x0000000008003ffc       0x10 c:/st/stm32cubeide_1.2.0/stm32cubeide/plugins/com.st.stm32cube.ide.mcu.externaltools.gnu-tools-for-stm32.7-2018-q2-update.win32_1.0.0.201904181610/tools/bin/../lib/gcc/arm-none-eabi/7.3.1/../../../../arm-none-eabi/lib/thumb/v7e-m/fpv4-sp/hard\libc_nano.a(lib_a-malloc.o)
                0x0000000008003ffc                malloc
 .text.free     0x000000000800400c       0x10 c:/st/stm32cubeide_1.2.0/stm32cubeide/plugins/com.st.stm32cube.ide.mcu.externaltools.gnu-tools-for-stm32.7-2018-q2-update.win32_1.0.0.201904181610/tools/bin/../lib/gcc/arm-none-eabi/7.3.1/../../../../arm-none-eabi/lib/thumb/v7e-m/fpv4-sp/hard\libc_nano.a(lib_a-malloc.o)
                0x000000000800400c                free
 .text.memmove  0x000000000800401c       0x32 c:/st/stm32cubeide_1.2.0/stm32cubeide/plugins/com.st.stm32cube.ide.mcu.externaltools.gnu-tools-for-stm32.7-2018-q2-update.win32_1.0.0.201904181610/tools/bin/../lib/gcc/arm-none-eabi/7.3.1/../../../../arm-none-eabi/lib/thumb/v7e-m/fpv4-sp/hard\libc_nano.a(lib_a-memmove.o)
                0x000000000800401c                memmove
 .text.memset   0x000000000800404e       0x10 c:/st/stm32cubeide_1.2.0/stm32cubeide/plugins/com.st.stm32cube.ide.mcu.externaltools.gnu-tools-for-stm32.7-2018-q2-update.win32_1.0.0.201904181610/tools/bin/../lib/gcc/arm-none-eabi/7.3.1/../../../../arm-none-eabi/lib/thumb/v7e-m/fpv4-sp/hard\libc_nano.a(lib_a-memset.o)
                0x000000000800404e                memset
 *fill*         0x000000000800405e        0x2 
 .text._free_r  0x0000000008004060       0x9c c:/st/stm32cubeide_1.2.0/stm32cubeide/plugins/com.st.stm32cube.ide.mcu.externaltools.gnu-tools-for-stm32.7-2018-q2-update.win32_1.0.0.201904181610/tools/bin/../lib/gcc/arm-none-eabi/7.3.1/../../../../arm-none-eabi/lib/thumb/v7e-m/fpv4-sp/hard\libc_nano.a(lib_a-nano-freer.o)
                0x0000000008004060                _free_r
 .text._malloc_r
                0x00000000080040fc       0xb4 c:/st/stm32cubeide_1.2.0/stm32cubeide/plugins/com.st.stm32cube.ide.mcu.externaltools.gnu-tools-for-stm32.7-2018-q2-update.win32_1.0.0.201904181610/tools/bin/../lib/gcc/arm-none-eabi/7.3.1/../../../../arm-none-eabi/lib/thumb/v7e-m/fpv4-sp/hard\libc_nano.a(lib_a-nano-mallocr.o)
                0x00000000080040fc                _malloc_r
 .text._sbrk_r  0x00000000080041b0       0x20 c:/st/stm32cubeide_1.2.0/stm32cubeide/plugins/com.st.stm32cube.ide.mcu.externaltools.gnu-tools-for-stm32.7-2018-q2-update.win32_1.0.0.201904181610/tools/bin/../lib/gcc/arm-none-eabi/7.3.1/../../../../arm-none-eabi/lib/thumb/v7e-m/fpv4-sp/hard\libc_nano.a(lib_a-sbrkr.o)
                0x00000000080041b0                _sbrk_r
 .text._raise_r
                0x00000000080041d0       0x50 c:/st/stm32cubeide_1.2.0/stm32cubeide/plugins/com.st.stm32cube.ide.mcu.externaltools.gnu-tools-for-stm32.7-2018-q2-update.win32_1.0.0.201904181610/tools/bin/../lib/gcc/arm-none-eabi/7.3.1/../../../../arm-none-eabi/lib/thumb/v7e-m/fpv4-sp/hard\libc_nano.a(lib_a-signal.o)
                0x00000000080041d0                _raise_r
 .text.raise    0x0000000008004220       0x10 c:/st/stm32cubeide_1.2.0/stm32cubeide/plugins/com.st.stm32cube.ide.mcu.externaltools.gnu-tools-for-stm32.7-2018-q2-update.win32_1.0.0.201904181610/tools/bin/../lib/gcc/arm-none-eabi/7.3.1/../../../../arm-none-eabi/lib/thumb/v7e-m/fpv4-sp/hard\libc_nano.a(lib_a-signal.o)
                0x0000000008004220                raise
 .text._kill_r  0x0000000008004230       0x24 c:/st/stm32cubeide_1.2.0/stm32cubeide/plugins/com.st.stm32cube.ide.mcu.externaltools.gnu-tools-for-stm32.7-2018-q2-update.win32_1.0.0.201904181610/tools/bin/../lib/gcc/arm-none-eabi/7.3.1/../../../../arm-none-eabi/lib/thumb/v7e-m/fpv4-sp/hard\libc_nano.a(lib_a-signalr.o)
                0x0000000008004230                _kill_r
 .text._getpid_r
                0x0000000008004254        0x4 c:/st/stm32cubeide_1.2.0/stm32cubeide/plugins/com.st.stm32cube.ide.mcu.externaltools.gnu-tools-for-stm32.7-2018-q2-update.win32_1.0.0.201904181610/tools/bin/../lib/gcc/arm-none-eabi/7.3.1/../../../../arm-none-eabi/lib/thumb/v7e-m/fpv4-sp/hard\libc_nano.a(lib_a-signalr.o)
                0x0000000008004254                _getpid_r
 .text.__malloc_lock
                0x0000000008004258        0x2 c:/st/stm32cubeide_1.2.0/stm32cubeide/plugins/com.st.stm32cube.ide.mcu.externaltools.gnu-tools-for-stm32.7-2018-q2-update.win32_1.0.0.201904181610/tools/bin/../lib/gcc/arm-none-eabi/7.3.1/../../../../arm-none-eabi/lib/thumb/v7e-m/fpv4-sp/hard\libc_nano.a(lib_a-mlock.o)
                0x0000000008004258                __malloc_lock
 .text.__malloc_unlock
                0x000000000800425a        0x2 c:/st/stm32cubeide_1.2.0/stm32cubeide/plugins/com.st.stm32cube.ide.mcu.externaltools.gnu-tools-for-stm32.7-2018-q2-update.win32_1.0.0.201904181610/tools/bin/../lib/gcc/arm-none-eabi/7.3.1/../../../../arm-none-eabi/lib/thumb/v7e-m/fpv4-sp/hard\libc_nano.a(lib_a-mlock.o)
                0x000000000800425a                __malloc_unlock
 *(.glue_7)
 .glue_7        0x000000000800425c        0x0 linker stubs
 *(.glue_7t)
 .glue_7t       0x000000000800425c        0x0 linker stubs
 *(.eh_frame)
 .eh_frame      0x000000000800425c        0x0 c:/st/stm32cubeide_1.2.0/stm32cubeide/plugins/com.st.stm32cube.ide.mcu.externaltools.gnu-tools-for-stm32.7-2018-q2-update.win32_1.0.0.201904181610/tools/bin/../lib/gcc/arm-none-eabi/7.3.1/thumb/v7e-m/fpv4-sp/hard/crtbegin.o
 *(.init)
 .init          0x000000000800425c        0x4 c:/st/stm32cubeide_1.2.0/stm32cubeide/plugins/com.st.stm32cube.ide.mcu.externaltools.gnu-tools-for-stm32.7-2018-q2-update.win32_1.0.0.201904181610/tools/bin/../lib/gcc/arm-none-eabi/7.3.1/thumb/v7e-m/fpv4-sp/hard/crti.o
                0x000000000800425c                _init
 .init          0x0000000008004260        0x8 c:/st/stm32cubeide_1.2.0/stm32cubeide/plugins/com.st.stm32cube.ide.mcu.externaltools.gnu-tools-for-stm32.7-2018-q2-update.win32_1.0.0.201904181610/tools/bin/../lib/gcc/arm-none-eabi/7.3.1/thumb/v7e-m/fpv4-sp/hard/crtn.o
 *(.fini)
 .fini          0x0000000008004268        0x4 c:/st/stm32cubeide_1.2.0/stm32cubeide/plugins/com.st.stm32cube.ide.mcu.externaltools.gnu-tools-for-stm32.7-2018-q2-update.win32_1.0.0.201904181610/tools/bin/../lib/gcc/arm-none-eabi/7.3.1/thumb/v7e-m/fpv4-sp/hard/crti.o
                0x0000000008004268                _fini
 .fini          0x000000000800426c        0x8 c:/st/stm32cubeide_1.2.0/stm32cubeide/plugins/com.st.stm32cube.ide.mcu.externaltools.gnu-tools-for-stm32.7-2018-q2-update.win32_1.0.0.201904181610/tools/bin/../lib/gcc/arm-none-eabi/7.3.1/thumb/v7e-m/fpv4-sp/hard/crtn.o
 *fill*         0x0000000008004274        0x4 
 .fini.__stub   0x0000000008004278       0x70 linker stubs
                0x00000000080042e8                . = ALIGN (0x4)
                0x00000000080042e8                _etext = .

.vfp11_veneer   0x00000000080042e8        0x0
 .vfp11_veneer  0x00000000080042e8        0x0 linker stubs

.v4_bx          0x00000000080042e8        0x0
 .v4_bx         0x00000000080042e8        0x0 linker stubs

.iplt           0x00000000080042e8        0x0
 .iplt          0x00000000080042e8        0x0 c:/st/stm32cubeide_1.2.0/stm32cubeide/plugins/com.st.stm32cube.ide.mcu.externaltools.gnu-tools-for-stm32.7-2018-q2-update.win32_1.0.0.201904181610/tools/bin/../lib/gcc/arm-none-eabi/7.3.1/thumb/v7e-m/fpv4-sp/hard/crtbegin.o

.sram_func      0x0000000020000000      0x908 load address 0x00000000080042e8
                0x0000000020000000                __sram_func_start = .
 *(sram_func)
 sram_func      0x0000000020000000      0x102 Core\Src\adc.o
                0x0000000020000000                ADC_Dev::Read()
                0x0000000020000048                ADC_Channel::GetFloat()
                0x000000002000004e                ADC_Channel::GetInt()
                0x0000000020000054                ADC_Channel::SetInput(short)
                0x00000000200000ce                ADC_Dev::Callback()
 *fill*         0x0000000020000102        0x2 
 sram_func      0x0000000020000104       0xd8 Core\Src\cppmain.o
                0x0000000020000104                HAL_TIM_PeriodElapsedCallback
                0x0000000020000106                HAL_GPIO_EXTI_Callback
                0x0000000020000178                DMA2_Stream4_IRQHandler
                0x0000000020000188                DMA2_Stream5_IRQHandler
                0x0000000020000198                DMA2_Stream2_IRQHandler
                0x00000000200001b4                DMA2_Stream3_IRQHandler
                0x00000000200001b6                DMA2_Stream0_IRQHandler
                0x00000000200001d8                DMA2_Stream1_IRQHandler
                0x00000000200001da                DMA2_Stream6_IRQHandler
 sram_func      0x00000000200001dc      0x128 Core\Src\dac.o
                0x00000000200001dc                DAC_Dev::WriteInt(long)
                0x0000000020000216                DAC_Dev::Callback()
                0x000000002000022c                DAC_Calibration::ApplyCalibration(float)
                0x000000002000027e                DAC_Dev::WriteFloat(float)
 sram_func      0x0000000020000304       0x1c Core\Src\misc_func.o
                0x0000000020000304                DigitalOutHigh()
                0x0000000020000314                DigitalOutLow()
 sram_func      0x0000000020000320       0x8a Core\Src\newdma.o
                0x0000000020000320                SPI_DMA_Handler::Transfer(unsigned char*, unsigned char*, unsigned short)
                0x0000000020000362                SPI_DMA_Handler::Callback()
 *fill*         0x00000000200003aa        0x2 
 sram_func      0x00000000200003ac      0x2c8 Core\Src\oscilloscope.o
                0x00000000200003ac                Oscilloscope::Input(float)
                0x0000000020000470                Oscilloscope::Input(float, float)
                0x0000000020000544                Oscilloscope::Input()
                0x00000000200005ec                Oscilloscope::InputBurst()
 sram_func      0x0000000020000674      0x146 Core\Src\pid.o
                0x0000000020000674                PID::CalculateFeedback(float, float)
                0x00000000200006f8                PID::CalculateFeedback(float)
                0x000000002000070c                PID::CalculateLimitedFeedback(float, float)
 sram_func      0x00000000200007ba       0xa6 Core\Src\raspberrypi.o
                0x00000000200007ba                RaspberryPi::Callback()
                0x00000000200007ca                RaspberryPi::SetIntPin()
                0x00000000200007d2                RaspberryPi::Transfer(unsigned char*, unsigned char*, unsigned long)
                0x0000000020000814                RaspberryPi::Write(unsigned char*, unsigned long)
                0x0000000020000836                RaspberryPi::Read(unsigned char*, unsigned long)
                0x0000000020000856                RaspberryPi::ResetIntPin()
 sram_func      0x0000000020000860       0x68 Core\Src\stm32f4xx_it.o
                0x0000000020000860                DMA1_Stream3_IRQHandler
                0x0000000020000898                DMA1_Stream4_IRQHandler
                0x00000000200008a8                TIM2_IRQHandler
                0x00000000200008b8                TIM3_IRQHandler
 sram_func.__stub
                0x00000000200008c8       0x40 linker stubs
                0x0000000020000908                . = ALIGN (0x4)
                0x0000000020000908                __sram_func_end = .
                0x00000000080042e8                __sram_func_loadaddr = LOADADDR (.sram_func)

.user_data      0x00000000081e0000       0x10
                0x00000000081e0000                . = ALIGN (0x4)
 *(.user_data)
 .user_data     0x00000000081e0000       0x10 Core\Src\cppmain.o
                0x00000000081e0000                SavedSettings
                0x00000000081e0010                . = ALIGN (0x4)

.rodata         0x0000000008004bf0       0x18
                0x0000000008004bf0                . = ALIGN (0x4)
 *(.rodata)
 *(.rodata*)
 .rodata.AHBPrescTable
                0x0000000008004bf0       0x10 Core\Src\system_stm32f4xx.o
                0x0000000008004bf0                AHBPrescTable
 .rodata.flagBitshiftOffset.8214
                0x0000000008004c00        0x8 Drivers\STM32F4xx_HAL_Driver\Src\stm32f4xx_hal_dma.o
                0x0000000008004c08                . = ALIGN (0x4)

.ARM.extab      0x0000000008004c08        0x0
                0x0000000008004c08                . = ALIGN (0x4)
 *(.ARM.extab* .gnu.linkonce.armextab.*)
                0x0000000008004c08                . = ALIGN (0x4)

.ARM            0x0000000008004c08        0x8
                0x0000000008004c08                . = ALIGN (0x4)
                0x0000000008004c08                __exidx_start = .
 *(.ARM.exidx*)
 .ARM.exidx     0x0000000008004c08        0x8 c:/st/stm32cubeide_1.2.0/stm32cubeide/plugins/com.st.stm32cube.ide.mcu.externaltools.gnu-tools-for-stm32.7-2018-q2-update.win32_1.0.0.201904181610/tools/bin/../lib/gcc/arm-none-eabi/7.3.1/thumb/v7e-m/fpv4-sp/hard\libgcc.a(_udivmoddi4.o)
                0x0000000008004c10                __exidx_end = .
                0x0000000008004c10                . = ALIGN (0x4)

.rel.dyn        0x0000000008004c10        0x0
 .rel.iplt      0x0000000008004c10        0x0 c:/st/stm32cubeide_1.2.0/stm32cubeide/plugins/com.st.stm32cube.ide.mcu.externaltools.gnu-tools-for-stm32.7-2018-q2-update.win32_1.0.0.201904181610/tools/bin/../lib/gcc/arm-none-eabi/7.3.1/thumb/v7e-m/fpv4-sp/hard/crtbegin.o

.preinit_array  0x0000000008004c10        0x0
                0x0000000008004c10                . = ALIGN (0x4)
                0x0000000008004c10                PROVIDE (__preinit_array_start = .)
 *(.preinit_array*)
                0x0000000008004c10                PROVIDE (__preinit_array_end = .)
                0x0000000008004c10                . = ALIGN (0x4)

.init_array     0x0000000008004c10        0x4
                0x0000000008004c10                . = ALIGN (0x4)
                0x0000000008004c10                PROVIDE (__init_array_start = .)
 *(SORT_BY_NAME(.init_array.*))
 *(.init_array*)
 .init_array    0x0000000008004c10        0x4 c:/st/stm32cubeide_1.2.0/stm32cubeide/plugins/com.st.stm32cube.ide.mcu.externaltools.gnu-tools-for-stm32.7-2018-q2-update.win32_1.0.0.201904181610/tools/bin/../lib/gcc/arm-none-eabi/7.3.1/thumb/v7e-m/fpv4-sp/hard/crtbegin.o
                0x0000000008004c14                PROVIDE (__init_array_end = .)
                0x0000000008004c14                . = ALIGN (0x4)

.fini_array     0x0000000008004c14        0x4
                0x0000000008004c14                . = ALIGN (0x4)
                [!provide]                        PROVIDE (__fini_array_start = .)
 *(SORT_BY_NAME(.fini_array.*))
 *(.fini_array*)
 .fini_array    0x0000000008004c14        0x4 c:/st/stm32cubeide_1.2.0/stm32cubeide/plugins/com.st.stm32cube.ide.mcu.externaltools.gnu-tools-for-stm32.7-2018-q2-update.win32_1.0.0.201904181610/tools/bin/../lib/gcc/arm-none-eabi/7.3.1/thumb/v7e-m/fpv4-sp/hard/crtbegin.o
                [!provide]                        PROVIDE (__fini_array_end = .)
                0x0000000008004c18                . = ALIGN (0x4)
                0x0000000008004c18                _sidata = LOADADDR (.data)

.data           0x0000000020000908       0x70 load address 0x0000000008004c18
                0x0000000020000908                . = ALIGN (0x4)
                0x0000000020000908                _sdata = .
 *(.data)
 *(.data*)
 .data.SystemCoreClock
                0x0000000020000908        0x4 Core\Src\system_stm32f4xx.o
                0x0000000020000908                SystemCoreClock
 .data.uwTickFreq
                0x000000002000090c        0x1 Drivers\STM32F4xx_HAL_Driver\Src\stm32f4xx_hal.o
                0x000000002000090c                uwTickFreq
 *fill*         0x000000002000090d        0x3 
 .data.uwTickPrio
                0x0000000020000910        0x4 Drivers\STM32F4xx_HAL_Driver\Src\stm32f4xx_hal.o
                0x0000000020000910                uwTickPrio
 .data._impure_ptr
                0x0000000020000914        0x4 c:/st/stm32cubeide_1.2.0/stm32cubeide/plugins/com.st.stm32cube.ide.mcu.externaltools.gnu-tools-for-stm32.7-2018-q2-update.win32_1.0.0.201904181610/tools/bin/../lib/gcc/arm-none-eabi/7.3.1/../../../../arm-none-eabi/lib/thumb/v7e-m/fpv4-sp/hard\libc_nano.a(lib_a-impure.o)
                0x0000000020000914                _impure_ptr
 .data.impure_data
                0x0000000020000918       0x60 c:/st/stm32cubeide_1.2.0/stm32cubeide/plugins/com.st.stm32cube.ide.mcu.externaltools.gnu-tools-for-stm32.7-2018-q2-update.win32_1.0.0.201904181610/tools/bin/../lib/gcc/arm-none-eabi/7.3.1/../../../../arm-none-eabi/lib/thumb/v7e-m/fpv4-sp/hard\libc_nano.a(lib_a-impure.o)
                0x0000000020000978                . = ALIGN (0x4)
                0x0000000020000978                _edata = .

.igot.plt       0x0000000020000978        0x0 load address 0x0000000008004c88
 .igot.plt      0x0000000020000978        0x0 c:/st/stm32cubeide_1.2.0/stm32cubeide/plugins/com.st.stm32cube.ide.mcu.externaltools.gnu-tools-for-stm32.7-2018-q2-update.win32_1.0.0.201904181610/tools/bin/../lib/gcc/arm-none-eabi/7.3.1/thumb/v7e-m/fpv4-sp/hard/crtbegin.o
                0x0000000020000978                . = ALIGN (0x4)

.bss            0x0000000020000978      0x688 load address 0x0000000008004c88
                0x0000000020000978                _sbss = .
                0x0000000020000978                __bss_start__ = _sbss
 *(.bss)
 .bss           0x0000000020000978       0x1c c:/st/stm32cubeide_1.2.0/stm32cubeide/plugins/com.st.stm32cube.ide.mcu.externaltools.gnu-tools-for-stm32.7-2018-q2-update.win32_1.0.0.201904181610/tools/bin/../lib/gcc/arm-none-eabi/7.3.1/thumb/v7e-m/fpv4-sp/hard/crtbegin.o
 *(.bss*)
 .bss.ADC_DEV   0x0000000020000994        0x4 Core\Src\cppmain.o
                0x0000000020000994                ADC_DEV
 .bss.DAC_1     0x0000000020000998        0x4 Core\Src\cppmain.o
                0x0000000020000998                DAC_1
 .bss.DAC_2     0x000000002000099c        0x4 Core\Src\cppmain.o
                0x000000002000099c                DAC_2
 .bss.PIDLoop   0x00000000200009a0        0x4 Core\Src\cppmain.o
                0x00000000200009a0                PIDLoop
 .bss.PIDLoop2  0x00000000200009a4        0x4 Core\Src\cppmain.o
                0x00000000200009a4                PIDLoop2
 .bss.RPi       0x00000000200009a8        0x4 Core\Src\cppmain.o
                0x00000000200009a8                RPi
 .bss.locking   0x00000000200009ac        0x1 Core\Src\cppmain.o
                0x00000000200009ac                locking
 .bss.new_RPi_input
                0x00000000200009ad        0x1 Core\Src\cppmain.o
                0x00000000200009ad                new_RPi_input
 .bss.new_data  0x00000000200009ae        0x1 Core\Src\cppmain.o
                0x00000000200009ae                new_data
 *fill*         0x00000000200009af        0x1 
 .bss.heap_end.6424
                0x00000000200009b0        0x4 Core\Src\sysmem.o
 .bss._ZN12_GLOBAL__N_113__new_handlerE
                0x00000000200009b4        0x4 c:/st/stm32cubeide_1.2.0/stm32cubeide/plugins/com.st.stm32cube.ide.mcu.externaltools.gnu-tools-for-stm32.7-2018-q2-update.win32_1.0.0.201904181610/tools/bin/../lib/gcc/arm-none-eabi/7.3.1/../../../../arm-none-eabi/lib/thumb/v7e-m/fpv4-sp/hard\libstdc++_nano.a(new_handler.o)
 .bss.__malloc_free_list
                0x00000000200009b8        0x4 c:/st/stm32cubeide_1.2.0/stm32cubeide/plugins/com.st.stm32cube.ide.mcu.externaltools.gnu-tools-for-stm32.7-2018-q2-update.win32_1.0.0.201904181610/tools/bin/../lib/gcc/arm-none-eabi/7.3.1/../../../../arm-none-eabi/lib/thumb/v7e-m/fpv4-sp/hard\libc_nano.a(lib_a-nano-mallocr.o)
                0x00000000200009b8                __malloc_free_list
 .bss.__malloc_sbrk_start
                0x00000000200009bc        0x4 c:/st/stm32cubeide_1.2.0/stm32cubeide/plugins/com.st.stm32cube.ide.mcu.externaltools.gnu-tools-for-stm32.7-2018-q2-update.win32_1.0.0.201904181610/tools/bin/../lib/gcc/arm-none-eabi/7.3.1/../../../../arm-none-eabi/lib/thumb/v7e-m/fpv4-sp/hard\libc_nano.a(lib_a-nano-mallocr.o)
                0x00000000200009bc                __malloc_sbrk_start
 *(COMMON)
 COMMON         0x00000000200009c0      0x638 Core\Src\main.o
                0x00000000200009c0                hspi2
                0x0000000020000a18                hspi5
                0x0000000020000a70                htim4
                0x0000000020000ab0                hdma_spi5_rx
                0x0000000020000b10                hdma_spi2_rx
                0x0000000020000b70                hdma_spi4_rx
                0x0000000020000bd0                hspi6
                0x0000000020000c28                htim3
                0x0000000020000c68                hdma_spi4_tx
                0x0000000020000cc8                hspi4
                0x0000000020000d20                hdma_spi5_tx
                0x0000000020000d80                hspi1
                0x0000000020000dd8                htim2
                0x0000000020000e18                hdma_spi1_rx
                0x0000000020000e78                hdma_spi6_rx
                0x0000000020000ed8                hdma_spi2_tx
                0x0000000020000f38                hdma_spi1_tx
                0x0000000020000f98                hdma_spi6_tx
 COMMON         0x0000000020000ff8        0x4 Drivers\STM32F4xx_HAL_Driver\Src\stm32f4xx_hal.o
                0x0000000020000ff8                uwTick
 COMMON         0x0000000020000ffc        0x4 c:/st/stm32cubeide_1.2.0/stm32cubeide/plugins/com.st.stm32cube.ide.mcu.externaltools.gnu-tools-for-stm32.7-2018-q2-update.win32_1.0.0.201904181610/tools/bin/../lib/gcc/arm-none-eabi/7.3.1/../../../../arm-none-eabi/lib/thumb/v7e-m/fpv4-sp/hard\libc_nano.a(lib_a-reent.o)
                0x0000000020000ffc                errno
                0x0000000020001000                . = ALIGN (0x4)
                0x0000000020001000                _ebss = .
                0x0000000020001000                __bss_end__ = _ebss

._user_heap_stack
                0x0000000020001000      0x600 load address 0x0000000008004c88
                0x0000000020001000                . = ALIGN (0x8)
                0x0000000020001000                PROVIDE (end = .)
                [!provide]                        PROVIDE (_end = .)
                0x0000000020001200                . = (. + _Min_Heap_Size)
 *fill*         0x0000000020001000      0x200 
                0x0000000020001600                . = (. + _Min_Stack_Size)
 *fill*         0x0000000020001200      0x400 
                0x0000000020001600                . = ALIGN (0x8)

/DISCARD/
 libc.a(*)
 libm.a(*)
 libgcc.a(*)

.ARM.attributes
                0x0000000000000000       0x30
 *(.ARM.attributes)
 .ARM.attributes
                0x0000000000000000       0x22 c:/st/stm32cubeide_1.2.0/stm32cubeide/plugins/com.st.stm32cube.ide.mcu.externaltools.gnu-tools-for-stm32.7-2018-q2-update.win32_1.0.0.201904181610/tools/bin/../lib/gcc/arm-none-eabi/7.3.1/thumb/v7e-m/fpv4-sp/hard/crti.o
 .ARM.attributes
                0x0000000000000022       0x34 c:/st/stm32cubeide_1.2.0/stm32cubeide/plugins/com.st.stm32cube.ide.mcu.externaltools.gnu-tools-for-stm32.7-2018-q2-update.win32_1.0.0.201904181610/tools/bin/../lib/gcc/arm-none-eabi/7.3.1/thumb/v7e-m/fpv4-sp/hard/crtbegin.o
 .ARM.attributes
                0x0000000000000056       0x39 Core\Src\adc.o
 .ARM.attributes
                0x000000000000008f       0x39 Core\Src\cppmain.o
 .ARM.attributes
                0x00000000000000c8       0x39 Core\Src\dac.o
 .ARM.attributes
                0x0000000000000101       0x39 Core\Src\leds.o
 .ARM.attributes
                0x000000000000013a       0x39 Core\Src\main.o
 .ARM.attributes
                0x0000000000000173       0x39 Core\Src\misc_func.o
 .ARM.attributes
                0x00000000000001ac       0x39 Core\Src\newdma.o
 .ARM.attributes
                0x00000000000001e5       0x39 Core\Src\oscilloscope.o
 .ARM.attributes
                0x000000000000021e       0x39 Core\Src\pid.o
 .ARM.attributes
                0x0000000000000257       0x39 Core\Src\raspberrypi.o
 .ARM.attributes
                0x0000000000000290       0x39 Core\Src\stm32f4xx_hal_msp.o
 .ARM.attributes
                0x00000000000002c9       0x39 Core\Src\stm32f4xx_it.o
 .ARM.attributes
                0x0000000000000302       0x39 Core\Src\syscalls.o
 .ARM.attributes
                0x000000000000033b       0x39 Core\Src\sysmem.o
 .ARM.attributes
                0x0000000000000374       0x39 Core\Src\system_stm32f4xx.o
 .ARM.attributes
                0x00000000000003ad       0x21 Core\Startup\startup_stm32f427zitx.o
 .ARM.attributes
                0x00000000000003ce       0x39 Drivers\STM32F4xx_HAL_Driver\Src\stm32f4xx_hal.o
 .ARM.attributes
                0x0000000000000407       0x39 Drivers\STM32F4xx_HAL_Driver\Src\stm32f4xx_hal_cortex.o
 .ARM.attributes
                0x0000000000000440       0x39 Drivers\STM32F4xx_HAL_Driver\Src\stm32f4xx_hal_dma.o
 .ARM.attributes
                0x0000000000000479       0x39 Drivers\STM32F4xx_HAL_Driver\Src\stm32f4xx_hal_gpio.o
 .ARM.attributes
                0x00000000000004b2       0x39 Drivers\STM32F4xx_HAL_Driver\Src\stm32f4xx_hal_pwr_ex.o
 .ARM.attributes
                0x00000000000004eb       0x39 Drivers\STM32F4xx_HAL_Driver\Src\stm32f4xx_hal_rcc.o
 .ARM.attributes
                0x0000000000000524       0x39 Drivers\STM32F4xx_HAL_Driver\Src\stm32f4xx_hal_spi.o
 .ARM.attributes
                0x000000000000055d       0x39 Drivers\STM32F4xx_HAL_Driver\Src\stm32f4xx_hal_tim.o
 .ARM.attributes
                0x0000000000000596       0x39 Drivers\STM32F4xx_HAL_Driver\Src\stm32f4xx_hal_tim_ex.o
 .ARM.attributes
                0x00000000000005cf       0x34 c:/st/stm32cubeide_1.2.0/stm32cubeide/plugins/com.st.stm32cube.ide.mcu.externaltools.gnu-tools-for-stm32.7-2018-q2-update.win32_1.0.0.201904181610/tools/bin/../lib/gcc/arm-none-eabi/7.3.1/../../../../arm-none-eabi/lib/thumb/v7e-m/fpv4-sp/hard\libstdc++_nano.a(new_opv.o)
 .ARM.attributes
                0x0000000000000603       0x34 c:/st/stm32cubeide_1.2.0/stm32cubeide/plugins/com.st.stm32cube.ide.mcu.externaltools.gnu-tools-for-stm32.7-2018-q2-update.win32_1.0.0.201904181610/tools/bin/../lib/gcc/arm-none-eabi/7.3.1/../../../../arm-none-eabi/lib/thumb/v7e-m/fpv4-sp/hard\libstdc++_nano.a(del_ops.o)
 .ARM.attributes
                0x0000000000000637       0x34 c:/st/stm32cubeide_1.2.0/stm32cubeide/plugins/com.st.stm32cube.ide.mcu.externaltools.gnu-tools-for-stm32.7-2018-q2-update.win32_1.0.0.201904181610/tools/bin/../lib/gcc/arm-none-eabi/7.3.1/../../../../arm-none-eabi/lib/thumb/v7e-m/fpv4-sp/hard\libstdc++_nano.a(new_op.o)
 .ARM.attributes
                0x000000000000066b       0x34 c:/st/stm32cubeide_1.2.0/stm32cubeide/plugins/com.st.stm32cube.ide.mcu.externaltools.gnu-tools-for-stm32.7-2018-q2-update.win32_1.0.0.201904181610/tools/bin/../lib/gcc/arm-none-eabi/7.3.1/../../../../arm-none-eabi/lib/thumb/v7e-m/fpv4-sp/hard\libstdc++_nano.a(new_handler.o)
 .ARM.attributes
                0x000000000000069f       0x34 c:/st/stm32cubeide_1.2.0/stm32cubeide/plugins/com.st.stm32cube.ide.mcu.externaltools.gnu-tools-for-stm32.7-2018-q2-update.win32_1.0.0.201904181610/tools/bin/../lib/gcc/arm-none-eabi/7.3.1/../../../../arm-none-eabi/lib/thumb/v7e-m/fpv4-sp/hard\libstdc++_nano.a(del_op.o)
 .ARM.attributes
                0x00000000000006d3       0x34 c:/st/stm32cubeide_1.2.0/stm32cubeide/plugins/com.st.stm32cube.ide.mcu.externaltools.gnu-tools-for-stm32.7-2018-q2-update.win32_1.0.0.201904181610/tools/bin/../lib/gcc/arm-none-eabi/7.3.1/../../../../arm-none-eabi/lib/thumb/v7e-m/fpv4-sp/hard\libstdc++_nano.a(functexcept.o)
 .ARM.attributes
                0x0000000000000707       0x34 c:/st/stm32cubeide_1.2.0/stm32cubeide/plugins/com.st.stm32cube.ide.mcu.externaltools.gnu-tools-for-stm32.7-2018-q2-update.win32_1.0.0.201904181610/tools/bin/../lib/gcc/arm-none-eabi/7.3.1/../../../../arm-none-eabi/lib/thumb/v7e-m/fpv4-sp/hard\libc_nano.a(lib_a-abort.o)
 .ARM.attributes
                0x000000000000073b       0x34 c:/st/stm32cubeide_1.2.0/stm32cubeide/plugins/com.st.stm32cube.ide.mcu.externaltools.gnu-tools-for-stm32.7-2018-q2-update.win32_1.0.0.201904181610/tools/bin/../lib/gcc/arm-none-eabi/7.3.1/../../../../arm-none-eabi/lib/thumb/v7e-m/fpv4-sp/hard\libc_nano.a(lib_a-errno.o)
 .ARM.attributes
                0x000000000000076f       0x34 c:/st/stm32cubeide_1.2.0/stm32cubeide/plugins/com.st.stm32cube.ide.mcu.externaltools.gnu-tools-for-stm32.7-2018-q2-update.win32_1.0.0.201904181610/tools/bin/../lib/gcc/arm-none-eabi/7.3.1/../../../../arm-none-eabi/lib/thumb/v7e-m/fpv4-sp/hard\libc_nano.a(lib_a-impure.o)
 .ARM.attributes
                0x00000000000007a3       0x34 c:/st/stm32cubeide_1.2.0/stm32cubeide/plugins/com.st.stm32cube.ide.mcu.externaltools.gnu-tools-for-stm32.7-2018-q2-update.win32_1.0.0.201904181610/tools/bin/../lib/gcc/arm-none-eabi/7.3.1/../../../../arm-none-eabi/lib/thumb/v7e-m/fpv4-sp/hard\libc_nano.a(lib_a-init.o)
 .ARM.attributes
                0x00000000000007d7       0x34 c:/st/stm32cubeide_1.2.0/stm32cubeide/plugins/com.st.stm32cube.ide.mcu.externaltools.gnu-tools-for-stm32.7-2018-q2-update.win32_1.0.0.201904181610/tools/bin/../lib/gcc/arm-none-eabi/7.3.1/../../../../arm-none-eabi/lib/thumb/v7e-m/fpv4-sp/hard\libc_nano.a(lib_a-malloc.o)
 .ARM.attributes
                0x000000000000080b       0x34 c:/st/stm32cubeide_1.2.0/stm32cubeide/plugins/com.st.stm32cube.ide.mcu.externaltools.gnu-tools-for-stm32.7-2018-q2-update.win32_1.0.0.201904181610/tools/bin/../lib/gcc/arm-none-eabi/7.3.1/../../../../arm-none-eabi/lib/thumb/v7e-m/fpv4-sp/hard\libc_nano.a(lib_a-memmove.o)
 .ARM.attributes
                0x000000000000083f       0x34 c:/st/stm32cubeide_1.2.0/stm32cubeide/plugins/com.st.stm32cube.ide.mcu.externaltools.gnu-tools-for-stm32.7-2018-q2-update.win32_1.0.0.201904181610/tools/bin/../lib/gcc/arm-none-eabi/7.3.1/../../../../arm-none-eabi/lib/thumb/v7e-m/fpv4-sp/hard\libc_nano.a(lib_a-memset.o)
 .ARM.attributes
                0x0000000000000873       0x34 c:/st/stm32cubeide_1.2.0/stm32cubeide/plugins/com.st.stm32cube.ide.mcu.externaltools.gnu-tools-for-stm32.7-2018-q2-update.win32_1.0.0.201904181610/tools/bin/../lib/gcc/arm-none-eabi/7.3.1/../../../../arm-none-eabi/lib/thumb/v7e-m/fpv4-sp/hard\libc_nano.a(lib_a-nano-freer.o)
 .ARM.attributes
                0x00000000000008a7       0x34 c:/st/stm32cubeide_1.2.0/stm32cubeide/plugins/com.st.stm32cube.ide.mcu.externaltools.gnu-tools-for-stm32.7-2018-q2-update.win32_1.0.0.201904181610/tools/bin/../lib/gcc/arm-none-eabi/7.3.1/../../../../arm-none-eabi/lib/thumb/v7e-m/fpv4-sp/hard\libc_nano.a(lib_a-nano-mallocr.o)
 .ARM.attributes
                0x00000000000008db       0x34 c:/st/stm32cubeide_1.2.0/stm32cubeide/plugins/com.st.stm32cube.ide.mcu.externaltools.gnu-tools-for-stm32.7-2018-q2-update.win32_1.0.0.201904181610/tools/bin/../lib/gcc/arm-none-eabi/7.3.1/../../../../arm-none-eabi/lib/thumb/v7e-m/fpv4-sp/hard\libc_nano.a(lib_a-sbrkr.o)
 .ARM.attributes
                0x000000000000090f       0x34 c:/st/stm32cubeide_1.2.0/stm32cubeide/plugins/com.st.stm32cube.ide.mcu.externaltools.gnu-tools-for-stm32.7-2018-q2-update.win32_1.0.0.201904181610/tools/bin/../lib/gcc/arm-none-eabi/7.3.1/../../../../arm-none-eabi/lib/thumb/v7e-m/fpv4-sp/hard\libc_nano.a(lib_a-signal.o)
 .ARM.attributes
                0x0000000000000943       0x34 c:/st/stm32cubeide_1.2.0/stm32cubeide/plugins/com.st.stm32cube.ide.mcu.externaltools.gnu-tools-for-stm32.7-2018-q2-update.win32_1.0.0.201904181610/tools/bin/../lib/gcc/arm-none-eabi/7.3.1/../../../../arm-none-eabi/lib/thumb/v7e-m/fpv4-sp/hard\libc_nano.a(lib_a-signalr.o)
 .ARM.attributes
                0x0000000000000977       0x34 c:/st/stm32cubeide_1.2.0/stm32cubeide/plugins/com.st.stm32cube.ide.mcu.externaltools.gnu-tools-for-stm32.7-2018-q2-update.win32_1.0.0.201904181610/tools/bin/../lib/gcc/arm-none-eabi/7.3.1/../../../../arm-none-eabi/lib/thumb/v7e-m/fpv4-sp/hard\libc_nano.a(lib_a-mlock.o)
 .ARM.attributes
                0x00000000000009ab       0x34 c:/st/stm32cubeide_1.2.0/stm32cubeide/plugins/com.st.stm32cube.ide.mcu.externaltools.gnu-tools-for-stm32.7-2018-q2-update.win32_1.0.0.201904181610/tools/bin/../lib/gcc/arm-none-eabi/7.3.1/../../../../arm-none-eabi/lib/thumb/v7e-m/fpv4-sp/hard\libc_nano.a(lib_a-reent.o)
 .ARM.attributes
                0x00000000000009df       0x22 c:/st/stm32cubeide_1.2.0/stm32cubeide/plugins/com.st.stm32cube.ide.mcu.externaltools.gnu-tools-for-stm32.7-2018-q2-update.win32_1.0.0.201904181610/tools/bin/../lib/gcc/arm-none-eabi/7.3.1/thumb/v7e-m/fpv4-sp/hard\libgcc.a(_aeabi_uldivmod.o)
 .ARM.attributes
                0x0000000000000a01       0x34 c:/st/stm32cubeide_1.2.0/stm32cubeide/plugins/com.st.stm32cube.ide.mcu.externaltools.gnu-tools-for-stm32.7-2018-q2-update.win32_1.0.0.201904181610/tools/bin/../lib/gcc/arm-none-eabi/7.3.1/thumb/v7e-m/fpv4-sp/hard\libgcc.a(_udivmoddi4.o)
 .ARM.attributes
                0x0000000000000a35       0x22 c:/st/stm32cubeide_1.2.0/stm32cubeide/plugins/com.st.stm32cube.ide.mcu.externaltools.gnu-tools-for-stm32.7-2018-q2-update.win32_1.0.0.201904181610/tools/bin/../lib/gcc/arm-none-eabi/7.3.1/thumb/v7e-m/fpv4-sp/hard\libgcc.a(_dvmd_tls.o)
 .ARM.attributes
                0x0000000000000a57       0x22 c:/st/stm32cubeide_1.2.0/stm32cubeide/plugins/com.st.stm32cube.ide.mcu.externaltools.gnu-tools-for-stm32.7-2018-q2-update.win32_1.0.0.201904181610/tools/bin/../lib/gcc/arm-none-eabi/7.3.1/thumb/v7e-m/fpv4-sp/hard/crtn.o
OUTPUT(MCLock.elf elf32-littlearm)

.debug_info     0x0000000000000000    0x285a1
 .debug_info    0x0000000000000000     0x1076 Core\Src\adc.o
 .debug_info    0x0000000000001076     0xb41f Core\Src\cppmain.o
 .debug_info    0x000000000000c495     0x1477 Core\Src\dac.o
 .debug_info    0x000000000000d90c      0x2da Core\Src\leds.o
 .debug_info    0x000000000000dbe6     0x1b54 Core\Src\main.o
 .debug_info    0x000000000000f73a     0x5759 Core\Src\misc_func.o
 .debug_info    0x0000000000014e93      0x675 Core\Src\newdma.o
 .debug_info    0x0000000000015508     0x460c Core\Src\oscilloscope.o
 .debug_info    0x0000000000019b14      0x4dd Core\Src\pid.o
 .debug_info    0x0000000000019ff1      0x969 Core\Src\raspberrypi.o
 .debug_info    0x000000000001a95a     0x13d3 Core\Src\stm32f4xx_hal_msp.o
 .debug_info    0x000000000001bd2d      0xb75 Core\Src\stm32f4xx_it.o
 .debug_info    0x000000000001c8a2      0xf57 Core\Src\syscalls.o
 .debug_info    0x000000000001d7f9      0x936 Core\Src\sysmem.o
 .debug_info    0x000000000001e12f      0x521 Core\Src\system_stm32f4xx.o
 .debug_info    0x000000000001e650      0xa34 Drivers\STM32F4xx_HAL_Driver\Src\stm32f4xx_hal.o
 .debug_info    0x000000000001f084      0xf64 Drivers\STM32F4xx_HAL_Driver\Src\stm32f4xx_hal_cortex.o
 .debug_info    0x000000000001ffe8      0xa5b Drivers\STM32F4xx_HAL_Driver\Src\stm32f4xx_hal_dma.o
 .debug_info    0x0000000000020a43      0x78a Drivers\STM32F4xx_HAL_Driver\Src\stm32f4xx_hal_gpio.o
 .debug_info    0x00000000000211cd      0x7b9 Drivers\STM32F4xx_HAL_Driver\Src\stm32f4xx_hal_pwr_ex.o
 .debug_info    0x0000000000021986      0xa53 Drivers\STM32F4xx_HAL_Driver\Src\stm32f4xx_hal_rcc.o
 .debug_info    0x00000000000223d9     0x1ba9 Drivers\STM32F4xx_HAL_Driver\Src\stm32f4xx_hal_spi.o
 .debug_info    0x0000000000023f82     0x3188 Drivers\STM32F4xx_HAL_Driver\Src\stm32f4xx_hal_tim.o
 .debug_info    0x000000000002710a     0x1497 Drivers\STM32F4xx_HAL_Driver\Src\stm32f4xx_hal_tim_ex.o

.debug_abbrev   0x0000000000000000     0x4b45
 .debug_abbrev  0x0000000000000000      0x407 Core\Src\adc.o
 .debug_abbrev  0x0000000000000407      0xb5c Core\Src\cppmain.o
 .debug_abbrev  0x0000000000000f63      0x4a1 Core\Src\dac.o
 .debug_abbrev  0x0000000000001404       0xd5 Core\Src\leds.o
 .debug_abbrev  0x00000000000014d9      0x260 Core\Src\main.o
 .debug_abbrev  0x0000000000001739      0x8b6 Core\Src\misc_func.o
 .debug_abbrev  0x0000000000001fef      0x20a Core\Src\newdma.o
 .debug_abbrev  0x00000000000021f9      0x77c Core\Src\oscilloscope.o
 .debug_abbrev  0x0000000000002975      0x195 Core\Src\pid.o
 .debug_abbrev  0x0000000000002b0a      0x25c Core\Src\raspberrypi.o
 .debug_abbrev  0x0000000000002d66      0x217 Core\Src\stm32f4xx_hal_msp.o
 .debug_abbrev  0x0000000000002f7d      0x1ee Core\Src\stm32f4xx_it.o
 .debug_abbrev  0x000000000000316b      0x27c Core\Src\syscalls.o
 .debug_abbrev  0x00000000000033e7      0x1e8 Core\Src\sysmem.o
 .debug_abbrev  0x00000000000035cf      0x111 Core\Src\system_stm32f4xx.o
 .debug_abbrev  0x00000000000036e0      0x1f1 Drivers\STM32F4xx_HAL_Driver\Src\stm32f4xx_hal.o
 .debug_abbrev  0x00000000000038d1      0x328 Drivers\STM32F4xx_HAL_Driver\Src\stm32f4xx_hal_cortex.o
 .debug_abbrev  0x0000000000003bf9      0x290 Drivers\STM32F4xx_HAL_Driver\Src\stm32f4xx_hal_dma.o
 .debug_abbrev  0x0000000000003e89      0x1e7 Drivers\STM32F4xx_HAL_Driver\Src\stm32f4xx_hal_gpio.o
 .debug_abbrev  0x0000000000004070      0x1bc Drivers\STM32F4xx_HAL_Driver\Src\stm32f4xx_hal_pwr_ex.o
 .debug_abbrev  0x000000000000422c      0x273 Drivers\STM32F4xx_HAL_Driver\Src\stm32f4xx_hal_rcc.o
 .debug_abbrev  0x000000000000449f      0x249 Drivers\STM32F4xx_HAL_Driver\Src\stm32f4xx_hal_spi.o
 .debug_abbrev  0x00000000000046e8      0x226 Drivers\STM32F4xx_HAL_Driver\Src\stm32f4xx_hal_tim.o
 .debug_abbrev  0x000000000000490e      0x237 Drivers\STM32F4xx_HAL_Driver\Src\stm32f4xx_hal_tim_ex.o

.debug_loc      0x0000000000000000     0xcc68
 .debug_loc     0x0000000000000000      0x2cd Core\Src\adc.o
 .debug_loc     0x00000000000002cd     0x198e Core\Src\cppmain.o
 .debug_loc     0x0000000000001c5b      0x75c Core\Src\dac.o
 .debug_loc     0x00000000000023b7      0xd33 Core\Src\misc_func.o
 .debug_loc     0x00000000000030ea      0x31c Core\Src\newdma.o
 .debug_loc     0x0000000000003406      0xa8c Core\Src\oscilloscope.o
 .debug_loc     0x0000000000003e92      0x471 Core\Src\pid.o
 .debug_loc     0x0000000000004303      0x24e Core\Src\raspberrypi.o
 .debug_loc     0x0000000000004551      0x1f0 Core\Src\stm32f4xx_hal_msp.o
 .debug_loc     0x0000000000004741       0x1e Core\Src\stm32f4xx_it.o
 .debug_loc     0x000000000000475f      0x34c Core\Src\syscalls.o
 .debug_loc     0x0000000000004aab       0x63 Core\Src\sysmem.o
 .debug_loc     0x0000000000004b0e      0x13e Core\Src\system_stm32f4xx.o
 .debug_loc     0x0000000000004c4c       0xfd Drivers\STM32F4xx_HAL_Driver\Src\stm32f4xx_hal.o
 .debug_loc     0x0000000000004d49      0x5ce Drivers\STM32F4xx_HAL_Driver\Src\stm32f4xx_hal_cortex.o
 .debug_loc     0x0000000000005317      0xb4e Drivers\STM32F4xx_HAL_Driver\Src\stm32f4xx_hal_dma.o
 .debug_loc     0x0000000000005e65      0x497 Drivers\STM32F4xx_HAL_Driver\Src\stm32f4xx_hal_gpio.o
 .debug_loc     0x00000000000062fc      0x13f Drivers\STM32F4xx_HAL_Driver\Src\stm32f4xx_hal_pwr_ex.o
 .debug_loc     0x000000000000643b      0x3f1 Drivers\STM32F4xx_HAL_Driver\Src\stm32f4xx_hal_rcc.o
 .debug_loc     0x000000000000682c     0x19fe Drivers\STM32F4xx_HAL_Driver\Src\stm32f4xx_hal_spi.o
 .debug_loc     0x000000000000822a     0x3888 Drivers\STM32F4xx_HAL_Driver\Src\stm32f4xx_hal_tim.o
 .debug_loc     0x000000000000bab2     0x11b6 Drivers\STM32F4xx_HAL_Driver\Src\stm32f4xx_hal_tim_ex.o

.debug_aranges  0x0000000000000000     0x10b8
 .debug_aranges
                0x0000000000000000       0x70 Core\Src\adc.o
 .debug_aranges
                0x0000000000000070       0xe0 Core\Src\cppmain.o
 .debug_aranges
                0x0000000000000150       0x98 Core\Src\dac.o
 .debug_aranges
                0x00000000000001e8       0x78 Core\Src\leds.o
 .debug_aranges
                0x0000000000000260       0x80 Core\Src\main.o
 .debug_aranges
                0x00000000000002e0       0x70 Core\Src\misc_func.o
 .debug_aranges
                0x0000000000000350       0x50 Core\Src\newdma.o
 .debug_aranges
                0x00000000000003a0       0x78 Core\Src\oscilloscope.o
 .debug_aranges
                0x0000000000000418       0x48 Core\Src\pid.o
 .debug_aranges
                0x0000000000000460       0x50 Core\Src\raspberrypi.o
 .debug_aranges
                0x00000000000004b0       0x40 Core\Src\stm32f4xx_hal_msp.o
 .debug_aranges
                0x00000000000004f0       0x98 Core\Src\stm32f4xx_it.o
 .debug_aranges
                0x0000000000000588       0xa8 Core\Src\syscalls.o
 .debug_aranges
                0x0000000000000630       0x20 Core\Src\sysmem.o
 .debug_aranges
                0x0000000000000650       0x28 Core\Src\system_stm32f4xx.o
 .debug_aranges
                0x0000000000000678      0x100 Drivers\STM32F4xx_HAL_Driver\Src\stm32f4xx_hal.o
 .debug_aranges
                0x0000000000000778       0xa8 Drivers\STM32F4xx_HAL_Driver\Src\stm32f4xx_hal_cortex.o
 .debug_aranges
                0x0000000000000820       0x90 Drivers\STM32F4xx_HAL_Driver\Src\stm32f4xx_hal_dma.o
 .debug_aranges
                0x00000000000008b0       0x58 Drivers\STM32F4xx_HAL_Driver\Src\stm32f4xx_hal_gpio.o
 .debug_aranges
                0x0000000000000908       0x60 Drivers\STM32F4xx_HAL_Driver\Src\stm32f4xx_hal_pwr_ex.o
 .debug_aranges
                0x0000000000000968       0x88 Drivers\STM32F4xx_HAL_Driver\Src\stm32f4xx_hal_rcc.o
 .debug_aranges
                0x00000000000009f0      0x1d0 Drivers\STM32F4xx_HAL_Driver\Src\stm32f4xx_hal_spi.o
 .debug_aranges
                0x0000000000000bc0      0x3a8 Drivers\STM32F4xx_HAL_Driver\Src\stm32f4xx_hal_tim.o
 .debug_aranges
                0x0000000000000f68      0x150 Drivers\STM32F4xx_HAL_Driver\Src\stm32f4xx_hal_tim_ex.o

.debug_ranges   0x0000000000000000     0x1190
 .debug_ranges  0x0000000000000000       0x60 Core\Src\adc.o
 .debug_ranges  0x0000000000000060      0x1a8 Core\Src\cppmain.o
 .debug_ranges  0x0000000000000208       0x88 Core\Src\dac.o
 .debug_ranges  0x0000000000000290       0x68 Core\Src\leds.o
 .debug_ranges  0x00000000000002f8       0x70 Core\Src\main.o
 .debug_ranges  0x0000000000000368      0x108 Core\Src\misc_func.o
 .debug_ranges  0x0000000000000470       0x40 Core\Src\newdma.o
 .debug_ranges  0x00000000000004b0       0xc8 Core\Src\oscilloscope.o
 .debug_ranges  0x0000000000000578       0x38 Core\Src\pid.o
 .debug_ranges  0x00000000000005b0       0x40 Core\Src\raspberrypi.o
 .debug_ranges  0x00000000000005f0       0x30 Core\Src\stm32f4xx_hal_msp.o
 .debug_ranges  0x0000000000000620       0x88 Core\Src\stm32f4xx_it.o
 .debug_ranges  0x00000000000006a8       0x98 Core\Src\syscalls.o
 .debug_ranges  0x0000000000000740       0x10 Core\Src\sysmem.o
 .debug_ranges  0x0000000000000750       0x18 Core\Src\system_stm32f4xx.o
 .debug_ranges  0x0000000000000768       0xf0 Drivers\STM32F4xx_HAL_Driver\Src\stm32f4xx_hal.o
 .debug_ranges  0x0000000000000858       0xf8 Drivers\STM32F4xx_HAL_Driver\Src\stm32f4xx_hal_cortex.o
 .debug_ranges  0x0000000000000950       0x80 Drivers\STM32F4xx_HAL_Driver\Src\stm32f4xx_hal_dma.o
 .debug_ranges  0x00000000000009d0       0x48 Drivers\STM32F4xx_HAL_Driver\Src\stm32f4xx_hal_gpio.o
 .debug_ranges  0x0000000000000a18       0x50 Drivers\STM32F4xx_HAL_Driver\Src\stm32f4xx_hal_pwr_ex.o
 .debug_ranges  0x0000000000000a68       0x90 Drivers\STM32F4xx_HAL_Driver\Src\stm32f4xx_hal_rcc.o
 .debug_ranges  0x0000000000000af8      0x1c0 Drivers\STM32F4xx_HAL_Driver\Src\stm32f4xx_hal_spi.o
 .debug_ranges  0x0000000000000cb8      0x398 Drivers\STM32F4xx_HAL_Driver\Src\stm32f4xx_hal_tim.o
 .debug_ranges  0x0000000000001050      0x140 Drivers\STM32F4xx_HAL_Driver\Src\stm32f4xx_hal_tim_ex.o

.debug_macro    0x0000000000000000    0x266a2
 .debug_macro   0x0000000000000000      0x401 Core\Src\adc.o
 .debug_macro   0x0000000000000401      0x18a Core\Src\adc.o
 .debug_macro   0x000000000000058b       0x32 Core\Src\adc.o
 .debug_macro   0x00000000000005bd       0x28 Core\Src\adc.o
 .debug_macro   0x00000000000005e5       0x8e Core\Src\adc.o
 .debug_macro   0x0000000000000673       0x51 Core\Src\adc.o
 .debug_macro   0x00000000000006c4      0x1df Core\Src\adc.o
 .debug_macro   0x00000000000008a3       0x1c Core\Src\adc.o
 .debug_macro   0x00000000000008bf       0x22 Core\Src\adc.o
 .debug_macro   0x00000000000008e1       0xdf Core\Src\adc.o
 .debug_macro   0x00000000000009c0     0x102d Core\Src\adc.o
 .debug_macro   0x00000000000019ed      0x11f Core\Src\adc.o
 .debug_macro   0x0000000000001b0c    0x17862 Core\Src\adc.o
 .debug_macro   0x000000000001936e       0x43 Core\Src\adc.o
 .debug_macro   0x00000000000193b1     0x3644 Core\Src\adc.o
 .debug_macro   0x000000000001c9f5      0x17b Core\Src\adc.o
 .debug_macro   0x000000000001cb70       0x5a Core\Src\adc.o
 .debug_macro   0x000000000001cbca      0xc6d Core\Src\adc.o
 .debug_macro   0x000000000001d837      0x9fe Core\Src\adc.o
 .debug_macro   0x000000000001e235       0xed Core\Src\adc.o
 .debug_macro   0x000000000001e322      0x117 Core\Src\adc.o
 .debug_macro   0x000000000001e439      0x16f Core\Src\adc.o
 .debug_macro   0x000000000001e5a8       0x27 Core\Src\adc.o
 .debug_macro   0x000000000001e5cf      0x287 Core\Src\adc.o
 .debug_macro   0x000000000001e856       0x5f Core\Src\adc.o
 .debug_macro   0x000000000001e8b5      0x236 Core\Src\adc.o
 .debug_macro   0x000000000001eaeb      0x132 Core\Src\adc.o
 .debug_macro   0x000000000001ec1d      0x41d Core\Src\adc.o
 .debug_macro   0x000000000001f03a       0x2e Core\Src\adc.o
 .debug_macro   0x000000000001f068      0x11a Core\Src\adc.o
 .debug_macro   0x000000000001f182       0xe2 Core\Src\adc.o
 .debug_macro   0x000000000001f264       0x89 Core\Src\adc.o
 .debug_macro   0x000000000001f2ed      0x225 Core\Src\adc.o
 .debug_macro   0x000000000001f512      0x87d Core\Src\adc.o
 .debug_macro   0x000000000001fd8f       0x47 Core\Src\adc.o
 .debug_macro   0x000000000001fdd6      0x134 Core\Src\adc.o
 .debug_macro   0x000000000001ff0a       0x10 Core\Src\adc.o
 .debug_macro   0x000000000001ff1a       0x28 Core\Src\adc.o
 .debug_macro   0x000000000001ff42       0x22 Core\Src\adc.o
 .debug_macro   0x000000000001ff64      0x166 Core\Src\adc.o
 .debug_macro   0x00000000000200ca      0x958 Core\Src\cppmain.o
 .debug_macro   0x0000000000020a22       0x22 Core\Src\cppmain.o
 .debug_macro   0x0000000000020a44       0x1c Core\Src\cppmain.o
 .debug_macro   0x0000000000020a60       0x46 Core\Src\cppmain.o
 .debug_macro   0x0000000000020aa6      0x34d Core\Src\cppmain.o
 .debug_macro   0x0000000000020df3       0x17 Core\Src\cppmain.o
 .debug_macro   0x0000000000020e0a       0x76 Core\Src\cppmain.o
 .debug_macro   0x0000000000020e80       0x2e Core\Src\cppmain.o
 .debug_macro   0x0000000000020eae       0x1c Core\Src\cppmain.o
 .debug_macro   0x0000000000020eca      0x3ec Core\Src\dac.o
 .debug_macro   0x00000000000212b6       0x1c Core\Src\dac.o
 .debug_macro   0x00000000000212d2      0x1ec Core\Src\leds.o
 .debug_macro   0x00000000000214be      0x160 Core\Src\leds.o
 .debug_macro   0x000000000002161e      0x1dd Core\Src\main.o
 .debug_macro   0x00000000000217fb      0xa5a Core\Src\main.o
 .debug_macro   0x0000000000022255     0x102d Core\Src\main.o
 .debug_macro   0x0000000000023282      0x174 Core\Src\main.o
 .debug_macro   0x00000000000233f6      0x583 Core\Src\misc_func.o
 .debug_macro   0x0000000000023979       0xd3 Core\Src\newdma.o
 .debug_macro   0x0000000000023a4c      0x40e Core\Src\oscilloscope.o
 .debug_macro   0x0000000000023e5a       0x70 Core\Src\oscilloscope.o
 .debug_macro   0x0000000000023eca       0x1a Core\Src\pid.o
 .debug_macro   0x0000000000023ee4      0x1f5 Core\Src\raspberrypi.o
 .debug_macro   0x00000000000240d9      0x1dd Core\Src\stm32f4xx_hal_msp.o
 .debug_macro   0x00000000000242b6      0x1e7 Core\Src\stm32f4xx_it.o
 .debug_macro   0x000000000002449d      0x243 Core\Src\syscalls.o
 .debug_macro   0x00000000000246e0       0x34 Core\Src\syscalls.o
 .debug_macro   0x0000000000024714      0x330 Core\Src\syscalls.o
 .debug_macro   0x0000000000024a44       0x43 Core\Src\syscalls.o
 .debug_macro   0x0000000000024a87       0x10 Core\Src\syscalls.o
 .debug_macro   0x0000000000024a97       0x35 Core\Src\syscalls.o
 .debug_macro   0x0000000000024acc       0x10 Core\Src\syscalls.o
 .debug_macro   0x0000000000024adc       0x10 Core\Src\syscalls.o
 .debug_macro   0x0000000000024aec       0x35 Core\Src\syscalls.o
 .debug_macro   0x0000000000024b21      0x122 Core\Src\syscalls.o
 .debug_macro   0x0000000000024c43       0x10 Core\Src\syscalls.o
 .debug_macro   0x0000000000024c53      0x145 Core\Src\syscalls.o
 .debug_macro   0x0000000000024d98      0x189 Core\Src\syscalls.o
 .debug_macro   0x0000000000024f21       0x16 Core\Src\syscalls.o
 .debug_macro   0x0000000000024f37       0x88 Core\Src\syscalls.o
 .debug_macro   0x0000000000024fbf      0x1ae Core\Src\sysmem.o
 .debug_macro   0x000000000002516d      0x23b Core\Src\sysmem.o
 .debug_macro   0x00000000000253a8      0x1d4 Core\Src\system_stm32f4xx.o
 .debug_macro   0x000000000002557c      0x22e Drivers\STM32F4xx_HAL_Driver\Src\stm32f4xx_hal.o
 .debug_macro   0x00000000000257aa      0x1ce Drivers\STM32F4xx_HAL_Driver\Src\stm32f4xx_hal_cortex.o
 .debug_macro   0x0000000000025978      0x1d4 Drivers\STM32F4xx_HAL_Driver\Src\stm32f4xx_hal_dma.o
 .debug_macro   0x0000000000025b4c      0x204 Drivers\STM32F4xx_HAL_Driver\Src\stm32f4xx_hal_gpio.o
 .debug_macro   0x0000000000025d50      0x1e6 Drivers\STM32F4xx_HAL_Driver\Src\stm32f4xx_hal_pwr_ex.o
 .debug_macro   0x0000000000025f36      0x1f2 Drivers\STM32F4xx_HAL_Driver\Src\stm32f4xx_hal_rcc.o
 .debug_macro   0x0000000000026128      0x1dd Drivers\STM32F4xx_HAL_Driver\Src\stm32f4xx_hal_spi.o
 .debug_macro   0x0000000000026305      0x1cf Drivers\STM32F4xx_HAL_Driver\Src\stm32f4xx_hal_tim.o
 .debug_macro   0x00000000000264d4      0x1ce Drivers\STM32F4xx_HAL_Driver\Src\stm32f4xx_hal_tim_ex.o

.debug_line     0x0000000000000000    0x111ea
 .debug_line    0x0000000000000000     0x1000 Core\Src\adc.o
 .debug_line    0x0000000000001000     0x1cd1 Core\Src\cppmain.o
 .debug_line    0x0000000000002cd1     0x104f Core\Src\dac.o
 .debug_line    0x0000000000003d20      0x77b Core\Src\leds.o
 .debug_line    0x000000000000449b      0x89f Core\Src\main.o
 .debug_line    0x0000000000004d3a     0x16ff Core\Src\misc_func.o
 .debug_line    0x0000000000006439      0x513 Core\Src\newdma.o
 .debug_line    0x000000000000694c     0x1146 Core\Src\oscilloscope.o
 .debug_line    0x0000000000007a92      0x14a Core\Src\pid.o
 .debug_line    0x0000000000007bdc      0x712 Core\Src\raspberrypi.o
 .debug_line    0x00000000000082ee      0x840 Core\Src\stm32f4xx_hal_msp.o
 .debug_line    0x0000000000008b2e      0x7ac Core\Src\stm32f4xx_it.o
 .debug_line    0x00000000000092da      0x733 Core\Src\syscalls.o
 .debug_line    0x0000000000009a0d      0x55f Core\Src\sysmem.o
 .debug_line    0x0000000000009f6c      0x6e7 Core\Src\system_stm32f4xx.o
 .debug_line    0x000000000000a653      0x8de Drivers\STM32F4xx_HAL_Driver\Src\stm32f4xx_hal.o
 .debug_line    0x000000000000af31      0x910 Drivers\STM32F4xx_HAL_Driver\Src\stm32f4xx_hal_cortex.o
 .debug_line    0x000000000000b841      0x9e7 Drivers\STM32F4xx_HAL_Driver\Src\stm32f4xx_hal_dma.o
 .debug_line    0x000000000000c228      0x85c Drivers\STM32F4xx_HAL_Driver\Src\stm32f4xx_hal_gpio.o
 .debug_line    0x000000000000ca84      0x7a9 Drivers\STM32F4xx_HAL_Driver\Src\stm32f4xx_hal_pwr_ex.o
 .debug_line    0x000000000000d22d      0x930 Drivers\STM32F4xx_HAL_Driver\Src\stm32f4xx_hal_rcc.o
 .debug_line    0x000000000000db5d     0x10ff Drivers\STM32F4xx_HAL_Driver\Src\stm32f4xx_hal_spi.o
 .debug_line    0x000000000000ec5c     0x18a3 Drivers\STM32F4xx_HAL_Driver\Src\stm32f4xx_hal_tim.o
 .debug_line    0x00000000000104ff      0xceb Drivers\STM32F4xx_HAL_Driver\Src\stm32f4xx_hal_tim_ex.o

.debug_str      0x0000000000000000    0xe4760
 .debug_str     0x0000000000000000    0xd10d9 Core\Src\adc.o
                                      0xd1466 (size before relaxing)
 .debug_str     0x00000000000d10d9     0xd98f Core\Src\cppmain.o
                                      0xdf42c (size before relaxing)
 .debug_str     0x00000000000dea68       0xf8 Core\Src\dac.o
                                      0xd10e9 (size before relaxing)
 .debug_str     0x00000000000deb60      0x136 Core\Src\leds.o
                                      0xce000 (size before relaxing)
 .debug_str     0x00000000000dec96      0xdd2 Core\Src\main.o
                                      0xceb12 (size before relaxing)
 .debug_str     0x00000000000dfa68      0x25e Core\Src\misc_func.o
                                      0xd8e53 (size before relaxing)
 .debug_str     0x00000000000dfcc6       0x7a Core\Src\newdma.o
                                      0x90fbb (size before relaxing)
 .debug_str     0x00000000000dfd40     0x1173 Core\Src\oscilloscope.o
                                      0xd488c (size before relaxing)
 .debug_str     0x00000000000e0eb3       0x34 Core\Src\pid.o
                                       0x32e0 (size before relaxing)
 .debug_str     0x00000000000e0ee7       0x45 Core\Src\raspberrypi.o
                                      0xcdfb0 (size before relaxing)
 .debug_str     0x00000000000e0f2c       0xc9 Core\Src\stm32f4xx_hal_msp.o
                                      0xce81e (size before relaxing)
 .debug_str     0x00000000000e0ff5      0x1b9 Core\Src\stm32f4xx_it.o
                                      0xce238 (size before relaxing)
 .debug_str     0x00000000000e11ae      0xda0 Core\Src\syscalls.o
                                       0x88b8 (size before relaxing)
 .debug_str     0x00000000000e1f4e       0x36 Core\Src\sysmem.o
                                       0x7af7 (size before relaxing)
 .debug_str     0x00000000000e1f84       0xc4 Core\Src\system_stm32f4xx.o
                                      0xcd63f (size before relaxing)
 .debug_str     0x00000000000e2048      0x625 Drivers\STM32F4xx_HAL_Driver\Src\stm32f4xx_hal.o
                                      0xce24d (size before relaxing)
 .debug_str     0x00000000000e266d      0x324 Drivers\STM32F4xx_HAL_Driver\Src\stm32f4xx_hal_cortex.o