cppmain - Copy.cpp:98:7:float set_point_triangle(uint32_t)	0	static
cppmain - Copy.cpp:102:7:float set_point_ramp(uint32_t)	0	static
cppmain - Copy.cpp:110:7:float set_point_const(uint32_t)	0	static
cppmain - Copy.cpp:106:7:float set_point_sine(uint32_t)	32	static
signals.hpp:5:8:float* SineSignal(float, float, uint32_t)	64	static
signals.hpp:13:8:float* TriangleSignal(float, float, uint32_t)	24	static
signals.hpp:21:8:float* RampSignal(float, float, uint32_t)	16	static
signals.hpp:31:7:float RampStep(uint32_t, float, float, uint32_t)	0	static
signals.hpp:35:7:float TriangleStep(uint32_t, float, float, uint32_t)	0	static
signals.hpp:39:7:float SineStep(uint32_t, float, float, uint32_t)	40	static
cppmain - Copy.cpp:116:7:float set_point2(uint32_t)	0	static
cppmain - Copy.cpp:121:6:bool ClockRunning(TIM_HandleTypeDef*)	0	static
cppmain - Copy.cpp:127:6:void SetSamplingFrequency(uint32_t)	16	static
cppmain - Copy.cpp:138:6:void HAL_TIM_PeriodElapsedCallback(TIM_HandleTypeDef*)	0	static
cppmain - Copy.cpp:145:6:void HAL_GPIO_EXTI_Callback(uint16_t)	8	static
cppmain - Copy.cpp:170:6:void RecieveSettings(SPI_HandleTypeDef*)	24	static
cppmain - Copy.cpp:189:6:void DMA2_Stream4_IRQHandler()	0	static
cppmain - Copy.cpp:195:6:void DMA2_Stream5_IRQHandler()	8	static
cppmain - Copy.cpp:202:6:void DMA2_Stream2_IRQHandler()	0	static
cppmain - Copy.cpp:209:6:void DMA2_Stream3_IRQHandler()	0	static
cppmain - Copy.cpp:216:6:void DMA2_Stream0_IRQHandler()	0	static
cppmain - Copy.cpp:223:6:void DMA2_Stream1_IRQHandler()	0	static
cppmain - Copy.cpp:229:6:void cppmain()	48	static
cppmain - Copy.cpp:347:1:cpp)	16	static
