lock.cpp:27:6:bool lockparameters::CheckLock()	0	static
lock.cpp:61:7:float Damping(uint32_t)	8	static
stl_iterator.h:983:5:_Iterator std::__niter_base(__gnu_cxx::__normal_iterator<_Iterator, _Container>) [with _Iterator = const float*; _Container = std::vector<float>]	0	static
stl_iterator.h:983:5:_Iterator std::__niter_base(__gnu_cxx::__normal_iterator<_Iterator, _Container>) [with _Iterator = float*; _Container = std::vector<float>]	0	static
vector.tcc:179:5:std::vector<_Tp, _Alloc>& std::vector<_Tp, _Alloc>::operator=(const std::vector<_Tp, _Alloc>&) [with _Tp = float; _Alloc = std::allocator<float>]	32	static
lock.cpp:42:6:void lockparameters::RestartLock()	24	static
vector.tcc:153:5:std::vector<_Tp, _Alloc>::iterator std::vector<_Tp, _Alloc>::_M_erase(std::vector<_Tp, _Alloc>::iterator) [with _Tp = float; _Alloc = std::allocator<float>]	24	static
lock.cpp:70:7:float lockparameters::LockStep()	24	static
stl_iterator.h:1241:5:base())) std::__miter_base(std::move_iterator<_IteratorL>) [with _Iterator = float*]	0	static
vector.tcc:394:7:) [with _Args = {const float&}; _Tp = float; _Alloc = std::allocator<float>]	40	static
lock.cpp:17:6:void lockparameters::AddWaypoints(float*, uint16_t)	24	static
lock.cpp:10:6:void lockparameters::AddWaypoint(float)	16	static
