misc_func.cpp:15:8:float* RecordTrace(ADC_Dev*, uint8_t, DAC_Dev*, uint16_t)	56	static
misc_func.cpp:56:8:float* RecordTrace(ADC_Dev*, bool, bool, DAC_Dev*, float, float, uint32_t)	64	static
misc_func.cpp:93:6:void Move2Voltage(DAC_Dev*, float, float)	32	static
misc_func.cpp:158:6:void DigitalOutHigh()	0	static
misc_func.cpp:164:6:void DigitalOutLow()	0	static
misc_func.cpp:169:6:void RecordDetailedTrace(ADC_Dev*, bool, bool, DAC_Dev*, RaspberryPi*, uint32_t, uint32_t, uint32_t)	56	static
misc_func.cpp:225:6:void TestRCCompensationJump(DAC_Dev*)	16	static
misc_func.cpp:248:6:void OptimizePID(ADC_Dev*, uint8_t, DAC_Dev*, RaspberryPi*, PID*)	12088	static
misc_func.cpp:313:6:void SelfTest(ADC_Dev*, DAC_Dev*, DAC_Dev*, RaspberryPi*)	136	static
deque.tcc:562:10:void std::deque<_Tp, _Alloc>::_M_pop_front_aux() [with _Tp = Waypoint; _Alloc = std::allocator<Waypoint>]	8	static
misc_func.cpp:115:6:void Go2Lock(DAC_Dev*, ADC_Dev*, std::queue<Waypoint>, float)	48	static
