signals.hpp:5:8:float* SineSignal(float, float, uint32_t)	40	static
signals.hpp:13:8:float* TriangleSignal(float, float, uint32_t)	16	static
signals.hpp:21:8:float* RampSignal(float, float, uint32_t)	16	static
signals.hpp:31:7:float RampStep(uint32_t, float, float, uint32_t)	0	static
signals.hpp:35:7:float TriangleStep(uint32_t, float, float, uint32_t)	0	static
signals.hpp:39:7:float SineStep(uint32_t, float, float, uint32_t)	40	static
tmp_cmppmain.cpp:48:6:void StartTimer(uint32_t)	16	static
tmp_cmppmain.cpp:56:6:void StopTimer()	8	static
tmp_cmppmain.cpp:62:6:void HAL_TIM_PeriodElapsedCallback(TIM_HandleTypeDef*)	0	static
tmp_cmppmain.cpp:80:6:void HAL_GPIO_EXTI_Callback(uint16_t)	8	static
tmp_cmppmain.cpp:101:6:void DMA2_Stream4_IRQHandler()	8	static
tmp_cmppmain.cpp:106:6:void DMA2_Stream5_IRQHandler()	8	static
tmp_cmppmain.cpp:111:6:void DMA2_Stream2_IRQHandler()	8	static
tmp_cmppmain.cpp:118:6:void DMA2_Stream3_IRQHandler()	0	static
tmp_cmppmain.cpp:124:6:void DMA2_Stream0_IRQHandler()	8	static
tmp_cmppmain.cpp:132:6:void DMA2_Stream1_IRQHandler()	0	static
tmp_cmppmain.cpp:138:6:void DMA2_Stream6_IRQHandler()	0	static
stl_deque.h:738:5:void std::_Deque_base<_Tp, _Alloc>::_M_destroy_nodes(std::_Deque_base<_Tp, _Alloc>::_Map_pointer, std::_Deque_base<_Tp, _Alloc>::_Map_pointer) [with _Tp = Waypoint; _Alloc = std::allocator<Waypoint>]	16	static
stl_deque.h:660:5:std::_Deque_base<_Tp, _Alloc>::~_Deque_base() [with _Tp = Waypoint; _Alloc = std::allocator<Waypoint>]	8	static
stl_deque.h:720:5:void std::_Deque_base<_Tp, _Alloc>::_M_create_nodes(std::_Deque_base<_Tp, _Alloc>::_Map_pointer, std::_Deque_base<_Tp, _Alloc>::_Map_pointer) [with _Tp = Waypoint; _Alloc = std::allocator<Waypoint>]	16	static
stl_deque.h:681:5:void std::_Deque_base<_Tp, _Alloc>::_M_initialize_map(std::size_t) [with _Tp = Waypoint; _Alloc = std::allocator<Waypoint>]	40	static
deque.tcc:917:5:void std::deque<_Tp, _Alloc>::_M_reallocate_map(std::deque<_Tp, _Alloc>::size_type, bool) [with _Tp = Waypoint; _Alloc = std::allocator<Waypoint>]	40	static
deque.tcc:478:7:) [with _Args = {Waypoint}; _Tp = Waypoint; _Alloc = std::allocator<Waypoint>]	16	static
deque.tcc:161:7:) [with _Args = {Waypoint}; _Tp = Waypoint; _Alloc = std::allocator<Waypoint>]	8	static
tmp_cmppmain.cpp:155:6:void cppmain()	472	static
