dac.cpp:45:6:void DAC_Dev::WriteInt(int32_t)	8	static
dac.cpp:118:6:void DAC_Dev::SendClearbit(int32_t)	8	static
dac.cpp:146:6:void DAC_Dev::SendControlbit(float)	8	static
dac.cpp:76:6:void DAC_Dev::ConfigOutputs(ADC_HandleTypeDef*, uint32_t, uint32_t)	56	static
dac.cpp:187:6:void DAC_Dev::ReadControlReg_Step1()	8	static
dac.cpp:200:10:uint8_t* DAC_Dev::ReadControlReg_Step2()	16	static
dac.cpp:216:6:void DAC_Dev::EnableClearbit(bool)	0	static
dac.cpp:229:6:void DAC_Dev::Callback()	8	static
dac.cpp:263:6:void DAC_Dev::Setup(uint8_t, bool)	8	static
dac.cpp:304:1:DAC_Calibration::DAC_Calibration()	0	static
dac.cpp:16:1:DAC_Dev::DAC_Dev(uint8_t, uint8_t, uint8_t, uint8_t, uint8_t, GPIO_TypeDef*, uint16_t, GPIO_TypeDef*, uint16_t)	56	static
dac.cpp:309:6:void DAC_Calibration::Calibrate(float, float, float*, uint32_t)	16	static
dac.cpp:295:6:void DAC_Dev::Calibrate(float, float, float*, uint32_t)	8	static
dac.cpp:328:7:float DAC_Calibration::ApplyCalibration(float)	0	static
dac.cpp:245:6:void DAC_Dev::WriteFloat(float)	8	static
dac.cpp:335:6:void DAC_Dev::MakeDMA2Way()	32	static
dac.cpp:340:6:void DAC_Dev::MakeDMA1Way()	24	static
