dma.cpp:17:6:void SPI_DMA_Handler::Config(uint8_t, uint8_t, uint8_t, uint8_t, uint8_t, uint32_t)	8	static
dma.cpp:12:1:SPI_DMA_Handler::SPI_DMA_Handler(uint8_t, uint8_t, uint8_t, uint8_t, uint8_t, uint32_t)	32	static
dma.cpp:113:6:void SPI_DMA_Handler::Transfer(uint8_t*, uint8_t*, uint16_t)	4	static
dma.cpp:146:6:void SPI_DMA_Handler::Callback()	0	static
dma.cpp:172:6:void SPI_DMA_Handler::JustWrite()	0	static
dma.cpp:178:6:void SPI_DMA_Handler::JustRead()	0	static
dma.cpp:184:6:void SPI_DMA_Handler::RestoreDefault()	0	static
