cppmain.cpp:103:7:float set_point_triangle(uint32_t)	0	static
cppmain.cpp:107:7:float set_point_ramp(uint32_t)	0	static
cppmain.cpp:115:7:float set_point_const(uint32_t)	0	static
cppmain.cpp:111:7:float set_point_sine(uint32_t)	32	static
signals.hpp:5:8:float* SineSignal(float, float, uint32_t)	64	static
signals.hpp:13:8:float* TriangleSignal(float, float, uint32_t)	24	static
signals.hpp:21:8:float* RampSignal(float, float, uint32_t)	16	static
signals.hpp:31:7:float RampStep(uint32_t, float, float, uint32_t)	0	static
signals.hpp:35:7:float TriangleStep(uint32_t, float, float, uint32_t)	0	static
signals.hpp:39:7:float SineStep(uint32_t, float, float, uint32_t)	40	static
cppmain.cpp:121:7:float set_point2(uint32_t)	0	static
cppmain.cpp:126:6:bool ClockRunning(TIM_HandleTypeDef*)	0	static
cppmain.cpp:132:6:void SetSamplingFrequency(uint32_t)	16	static
cppmain.cpp:143:6:void HAL_TIM_PeriodElapsedCallback(TIM_HandleTypeDef*)	0	static
cppmain.cpp:150:6:void HAL_GPIO_EXTI_Callback(uint16_t)	8	static
cppmain.cpp:175:6:void RecieveSettings(SPI_HandleTypeDef*)	24	static
cppmain.cpp:194:6:void DMA2_Stream4_IRQHandler()	0	static
cppmain.cpp:200:6:void DMA2_Stream5_IRQHandler()	0	static
cppmain.cpp:206:6:void DMA2_Stream2_IRQHandler()	0	static
cppmain.cpp:213:6:void DMA2_Stream3_IRQHandler()	0	static
cppmain.cpp:220:6:void DMA2_Stream0_IRQHandler()	8	static
cppmain.cpp:230:6:void DMA2_Stream1_IRQHandler()	0	static
cppmain.cpp:236:6:void cppmain()	224	static
cppmain.cpp:461:1:cpp)	8	static
