Archive member included to satisfy reference by file (symbol)

c:/st/stm32cubeide_1.2.0/stm32cubeide/plugins/com.st.stm32cube.ide.mcu.externaltools.gnu-tools-for-stm32.7-2018-q2-update.win32_1.0.0.201904181610/tools/bin/../lib/gcc/arm-none-eabi/7.3.1/../../../../arm-none-eabi/lib/thumb/v7e-m/fpv4-sp/hard\libstdc++_nano.a(new_opv.o)
                              Core/Src/adc.o (operator new[](unsigned int))
c:/st/stm32cubeide_1.2.0/stm32cubeide/plugins/com.st.stm32cube.ide.mcu.externaltools.gnu-tools-for-stm32.7-2018-q2-update.win32_1.0.0.201904181610/tools/bin/../lib/gcc/arm-none-eabi/7.3.1/../../../../arm-none-eabi/lib/thumb/v7e-m/fpv4-sp/hard\libstdc++_nano.a(del_ops.o)
                              Core/Src/adc.o (operator delete(void*, unsigned int))
c:/st/stm32cubeide_1.2.0/stm32cubeide/plugins/com.st.stm32cube.ide.mcu.externaltools.gnu-tools-for-stm32.7-2018-q2-update.win32_1.0.0.201904181610/tools/bin/../lib/gcc/arm-none-eabi/7.3.1/../../../../arm-none-eabi/lib/thumb/v7e-m/fpv4-sp/hard\libstdc++_nano.a(new_op.o)
                              Core/Src/adc.o (operator new(unsigned int))
c:/st/stm32cubeide_1.2.0/stm32cubeide/plugins/com.st.stm32cube.ide.mcu.externaltools.gnu-tools-for-stm32.7-2018-q2-update.win32_1.0.0.201904181610/tools/bin/../lib/gcc/arm-none-eabi/7.3.1/../../../../arm-none-eabi/lib/thumb/v7e-m/fpv4-sp/hard\libstdc++_nano.a(new_handler.o)
                              c:/st/stm32cubeide_1.2.0/stm32cubeide/plugins/com.st.stm32cube.ide.mcu.externaltools.gnu-tools-for-stm32.7-2018-q2-update.win32_1.0.0.201904181610/tools/bin/../lib/gcc/arm-none-eabi/7.3.1/../../../../arm-none-eabi/lib/thumb/v7e-m/fpv4-sp/hard\libstdc++_nano.a(new_op.o) (std::get_new_handler())
c:/st/stm32cubeide_1.2.0/stm32cubeide/plugins/com.st.stm32cube.ide.mcu.externaltools.gnu-tools-for-stm32.7-2018-q2-update.win32_1.0.0.201904181610/tools/bin/../lib/gcc/arm-none-eabi/7.3.1/../../../../arm-none-eabi/lib/thumb/v7e-m/fpv4-sp/hard\libstdc++_nano.a(del_op.o)
                              Core/Src/cppmain.o (operator delete(void*))
c:/st/stm32cubeide_1.2.0/stm32cubeide/plugins/com.st.stm32cube.ide.mcu.externaltools.gnu-tools-for-stm32.7-2018-q2-update.win32_1.0.0.201904181610/tools/bin/../lib/gcc/arm-none-eabi/7.3.1/../../../../arm-none-eabi/lib/thumb/v7e-m/fpv4-sp/hard\libstdc++_nano.a(functexcept.o)
                              Core/Src/cppmain.o (std::__throw_bad_alloc())
c:/st/stm32cubeide_1.2.0/stm32cubeide/plugins/com.st.stm32cube.ide.mcu.externaltools.gnu-tools-for-stm32.7-2018-q2-update.win32_1.0.0.201904181610/tools/bin/../lib/gcc/arm-none-eabi/7.3.1/../../../../arm-none-eabi/lib/thumb/v7e-m/fpv4-sp/hard\libstdc++_nano.a(snprintf_lite.o)
                              c:/st/stm32cubeide_1.2.0/stm32cubeide/plugins/com.st.stm32cube.ide.mcu.externaltools.gnu-tools-for-stm32.7-2018-q2-update.win32_1.0.0.201904181610/tools/bin/../lib/gcc/arm-none-eabi/7.3.1/../../../../arm-none-eabi/lib/thumb/v7e-m/fpv4-sp/hard\libstdc++_nano.a(functexcept.o) (__gnu_cxx::__snprintf_lite(char*, unsigned int, char const*, std::__va_list))
c:/st/stm32cubeide_1.2.0/stm32cubeide/plugins/com.st.stm32cube.ide.mcu.externaltools.gnu-tools-for-stm32.7-2018-q2-update.win32_1.0.0.201904181610/tools/bin/../lib/gcc/arm-none-eabi/7.3.1/../../../../arm-none-eabi/lib/thumb/v7e-m/fpv4-sp/hard\libm.a(lib_a-sf_sin.o)
                              Core/Src/cppmain.o (sinf)
c:/st/stm32cubeide_1.2.0/stm32cubeide/plugins/com.st.stm32cube.ide.mcu.externaltools.gnu-tools-for-stm32.7-2018-q2-update.win32_1.0.0.201904181610/tools/bin/../lib/gcc/arm-none-eabi/7.3.1/../../../../arm-none-eabi/lib/thumb/v7e-m/fpv4-sp/hard\libm.a(lib_a-wf_exp.o)
                              Core/Src/lock.o (expf)
c:/st/stm32cubeide_1.2.0/stm32cubeide/plugins/com.st.stm32cube.ide.mcu.externaltools.gnu-tools-for-stm32.7-2018-q2-update.win32_1.0.0.201904181610/tools/bin/../lib/gcc/arm-none-eabi/7.3.1/../../../../arm-none-eabi/lib/thumb/v7e-m/fpv4-sp/hard\libm.a(lib_a-ef_exp.o)
                              c:/st/stm32cubeide_1.2.0/stm32cubeide/plugins/com.st.stm32cube.ide.mcu.externaltools.gnu-tools-for-stm32.7-2018-q2-update.win32_1.0.0.201904181610/tools/bin/../lib/gcc/arm-none-eabi/7.3.1/../../../../arm-none-eabi/lib/thumb/v7e-m/fpv4-sp/hard\libm.a(lib_a-wf_exp.o) (__ieee754_expf)
c:/st/stm32cubeide_1.2.0/stm32cubeide/plugins/com.st.stm32cube.ide.mcu.externaltools.gnu-tools-for-stm32.7-2018-q2-update.win32_1.0.0.201904181610/tools/bin/../lib/gcc/arm-none-eabi/7.3.1/../../../../arm-none-eabi/lib/thumb/v7e-m/fpv4-sp/hard\libm.a(lib_a-ef_rem_pio2.o)
                              c:/st/stm32cubeide_1.2.0/stm32cubeide/plugins/com.st.stm32cube.ide.mcu.externaltools.gnu-tools-for-stm32.7-2018-q2-update.win32_1.0.0.201904181610/tools/bin/../lib/gcc/arm-none-eabi/7.3.1/../../../../arm-none-eabi/lib/thumb/v7e-m/fpv4-sp/hard\libm.a(lib_a-sf_sin.o) (__ieee754_rem_pio2f)
[...]
Memory Configuration

Name             Origin             Length             Attributes
CCMRAM           0x0000000010000000 0x0000000000010000 xrw
RAM              0x0000000020000000 0x0000000000030000 xrw
FLASH            0x0000000008000000 0x0000000000200000 xr
*default*        0x0000000000000000 0xffffffffffffffff

Linker script and memory map

LOAD c:/st/stm32cubeide_1.2.0/stm32cubeide/plugins/com.st.stm32cube.ide.mcu.externaltools.gnu-tools-for-stm32.7-2018-q2-update.win32_1.0.0.201904181610/tools/bin/../lib/gcc/arm-none-eabi/7.3.1/thumb/v7e-m/fpv4-sp/hard/crti.o
LOAD c:/st/stm32cubeide_1.2.0/stm32cubeide/plugins/com.st.stm32cube.ide.mcu.externaltools.gnu-tools-for-stm32.7-2018-q2-update.win32_1.0.0.201904181610/tools/bin/../lib/gcc/arm-none-eabi/7.3.1/thumb/v7e-m/fpv4-sp/hard/crtbegin.o
LOAD c:/st/stm32cubeide_1.2.0/stm32cubeide/plugins/com.st.stm32cube.ide.mcu.externaltools.gnu-tools-for-stm32.7-2018-q2-update.win32_1.0.0.201904181610/tools/bin/../lib/gcc/arm-none-eabi/7.3.1/../../../../arm-none-eabi/lib/thumb/v7e-m/fpv4-sp/hard/crt0.o
LOAD Core/Src/adc.o
LOAD Core/Src/benchmarking.o
LOAD Core/Src/cppmain.o
LOAD Core/Src/dac.o
LOAD Core/Src/dma.o
LOAD Core/Src/leds.o
LOAD Core/Src/lock.o
LOAD Core/Src/main.o
LOAD Core/Src/misc_func.o
LOAD Core/Src/newdma.o
LOAD Core/Src/oscilloscope.o
LOAD Core/Src/pid.o
LOAD Core/Src/raspberrypi.o
LOAD Core/Src/spi.o
LOAD Core/Src/stm32f4xx_hal_msp.o
LOAD Core/Src/stm32f4xx_it.o
LOAD Core/Src/syscalls.o
LOAD Core/Src/sysmem.o
LOAD Core/Src/system_stm32f4xx.o
LOAD Core/Startup/startup_stm32f427zitx.o
LOAD Drivers/STM32F4xx_HAL_Driver/Src/stm32f4xx_hal.o
LOAD Drivers/STM32F4xx_HAL_Driver/Src/stm32f4xx_hal_cortex.o
LOAD Drivers/STM32F4xx_HAL_Driver/Src/stm32f4xx_hal_dma.o
LOAD Drivers/STM32F4xx_HAL_Driver/Src/stm32f4xx_hal_dma_ex.o
LOAD Drivers/STM32F4xx_HAL_Driver/Src/stm32f4xx_hal_exti.o
LOAD Drivers/STM32F4xx_HAL_Driver/Src/stm32f4xx_hal_flash.o
LOAD Drivers/STM32F4xx_HAL_Driver/Src/stm32f4xx_hal_flash_ex.o
LOAD Drivers/STM32F4xx_HAL_Driver/Src/stm32f4xx_hal_flash_ramfunc.o
LOAD Drivers/STM32F4xx_HAL_Driver/Src/stm32f4xx_hal_gpio.o
LOAD Drivers/STM32F4xx_HAL_Driver/Src/stm32f4xx_hal_pwr.o
LOAD Drivers/STM32F4xx_HAL_Driver/Src/stm32f4xx_hal_pwr_ex.o
LOAD Drivers/STM32F4xx_HAL_Driver/Src/stm32f4xx_hal_rcc.o
LOAD Drivers/STM32F4xx_HAL_Driver/Src/stm32f4xx_hal_rcc_ex.o
LOAD Drivers/STM32F4xx_HAL_Driver/Src/stm32f4xx_hal_spi.o
LOAD Drivers/STM32F4xx_HAL_Driver/Src/stm32f4xx_hal_tim.o
LOAD Drivers/STM32F4xx_HAL_Driver/Src/stm32f4xx_hal_tim_ex.o
START GROUP
LOAD c:/st/stm32cubeide_1.2.0/stm32cubeide/plugins/com.st.stm32cube.ide.mcu.externaltools.gnu-tools-for-stm32.7-2018-q2-update.win32_1.0.0.201904181610/tools/bin/../lib/gcc/arm-none-eabi/7.3.1/../../../../arm-none-eabi/lib/thumb/v7e-m/fpv4-sp/hard\libstdc++_nano.a
LOAD c:/st/stm32cubeide_1.2.0/stm32cubeide/plugins/com.st.stm32cube.ide.mcu.externaltools.gnu-tools-for-stm32.7-2018-q2-update.win32_1.0.0.201904181610/tools/bin/../lib/gcc/arm-none-eabi/7.3.1/../../../../arm-none-eabi/lib/thumb/v7e-m/fpv4-sp/hard\libsupc++_nano.a
END GROUP
LOAD c:/st/stm32cubeide_1.2.0/stm32cubeide/plugins/com.st.stm32cube.ide.mcu.externaltools.gnu-tools-for-stm32.7-2018-q2-update.win32_1.0.0.201904181610/tools/bin/../lib/gcc/arm-none-eabi/7.3.1/../../../../arm-none-eabi/lib/thumb/v7e-m/fpv4-sp/hard\libstdc++_nano.a
LOAD c:/st/stm32cubeide_1.2.0/stm32cubeide/plugins/com.st.stm32cube.ide.mcu.externaltools.gnu-tools-for-stm32.7-2018-q2-update.win32_1.0.0.201904181610/tools/bin/../lib/gcc/arm-none-eabi/7.3.1/../../../../arm-none-eabi/lib/thumb/v7e-m/fpv4-sp/hard\libm.a
LOAD c:/st/stm32cubeide_1.2.0/stm32cubeide/plugins/com.st.stm32cube.ide.mcu.externaltools.gnu-tools-for-stm32.7-2018-q2-update.win32_1.0.0.201904181610/tools/bin/../lib/gcc/arm-none-eabi/7.3.1/../../../../arm-none-eabi/lib/thumb/v7e-m/fpv4-sp/hard\libc_nano.a
START GROUP
LOAD c:/st/stm32cubeide_1.2.0/stm32cubeide/plugins/com.st.stm32cube.ide.mcu.externaltools.gnu-tools-for-stm32.7-2018-q2-update.win32_1.0.0.201904181610/tools/bin/../lib/gcc/arm-none-eabi/7.3.1/thumb/v7e-m/fpv4-sp/hard\libgcc.a
LOAD c:/st/stm32cubeide_1.2.0/stm32cubeide/plugins/com.st.stm32cube.ide.mcu.externaltools.gnu-tools-for-stm32.7-2018-q2-update.win32_1.0.0.201904181610/tools/bin/../lib/gcc/arm-none-eabi/7.3.1/../../../../arm-none-eabi/lib/thumb/v7e-m/fpv4-sp/hard\libc_nano.a
END GROUP
START GROUP
LOAD c:/st/stm32cubeide_1.2.0/stm32cubeide/plugins/com.st.stm32cube.ide.mcu.externaltools.gnu-tools-for-stm32.7-2018-q2-update.win32_1.0.0.201904181610/tools/bin/../lib/gcc/arm-none-eabi/7.3.1/thumb/v7e-m/fpv4-sp/hard\libgcc.a
LOAD c:/st/stm32cubeide_1.2.0/stm32cubeide/plugins/com.st.stm32cube.ide.mcu.externaltools.gnu-tools-for-stm32.7-2018-q2-update.win32_1.0.0.201904181610/tools/bin/../lib/gcc/arm-none-eabi/7.3.1/../../../../arm-none-eabi/lib/thumb/v7e-m/fpv4-sp/hard\libc_nano.a
LOAD c:/st/stm32cubeide_1.2.0/stm32cubeide/plugins/com.st.stm32cube.ide.mcu.externaltools.gnu-tools-for-stm32.7-2018-q2-update.win32_1.0.0.201904181610/tools/bin/../lib/gcc/arm-none-eabi/7.3.1/../../../../arm-none-eabi/lib/thumb/v7e-m/fpv4-sp/hard\libnosys.a
END GROUP
START GROUP
LOAD c:/st/stm32cubeide_1.2.0/stm32cubeide/plugins/com.st.stm32cube.ide.mcu.externaltools.gnu-tools-for-stm32.7-2018-q2-update.win32_1.0.0.201904181610/tools/bin/../lib/gcc/arm-none-eabi/7.3.1/thumb/v7e-m/fpv4-sp/hard\libgcc.a
LOAD c:/st/stm32cubeide_1.2.0/stm32cubeide/plugins/com.st.stm32cube.ide.mcu.externaltools.gnu-tools-for-stm32.7-2018-q2-update.win32_1.0.0.201904181610/tools/bin/../lib/gcc/arm-none-eabi/7.3.1/../../../../arm-none-eabi/lib/thumb/v7e-m/fpv4-sp/hard\libc_nano.a
LOAD c:/st/stm32cubeide_1.2.0/stm32cubeide/plugins/com.st.stm32cube.ide.mcu.externaltools.gnu-tools-for-stm32.7-2018-q2-update.win32_1.0.0.201904181610/tools/bin/../lib/gcc/arm-none-eabi/7.3.1/../../../../arm-none-eabi/lib/thumb/v7e-m/fpv4-sp/hard\libnosys.a
END GROUP
LOAD c:/st/stm32cubeide_1.2.0/stm32cubeide/plugins/com.st.stm32cube.ide.mcu.externaltools.gnu-tools-for-stm32.7-2018-q2-update.win32_1.0.0.201904181610/tools/bin/../lib/gcc/arm-none-eabi/7.3.1/thumb/v7e-m/fpv4-sp/hard/crtend.o
LOAD c:/st/stm32cubeide_1.2.0/stm32cubeide/plugins/com.st.stm32cube.ide.mcu.externaltools.gnu-tools-for-stm32.7-2018-q2-update.win32_1.0.0.201904181610/tools/bin/../lib/gcc/arm-none-eabi/7.3.1/thumb/v7e-m/fpv4-sp/hard/crtn.o
                0x0000000020030000                _estack = (ORIGIN (RAM) + LENGTH (RAM))
                0x0000000000000200                _Min_Heap_Size = 0x200
                0x0000000000000400                _Min_Stack_Size = 0x400

.isr_vector     0x0000000008000000      0x1ac
                0x0000000008000000                . = ALIGN (0x4)
 *(.isr_vector)
 .isr_vector    0x0000000008000000      0x1ac Core/Startup/startup_stm32f427zitx.o
                0x0000000008000000                g_pfnVectors
                0x00000000080001ac                . = ALIGN (0x4)

.text           0x00000000080001b0     0x3550
                0x00000000080001b0                . = ALIGN (0x4)
 *(.text)
 .text          0x00000000080001b0       0x40 c:/st/stm32cubeide_1.2.0/stm32cubeide/plugins/com.st.stm32cube.ide.mcu.externaltools.gnu-tools-for-stm32.7-2018-q2-update.win32_1.0.0.201904181610/tools/bin/../lib/gcc/arm-none-eabi/7.3.1/thumb/v7e-m/fpv4-sp/hard/crtbegin.o
 .text          0x00000000080001f0       0x30 c:/st/stm32cubeide_1.2.0/stm32cubeide/plugins/com.st.stm32cube.ide.mcu.externaltools.gnu-tools-for-stm32.7-2018-q2-update.win32_1.0.0.201904181610/tools/bin/../lib/gcc/arm-none-eabi/7.3.1/thumb/v7e-m/fpv4-sp/hard\libgcc.a(_aeabi_uldivmod.o)
                0x00000000080001f0                __aeabi_uldivmod
 .text          0x0000000008000220      0x2cc c:/st/stm32cubeide_1.2.0/stm32cubeide/plugins/com.st.stm32cube.ide.mcu.externaltools.gnu-tools-for-stm32.7-2018-q2-update.win32_1.0.0.201904181610/tools/bin/../lib/gcc/arm-none-eabi/7.3.1/thumb/v7e-m/fpv4-sp/hard\libgcc.a(_udivmoddi4.o)
                0x0000000008000220                __udivmoddi4
 .text          0x00000000080004ec        0x4 c:/st/stm32cubeide_1.2.0/stm32cubeide/plugins/com.st.stm32cube.ide.mcu.externaltools.gnu-tools-for-stm32.7-2018-q2-update.win32_1.0.0.201904181610/tools/bin/../lib/gcc/arm-none-eabi/7.3.1/thumb/v7e-m/fpv4-sp/hard\libgcc.a(_dvmd_tls.o)
                0x00000000080004ec                __aeabi_idiv0
                0x00000000080004ec                __aeabi_ldiv0
 *(.text*)
 .text._ZN7ADC_DevC2EhhhhhP12GPIO_TypeDeft
                0x00000000080004f0      0x124 Core/Src/adc.o
                0x00000000080004f0                ADC_Dev::ADC_Dev(unsigned char, unsigned char, unsigned char, unsigned char, unsigned char, GPIO_TypeDef*, unsigned short)
                0x00000000080004f0                ADC_Dev::ADC_Dev(unsigned char, unsigned char, unsigned char, unsigned char, unsigned char, GPIO_TypeDef*, unsigned short)
 .text._ZN11ADC_Channel10SetLowPassEbf
                0x0000000008000614        0xc Core/Src/adc.o
                0x0000000008000614                ADC_Channel::SetLowPass(bool, float)
 .text.HAL_GPIO_EXTI_Callback
                0x0000000008000620       0x54 Core/Src/cppmain.o
                0x0000000008000620                HAL_GPIO_EXTI_Callback
 .text.cppmain  0x0000000008000674      0x7c0 Core/Src/cppmain.o
                0x0000000008000674                cppmain
 .text.startup._GLOBAL__sub_I__Z10SineSignalffm
                0x0000000008000e34       0x14 Core/Src/cppmain.o
 .text._ZN7DAC_DevC2EhhhP12GPIO_TypeDeftS1_t
                0x0000000008000e48       0xa4 Core/Src/dac.o
                0x0000000008000e48                DAC_Dev::DAC_Dev(unsigned char, unsigned char, unsigned char, GPIO_TypeDef*, unsigned short, GPIO_TypeDef*, unsigned short)
                0x0000000008000e48                DAC_Dev::DAC_Dev(unsigned char, unsigned char, unsigned char, GPIO_TypeDef*, unsigned short, GPIO_TypeDef*, unsigned short)
 .text._ZN7DAC_Dev5SetupEffb
                0x0000000008000eec       0xc0 Core/Src/dac.o
                0x0000000008000eec                DAC_Dev::Setup(float, float, bool)
 .text._Z12turn_LED1_onv
                0x0000000008000fac       0x10 Core/Src/leds.o
                0x0000000008000fac                turn_LED1_on()
 .text._Z13turn_LED1_offv
                0x0000000008000fbc       0x10 Core/Src/leds.o
                0x0000000008000fbc                turn_LED1_off()
 .text._Z13turn_LED2_offv
                0x0000000008000fcc       0x10 Core/Src/leds.o
                0x0000000008000fcc                turn_LED2_off()
 .text._Z12turn_LED3_onv
                0x0000000008000fdc       0x10 Core/Src/leds.o
                0x0000000008000fdc                turn_LED3_on()
 .text._Z13turn_LED3_offv
                0x0000000008000fec       0x10 Core/Src/leds.o
                0x0000000008000fec                turn_LED3_off()
 .text._Z12turn_LED5_onv
                0x0000000008000ffc       0x10 Core/Src/leds.o
                0x0000000008000ffc                turn_LED5_on()
 .text._Z12turn_LED6_onv
                0x000000000800100c       0x10 Core/Src/leds.o
                0x000000000800100c                turn_LED6_on()
 .text.SystemClock_Config
                0x000000000800101c       0xd0 Core/Src/main.o
                0x000000000800101c                SystemClock_Config
 .text.startup.main
                0x00000000080010ec      0x580 Core/Src/main.o
                0x00000000080010ec                main
 .text.Error_Handler
                0x000000000800166c       0x10 Core/Src/main.o
                0x000000000800166c                Error_Handler
 .text._Z11RecordTraceP7ADC_DevhP7DAC_Devt
                0x000000000800167c       0xac Core/Src/misc_func.o
                0x000000000800167c                RecordTrace(ADC_Dev*, unsigned char, DAC_Dev*, unsigned short)
 .text._Z11RecordTraceP7ADC_DevbbP7DAC_Devffm
                0x0000000008001728       0xd4 Core/Src/misc_func.o
                0x0000000008001728                RecordTrace(ADC_Dev*, bool, bool, DAC_Dev*, float, float, unsigned long)
 .text._Z12Move2VoltageP7DAC_Devff
                0x00000000080017fc       0x90 Core/Src/misc_func.o
                0x00000000080017fc                Move2Voltage(DAC_Dev*, float, float)
 .text._Z7Go2LockP7DAC_DevP7ADC_DevSt5queueI8WaypointSt5dequeIS4_SaIS4_EEEf
                0x000000000800188c       0xdc Core/Src/misc_func.o
                0x000000000800188c                Go2Lock(DAC_Dev*, ADC_Dev*, std::queue<Waypoint, std::deque<Waypoint, std::allocator<Waypoint> > >, float)
 .text._ZN15SPI_DMA_HandlerC2Ehhhhhm
                0x0000000008001968      0x260 Core/Src/newdma.o
                0x0000000008001968                SPI_DMA_Handler::SPI_DMA_Handler(unsigned char, unsigned char, unsigned char, unsigned char, unsigned char, unsigned long)
                0x0000000008001968                SPI_DMA_Handler::SPI_DMA_Handler(unsigned char, unsigned char, unsigned char, unsigned char, unsigned char, unsigned long)
 .text._ZN12OscilloscopeC2EP11RaspberryPi
                0x0000000008001bc8       0x24 Core/Src/oscilloscope.o
                0x0000000008001bc8                Oscilloscope::Oscilloscope(RaspberryPi*)
                0x0000000008001bc8                Oscilloscope::Oscilloscope(RaspberryPi*)
 .text._ZN12Oscilloscope5SetupEt
                0x0000000008001bec        0xc Core/Src/oscilloscope.o
                0x0000000008001bec                Oscilloscope::Setup(unsigned short)
 .text._ZN3PID11SetPIDParamEPf
                0x0000000008001bf8       0x14 Core/Src/pid.o
                0x0000000008001bf8                PID::SetPIDParam(float*)
 .text._ZN11RaspberryPiC2EhhhhhP12GPIO_TypeDeft
                0x0000000008001c0c       0x50 Core/Src/raspberrypi.o
                0x0000000008001c0c                RaspberryPi::RaspberryPi(unsigned char, unsigned char, unsigned char, unsigned char, unsigned char, GPIO_TypeDef*, unsigned short)
                0x0000000008001c0c                RaspberryPi::RaspberryPi(unsigned char, unsigned char, unsigned char, unsigned char, unsigned char, GPIO_TypeDef*, unsigned short)
 .text.HAL_MspInit
                0x0000000008001c5c       0x38 Core/Src/stm32f4xx_hal_msp.o
                0x0000000008001c5c                HAL_MspInit
 .text.HAL_SPI_MspInit
                0x0000000008001c94      0x3b0 Core/Src/stm32f4xx_hal_msp.o
                0x0000000008001c94                HAL_SPI_MspInit
 .text.HAL_TIM_Base_MspInit
                0x0000000008002044       0xb0 Core/Src/stm32f4xx_hal_msp.o
                0x0000000008002044                HAL_TIM_Base_MspInit
 .text.NMI_Handler
                0x00000000080020f4        0x4 Core/Src/stm32f4xx_it.o
                0x00000000080020f4                NMI_Handler
 .text.HardFault_Handler
                0x00000000080020f8        0x4 Core/Src/stm32f4xx_it.o
                0x00000000080020f8                HardFault_Handler
 .text.MemManage_Handler
                0x00000000080020fc        0x4 Core/Src/stm32f4xx_it.o
                0x00000000080020fc                MemManage_Handler
 .text.BusFault_Handler
                0x0000000008002100        0x4 Core/Src/stm32f4xx_it.o
                0x0000000008002100                BusFault_Handler
 .text.UsageFault_Handler
                0x0000000008002104        0x4 Core/Src/stm32f4xx_it.o
                0x0000000008002104                UsageFault_Handler
 .text.SVC_Handler
                0x0000000008002108        0x4 Core/Src/stm32f4xx_it.o
                0x0000000008002108                SVC_Handler
 .text.DebugMon_Handler
                0x000000000800210c        0x4 Core/Src/stm32f4xx_it.o
                0x000000000800210c                DebugMon_Handler
 .text.PendSV_Handler
                0x0000000008002110        0x4 Core/Src/stm32f4xx_it.o
                0x0000000008002110                PendSV_Handler
 .text.SysTick_Handler
                0x0000000008002114        0x4 Core/Src/stm32f4xx_it.o
                0x0000000008002114                SysTick_Handler
 .text.EXTI1_IRQHandler
                0x0000000008002118        0x8 Core/Src/stm32f4xx_it.o
                0x0000000008002118                EXTI1_IRQHandler
 .text.EXTI9_5_IRQHandler
                0x0000000008002120        0x8 Core/Src/stm32f4xx_it.o
                0x0000000008002120                EXTI9_5_IRQHandler
 .text.TIM4_IRQHandler
                0x0000000008002128        0xc Core/Src/stm32f4xx_it.o
                0x0000000008002128                TIM4_IRQHandler
 .text._getpid  0x0000000008002134        0x4 Core/Src/syscalls.o
                0x0000000008002134                _getpid
 .text._kill    0x0000000008002138       0x10 Core/Src/syscalls.o
                0x0000000008002138                _kill
 .text._exit    0x0000000008002148        0xc Core/Src/syscalls.o
                0x0000000008002148                _exit
 .text._sbrk    0x0000000008002154       0x3c Core/Src/sysmem.o
                0x0000000008002154                _sbrk
 .text.SystemInit
                0x0000000008002190       0x50 Core/Src/system_stm32f4xx.o
                0x0000000008002190                SystemInit
 .text.Reset_Handler
                0x00000000080021e0       0x50 Core/Startup/startup_stm32f427zitx.o
                0x00000000080021e0                Reset_Handler
 .text.Default_Handler
                0x0000000008002230        0x2 Core/Startup/startup_stm32f427zitx.o
                0x0000000008002230                RTC_Alarm_IRQHandler
                0x0000000008002230                HASH_RNG_IRQHandler
                0x0000000008002230                EXTI2_IRQHandler
                0x0000000008002230                TIM8_CC_IRQHandler
                0x0000000008002230                UART8_IRQHandler
                0x0000000008002230                SPI4_IRQHandler
                0x0000000008002230                TIM1_CC_IRQHandler
                0x0000000008002230                DMA1_Stream5_IRQHandler
                0x0000000008002230                PVD_IRQHandler
                0x0000000008002230                SDIO_IRQHandler
                0x0000000008002230                TAMP_STAMP_IRQHandler
                0x0000000008002230                CAN2_RX1_IRQHandler
                0x0000000008002230                EXTI3_IRQHandler
                0x0000000008002230                TIM8_TRG_COM_TIM14_IRQHandler
                0x0000000008002230                TIM1_UP_TIM10_IRQHandler
                0x0000000008002230                TIM8_UP_TIM13_IRQHandler
                0x0000000008002230                I2C3_ER_IRQHandler
                0x0000000008002230                EXTI0_IRQHandler
                0x0000000008002230                I2C2_EV_IRQHandler
                0x0000000008002230                DMA1_Stream2_IRQHandler
                0x0000000008002230                CAN1_RX0_IRQHandler
                0x0000000008002230                FPU_IRQHandler
                0x0000000008002230                OTG_HS_WKUP_IRQHandler
                0x0000000008002230                CAN2_SCE_IRQHandler
                0x0000000008002230                SPI1_IRQHandler
                0x0000000008002230                TIM6_DAC_IRQHandler
                0x0000000008002230                TIM1_BRK_TIM9_IRQHandler
                0x0000000008002230                DCMI_IRQHandler
                0x0000000008002230                CAN2_RX0_IRQHandler
                0x0000000008002230                USART6_IRQHandler
                0x0000000008002230                USART3_IRQHandler
                0x0000000008002230                CAN1_RX1_IRQHandler
                0x0000000008002230                UART5_IRQHandler
                0x0000000008002230                I2C1_EV_IRQHandler
                0x0000000008002230                DMA1_Stream6_IRQHandler
                0x0000000008002230                DMA1_Stream1_IRQHandler
                0x0000000008002230                UART4_IRQHandler
                0x0000000008002230                RCC_IRQHandler
                0x0000000008002230                TIM8_BRK_TIM12_IRQHandler
                0x0000000008002230                Default_Handler
                0x0000000008002230                EXTI15_10_IRQHandler
                0x0000000008002230                ADC_IRQHandler
                0x0000000008002230                DMA1_Stream7_IRQHandler
                0x0000000008002230                SPI5_IRQHandler
                0x0000000008002230                TIM7_IRQHandler
                0x0000000008002230                CAN2_TX_IRQHandler
                0x0000000008002230                TIM5_IRQHandler
                0x0000000008002230                DMA2_Stream7_IRQHandler
                0x0000000008002230                I2C3_EV_IRQHandler
                0x0000000008002230                RTC_WKUP_IRQHandler
                0x0000000008002230                ETH_WKUP_IRQHandler
                0x0000000008002230                SPI2_IRQHandler
                0x0000000008002230                OTG_HS_EP1_IN_IRQHandler
                0x0000000008002230                DMA1_Stream0_IRQHandler
                0x0000000008002230                CAN1_TX_IRQHandler
                0x0000000008002230                EXTI4_IRQHandler
                0x0000000008002230                ETH_IRQHandler
                0x0000000008002230                OTG_HS_EP1_OUT_IRQHandler
                0x0000000008002230                WWDG_IRQHandler
                0x0000000008002230                SPI6_IRQHandler
                0x0000000008002230                OTG_FS_WKUP_IRQHandler
                0x0000000008002230                TIM1_TRG_COM_TIM11_IRQHandler
                0x0000000008002230                OTG_HS_IRQHandler
                0x0000000008002230                DMA2D_IRQHandler
                0x0000000008002230                UART7_IRQHandler
                0x0000000008002230                USART2_IRQHandler
                0x0000000008002230                I2C2_ER_IRQHandler
                0x0000000008002230                CAN1_SCE_IRQHandler
                0x0000000008002230                FLASH_IRQHandler
                0x0000000008002230                USART1_IRQHandler
                0x0000000008002230                OTG_FS_IRQHandler
                0x0000000008002230                SPI3_IRQHandler
                0x0000000008002230                I2C1_ER_IRQHandler
                0x0000000008002230                FMC_IRQHandler
                0x0000000008002230                DMA2_Stream6_IRQHandler
                0x0000000008002230                SAI1_IRQHandler
 *fill*         0x0000000008002232        0x2 
 .text.HAL_InitTick
                0x0000000008002234       0x48 Drivers/STM32F4xx_HAL_Driver/Src/stm32f4xx_hal.o
                0x0000000008002234                HAL_InitTick
 .text.HAL_Init
                0x000000000800227c       0x34 Drivers/STM32F4xx_HAL_Driver/Src/stm32f4xx_hal.o
                0x000000000800227c                HAL_Init
 .text.HAL_IncTick
                0x00000000080022b0       0x18 Drivers/STM32F4xx_HAL_Driver/Src/stm32f4xx_hal.o
                0x00000000080022b0                HAL_IncTick
 .text.HAL_GetTick
                0x00000000080022c8        0xc Drivers/STM32F4xx_HAL_Driver/Src/stm32f4xx_hal.o
                0x00000000080022c8                HAL_GetTick
 .text.HAL_Delay
                0x00000000080022d4       0x24 Drivers/STM32F4xx_HAL_Driver/Src/stm32f4xx_hal.o
                0x00000000080022d4                HAL_Delay
 .text.HAL_NVIC_SetPriorityGrouping
                0x00000000080022f8       0x24 Drivers/STM32F4xx_HAL_Driver/Src/stm32f4xx_hal_cortex.o
                0x00000000080022f8                HAL_NVIC_SetPriorityGrouping
 .text.HAL_NVIC_SetPriority
                0x000000000800231c       0x6c Drivers/STM32F4xx_HAL_Driver/Src/stm32f4xx_hal_cortex.o
                0x000000000800231c                HAL_NVIC_SetPriority
 .text.HAL_NVIC_EnableIRQ
                0x0000000008002388       0x1c Drivers/STM32F4xx_HAL_Driver/Src/stm32f4xx_hal_cortex.o
                0x0000000008002388                HAL_NVIC_EnableIRQ
 .text.HAL_SYSTICK_Config
                0x00000000080023a4       0x34 Drivers/STM32F4xx_HAL_Driver/Src/stm32f4xx_hal_cortex.o
                0x00000000080023a4                HAL_SYSTICK_Config
 .text.HAL_DMA_Init
                0x00000000080023d8      0x134 Drivers/STM32F4xx_HAL_Driver/Src/stm32f4xx_hal_dma.o
                0x00000000080023d8                HAL_DMA_Init
 .text.HAL_DMA_IRQHandler
                0x000000000800250c      0x1ac Drivers/STM32F4xx_HAL_Driver/Src/stm32f4xx_hal_dma.o
                0x000000000800250c                HAL_DMA_IRQHandler
 .text.HAL_GPIO_Init
                0x00000000080026b8      0x27c Drivers/STM32F4xx_HAL_Driver/Src/stm32f4xx_hal_gpio.o
                0x00000000080026b8                HAL_GPIO_Init
 .text.HAL_GPIO_ReadPin
                0x0000000008002934        0xc Drivers/STM32F4xx_HAL_Driver/Src/stm32f4xx_hal_gpio.o
                0x0000000008002934                HAL_GPIO_ReadPin
 .text.HAL_GPIO_WritePin
                0x0000000008002940        0x8 Drivers/STM32F4xx_HAL_Driver/Src/stm32f4xx_hal_gpio.o
                0x0000000008002940                HAL_GPIO_WritePin
 .text.HAL_GPIO_EXTI_IRQHandler
                0x0000000008002948       0x18 Drivers/STM32F4xx_HAL_Driver/Src/stm32f4xx_hal_gpio.o
                0x0000000008002948                HAL_GPIO_EXTI_IRQHandler
 .text.HAL_PWREx_EnableOverDrive
                0x0000000008002960       0x7c Drivers/STM32F4xx_HAL_Driver/Src/stm32f4xx_hal_pwr_ex.o
                0x0000000008002960                HAL_PWREx_EnableOverDrive
 .text.HAL_RCC_OscConfig
                0x00000000080029dc      0x374 Drivers/STM32F4xx_HAL_Driver/Src/stm32f4xx_hal_rcc.o
                0x00000000080029dc                HAL_RCC_OscConfig
 .text.HAL_RCC_GetSysClockFreq
                0x0000000008002d50       0x6c Drivers/STM32F4xx_HAL_Driver/Src/stm32f4xx_hal_rcc.o
                0x0000000008002d50                HAL_RCC_GetSysClockFreq
 .text.HAL_RCC_ClockConfig
                0x0000000008002dbc      0x134 Drivers/STM32F4xx_HAL_Driver/Src/stm32f4xx_hal_rcc.o
                0x0000000008002dbc                HAL_RCC_ClockConfig
 .text.HAL_SPI_Init
                0x0000000008002ef0       0x80 Drivers/STM32F4xx_HAL_Driver/Src/stm32f4xx_hal_spi.o
                0x0000000008002ef0                HAL_SPI_Init
 .text.HAL_SPI_RxCpltCallback
                0x0000000008002f70        0x4 Drivers/STM32F4xx_HAL_Driver/Src/stm32f4xx_hal_spi.o
                0x0000000008002f70                HAL_SPI_RxCpltCallback
 .text.HAL_TIM_Base_Init
                0x0000000008002f74      0x108 Drivers/STM32F4xx_HAL_Driver/Src/stm32f4xx_hal_tim.o
                0x0000000008002f74                HAL_TIM_Base_Init
 .text.HAL_TIM_Base_Stop_IT
                0x000000000800307c       0x2c Drivers/STM32F4xx_HAL_Driver/Src/stm32f4xx_hal_tim.o
                0x000000000800307c                HAL_TIM_Base_Stop_IT
 .text.HAL_TIM_ConfigClockSource
                0x00000000080030a8      0x14c Drivers/STM32F4xx_HAL_Driver/Src/stm32f4xx_hal_tim.o
                0x00000000080030a8                HAL_TIM_ConfigClockSource
 .text.HAL_TIM_OC_DelayElapsedCallback
                0x00000000080031f4        0x4 Drivers/STM32F4xx_HAL_Driver/Src/stm32f4xx_hal_tim.o
                0x00000000080031f4                HAL_TIM_OC_DelayElapsedCallback
 .text.HAL_TIM_IC_CaptureCallback
                0x00000000080031f8        0x4 Drivers/STM32F4xx_HAL_Driver/Src/stm32f4xx_hal_tim.o
                0x00000000080031f8                HAL_TIM_IC_CaptureCallback
 .text.HAL_TIM_PWM_PulseFinishedCallback
                0x00000000080031fc        0x4 Drivers/STM32F4xx_HAL_Driver/Src/stm32f4xx_hal_tim.o
                0x00000000080031fc                HAL_TIM_PWM_PulseFinishedCallback
 .text.HAL_TIM_TriggerCallback
                0x0000000008003200        0x4 Drivers/STM32F4xx_HAL_Driver/Src/stm32f4xx_hal_tim.o
                0x0000000008003200                HAL_TIM_TriggerCallback
 .text.HAL_TIM_IRQHandler
                0x0000000008003204      0x154 Drivers/STM32F4xx_HAL_Driver/Src/stm32f4xx_hal_tim.o
                0x0000000008003204                HAL_TIM_IRQHandler
 .text.HAL_TIMEx_MasterConfigSynchronization
                0x0000000008003358       0x44 Drivers/STM32F4xx_HAL_Driver/Src/stm32f4xx_hal_tim_ex.o
                0x0000000008003358                HAL_TIMEx_MasterConfigSynchronization
 .text.HAL_TIMEx_CommutCallback
                0x000000000800339c        0x4 Drivers/STM32F4xx_HAL_Driver/Src/stm32f4xx_hal_tim_ex.o
                0x000000000800339c                HAL_TIMEx_CommutCallback
 .text.HAL_TIMEx_BreakCallback
                0x00000000080033a0        0x4 Drivers/STM32F4xx_HAL_Driver/Src/stm32f4xx_hal_tim_ex.o
                0x00000000080033a0                HAL_TIMEx_BreakCallback
 .text._Znaj    0x00000000080033a4        0x4 c:/st/stm32cubeide_1.2.0/stm32cubeide/plugins/com.st.stm32cube.ide.mcu.externaltools.gnu-tools-for-stm32.7-2018-q2-update.win32_1.0.0.201904181610/tools/bin/../lib/gcc/arm-none-eabi/7.3.1/../../../../arm-none-eabi/lib/thumb/v7e-m/fpv4-sp/hard\libstdc++_nano.a(new_opv.o)
                0x00000000080033a4                operator new[](unsigned int)
 .text._ZdlPvj  0x00000000080033a8        0x4 c:/st/stm32cubeide_1.2.0/stm32cubeide/plugins/com.st.stm32cube.ide.mcu.externaltools.gnu-tools-for-stm32.7-2018-q2-update.win32_1.0.0.201904181610/tools/bin/../lib/gcc/arm-none-eabi/7.3.1/../../../../arm-none-eabi/lib/thumb/v7e-m/fpv4-sp/hard\libstdc++_nano.a(del_ops.o)
                0x00000000080033a8                operator delete(void*, unsigned int)
 .text._Znwj    0x00000000080033ac       0x22 c:/st/stm32cubeide_1.2.0/stm32cubeide/plugins/com.st.stm32cube.ide.mcu.externaltools.gnu-tools-for-stm32.7-2018-q2-update.win32_1.0.0.201904181610/tools/bin/../lib/gcc/arm-none-eabi/7.3.1/../../../../arm-none-eabi/lib/thumb/v7e-m/fpv4-sp/hard\libstdc++_nano.a(new_op.o)
                0x00000000080033ac                operator new(unsigned int)
 *fill*         0x00000000080033ce        0x2 
 .text._ZSt15get_new_handlerv
                0x00000000080033d0       0x10 c:/st/stm32cubeide_1.2.0/stm32cubeide/plugins/com.st.stm32cube.ide.mcu.externaltools.gnu-tools-for-stm32.7-2018-q2-update.win32_1.0.0.201904181610/tools/bin/../lib/gcc/arm-none-eabi/7.3.1/../../../../arm-none-eabi/lib/thumb/v7e-m/fpv4-sp/hard\libstdc++_nano.a(new_handler.o)
                0x00000000080033d0                std::get_new_handler()
 .text._ZdlPv   0x00000000080033e0        0x4 c:/st/stm32cubeide_1.2.0/stm32cubeide/plugins/com.st.stm32cube.ide.mcu.externaltools.gnu-tools-for-stm32.7-2018-q2-update.win32_1.0.0.201904181610/tools/bin/../lib/gcc/arm-none-eabi/7.3.1/../../../../arm-none-eabi/lib/thumb/v7e-m/fpv4-sp/hard\libstdc++_nano.a(del_op.o)
                0x00000000080033e0                operator delete(void*)
 .text._ZSt17__throw_bad_allocv
                0x00000000080033e4        0x6 c:/st/stm32cubeide_1.2.0/stm32cubeide/plugins/com.st.stm32cube.ide.mcu.externaltools.gnu-tools-for-stm32.7-2018-q2-update.win32_1.0.0.201904181610/tools/bin/../lib/gcc/arm-none-eabi/7.3.1/../../../../arm-none-eabi/lib/thumb/v7e-m/fpv4-sp/hard\libstdc++_nano.a(functexcept.o)
                0x00000000080033e4                std::__throw_bad_alloc()
 .text.abort    0x00000000080033ea        0xe c:/st/stm32cubeide_1.2.0/stm32cubeide/plugins/com.st.stm32cube.ide.mcu.externaltools.gnu-tools-for-stm32.7-2018-q2-update.win32_1.0.0.201904181610/tools/bin/../lib/gcc/arm-none-eabi/7.3.1/../../../../arm-none-eabi/lib/thumb/v7e-m/fpv4-sp/hard\libc_nano.a(lib_a-abort.o)
                0x00000000080033ea                abort
 .text.__errno  0x00000000080033f8        0xc c:/st/stm32cubeide_1.2.0/stm32cubeide/plugins/com.st.stm32cube.ide.mcu.externaltools.gnu-tools-for-stm32.7-2018-q2-update.win32_1.0.0.201904181610/tools/bin/../lib/gcc/arm-none-eabi/7.3.1/../../../../arm-none-eabi/lib/thumb/v7e-m/fpv4-sp/hard\libc_nano.a(lib_a-errno.o)
                0x00000000080033f8                __errno
 .text.__libc_init_array
                0x0000000008003404       0x48 c:/st/stm32cubeide_1.2.0/stm32cubeide/plugins/com.st.stm32cube.ide.mcu.externaltools.gnu-tools-for-stm32.7-2018-q2-update.win32_1.0.0.201904181610/tools/bin/../lib/gcc/arm-none-eabi/7.3.1/../../../../arm-none-eabi/lib/thumb/v7e-m/fpv4-sp/hard\libc_nano.a(lib_a-init.o)
                0x0000000008003404                __libc_init_array
 .text.malloc   0x000000000800344c       0x10 c:/st/stm32cubeide_1.2.0/stm32cubeide/plugins/com.st.stm32cube.ide.mcu.externaltools.gnu-tools-for-stm32.7-2018-q2-update.win32_1.0.0.201904181610/tools/bin/../lib/gcc/arm-none-eabi/7.3.1/../../../../arm-none-eabi/lib/thumb/v7e-m/fpv4-sp/hard\libc_nano.a(lib_a-malloc.o)
                0x000000000800344c                malloc
 .text.free     0x000000000800345c       0x10 c:/st/stm32cubeide_1.2.0/stm32cubeide/plugins/com.st.stm32cube.ide.mcu.externaltools.gnu-tools-for-stm32.7-2018-q2-update.win32_1.0.0.201904181610/tools/bin/../lib/gcc/arm-none-eabi/7.3.1/../../../../arm-none-eabi/lib/thumb/v7e-m/fpv4-sp/hard\libc_nano.a(lib_a-malloc.o)
                0x000000000800345c                free
 .text.memmove  0x000000000800346c       0x32 c:/st/stm32cubeide_1.2.0/stm32cubeide/plugins/com.st.stm32cube.ide.mcu.externaltools.gnu-tools-for-stm32.7-2018-q2-update.win32_1.0.0.201904181610/tools/bin/../lib/gcc/arm-none-eabi/7.3.1/../../../../arm-none-eabi/lib/thumb/v7e-m/fpv4-sp/hard\libc_nano.a(lib_a-memmove.o)
                0x000000000800346c                memmove
 *fill*         0x000000000800349e        0x2 
 .text._free_r  0x00000000080034a0       0x9c c:/st/stm32cubeide_1.2.0/stm32cubeide/plugins/com.st.stm32cube.ide.mcu.externaltools.gnu-tools-for-stm32.7-2018-q2-update.win32_1.0.0.201904181610/tools/bin/../lib/gcc/arm-none-eabi/7.3.1/../../../../arm-none-eabi/lib/thumb/v7e-m/fpv4-sp/hard\libc_nano.a(lib_a-nano-freer.o)
                0x00000000080034a0                _free_r
 .text._malloc_r
                0x000000000800353c       0xb4 c:/st/stm32cubeide_1.2.0/stm32cubeide/plugins/com.st.stm32cube.ide.mcu.externaltools.gnu-tools-for-stm32.7-2018-q2-update.win32_1.0.0.201904181610/tools/bin/../lib/gcc/arm-none-eabi/7.3.1/../../../../arm-none-eabi/lib/thumb/v7e-m/fpv4-sp/hard\libc_nano.a(lib_a-nano-mallocr.o)
                0x000000000800353c                _malloc_r
 .text._sbrk_r  0x00000000080035f0       0x20 c:/st/stm32cubeide_1.2.0/stm32cubeide/plugins/com.st.stm32cube.ide.mcu.externaltools.gnu-tools-for-stm32.7-2018-q2-update.win32_1.0.0.201904181610/tools/bin/../lib/gcc/arm-none-eabi/7.3.1/../../../../arm-none-eabi/lib/thumb/v7e-m/fpv4-sp/hard\libc_nano.a(lib_a-sbrkr.o)
                0x00000000080035f0                _sbrk_r
 .text._raise_r
                0x0000000008003610       0x50 c:/st/stm32cubeide_1.2.0/stm32cubeide/plugins/com.st.stm32cube.ide.mcu.externaltools.gnu-tools-for-stm32.7-2018-q2-update.win32_1.0.0.201904181610/tools/bin/../lib/gcc/arm-none-eabi/7.3.1/../../../../arm-none-eabi/lib/thumb/v7e-m/fpv4-sp/hard\libc_nano.a(lib_a-signal.o)
                0x0000000008003610                _raise_r
 .text.raise    0x0000000008003660       0x10 c:/st/stm32cubeide_1.2.0/stm32cubeide/plugins/com.st.stm32cube.ide.mcu.externaltools.gnu-tools-for-stm32.7-2018-q2-update.win32_1.0.0.201904181610/tools/bin/../lib/gcc/arm-none-eabi/7.3.1/../../../../arm-none-eabi/lib/thumb/v7e-m/fpv4-sp/hard\libc_nano.a(lib_a-signal.o)
                0x0000000008003660                raise
 .text._kill_r  0x0000000008003670       0x24 c:/st/stm32cubeide_1.2.0/stm32cubeide/plugins/com.st.stm32cube.ide.mcu.externaltools.gnu-tools-for-stm32.7-2018-q2-update.win32_1.0.0.201904181610/tools/bin/../lib/gcc/arm-none-eabi/7.3.1/../../../../arm-none-eabi/lib/thumb/v7e-m/fpv4-sp/hard\libc_nano.a(lib_a-signalr.o)
                0x0000000008003670                _kill_r
 .text._getpid_r
                0x0000000008003694        0x4 c:/st/stm32cubeide_1.2.0/stm32cubeide/plugins/com.st.stm32cube.ide.mcu.externaltools.gnu-tools-for-stm32.7-2018-q2-update.win32_1.0.0.201904181610/tools/bin/../lib/gcc/arm-none-eabi/7.3.1/../../../../arm-none-eabi/lib/thumb/v7e-m/fpv4-sp/hard\libc_nano.a(lib_a-signalr.o)
                0x0000000008003694                _getpid_r
 .text.__malloc_lock
                0x0000000008003698        0x2 c:/st/stm32cubeide_1.2.0/stm32cubeide/plugins/com.st.stm32cube.ide.mcu.externaltools.gnu-tools-for-stm32.7-2018-q2-update.win32_1.0.0.201904181610/tools/bin/../lib/gcc/arm-none-eabi/7.3.1/../../../../arm-none-eabi/lib/thumb/v7e-m/fpv4-sp/hard\libc_nano.a(lib_a-mlock.o)
                0x0000000008003698                __malloc_lock
 .text.__malloc_unlock
                0x000000000800369a        0x2 c:/st/stm32cubeide_1.2.0/stm32cubeide/plugins/com.st.stm32cube.ide.mcu.externaltools.gnu-tools-for-stm32.7-2018-q2-update.win32_1.0.0.201904181610/tools/bin/../lib/gcc/arm-none-eabi/7.3.1/../../../../arm-none-eabi/lib/thumb/v7e-m/fpv4-sp/hard\libc_nano.a(lib_a-mlock.o)
                0x000000000800369a                __malloc_unlock
 *(.glue_7)
 .glue_7        0x000000000800369c        0x0 linker stubs
 *(.glue_7t)
 .glue_7t       0x000000000800369c        0x0 linker stubs
 *(.eh_frame)
 .eh_frame      0x000000000800369c        0x0 c:/st/stm32cubeide_1.2.0/stm32cubeide/plugins/com.st.stm32cube.ide.mcu.externaltools.gnu-tools-for-stm32.7-2018-q2-update.win32_1.0.0.201904181610/tools/bin/../lib/gcc/arm-none-eabi/7.3.1/thumb/v7e-m/fpv4-sp/hard/crtbegin.o
 *(.init)
 .init          0x000000000800369c        0x4 c:/st/stm32cubeide_1.2.0/stm32cubeide/plugins/com.st.stm32cube.ide.mcu.externaltools.gnu-tools-for-stm32.7-2018-q2-update.win32_1.0.0.201904181610/tools/bin/../lib/gcc/arm-none-eabi/7.3.1/thumb/v7e-m/fpv4-sp/hard/crti.o
                0x000000000800369c                _init
 .init          0x00000000080036a0        0x8 c:/st/stm32cubeide_1.2.0/stm32cubeide/plugins/com.st.stm32cube.ide.mcu.externaltools.gnu-tools-for-stm32.7-2018-q2-update.win32_1.0.0.201904181610/tools/bin/../lib/gcc/arm-none-eabi/7.3.1/thumb/v7e-m/fpv4-sp/hard/crtn.o
 *(.fini)
 .fini          0x00000000080036a8        0x4 c:/st/stm32cubeide_1.2.0/stm32cubeide/plugins/com.st.stm32cube.ide.mcu.externaltools.gnu-tools-for-stm32.7-2018-q2-update.win32_1.0.0.201904181610/tools/bin/../lib/gcc/arm-none-eabi/7.3.1/thumb/v7e-m/fpv4-sp/hard/crti.o
                0x00000000080036a8                _fini
 .fini          0x00000000080036ac        0x8 c:/st/stm32cubeide_1.2.0/stm32cubeide/plugins/com.st.stm32cube.ide.mcu.externaltools.gnu-tools-for-stm32.7-2018-q2-update.win32_1.0.0.201904181610/tools/bin/../lib/gcc/arm-none-eabi/7.3.1/thumb/v7e-m/fpv4-sp/hard/crtn.o
 *fill*         0x00000000080036b4        0x4 
 .fini.__stub   0x00000000080036b8       0x48 linker stubs
                0x0000000008003700                . = ALIGN (0x4)
                0x0000000008003700                _etext = .

.vfp11_veneer   0x0000000008003700        0x0
 .vfp11_veneer  0x0000000008003700        0x0 linker stubs

.v4_bx          0x0000000008003700        0x0
 .v4_bx         0x0000000008003700        0x0 linker stubs

.iplt           0x0000000008003700        0x0
 .iplt          0x0000000008003700        0x0 c:/st/stm32cubeide_1.2.0/stm32cubeide/plugins/com.st.stm32cube.ide.mcu.externaltools.gnu-tools-for-stm32.7-2018-q2-update.win32_1.0.0.201904181610/tools/bin/../lib/gcc/arm-none-eabi/7.3.1/thumb/v7e-m/fpv4-sp/hard/crtbegin.o

.sram_func      0x0000000020000000      0x678 load address 0x0000000008003700
                0x0000000020000000                __sram_func_start = .
 *(sram_func)
 sram_func      0x0000000020000000      0x1ac Core/Src/adc.o
                0x0000000020000000                ADC_Dev::Read()
                0x0000000020000044                ADC_Dev::Callback()
                0x0000000020000138                ADC_Channel::SetInput(short)
                0x000000002000019c                ADC_Channel::GetFloat()
                0x00000000200001a4                ADC_Channel::GetInt()
 sram_func      0x00000000200001ac       0x54 Core/Src/cppmain.o
                0x00000000200001ac                HAL_TIM_PeriodElapsedCallback
                0x00000000200001b0                DMA2_Stream4_IRQHandler
                0x00000000200001bc                DMA2_Stream5_IRQHandler
                0x00000000200001c8                DMA2_Stream2_IRQHandler
                0x00000000200001d4                DMA2_Stream3_IRQHandler
                0x00000000200001d8                DMA2_Stream0_IRQHandler
                0x00000000200001fc                DMA2_Stream1_IRQHandler
 sram_func      0x0000000020000200      0x130 Core/Src/dac.o
                0x0000000020000200                DAC_Dev::WriteInt(long)
                0x000000002000023c                DAC_Dev::Callback()
                0x0000000020000254                DAC_Dev::WriteFloat(float)
                0x00000000200002e0                DAC_Dev::Linearize(float)
 sram_func      0x0000000020000330       0x84 Core/Src/newdma.o
                0x0000000020000330                SPI_DMA_Handler::Transfer(unsigned char*, unsigned char*, unsigned short)
                0x0000000020000370                SPI_DMA_Handler::Callback()
 sram_func      0x00000000200003b4      0x15c Core/Src/oscilloscope.o
                0x00000000200003b4                Oscilloscope::Input(float)
                0x0000000020000460                Oscilloscope::Input(float, float)
 sram_func      0x0000000020000510       0x74 Core/Src/pid.o
                0x0000000020000510                PID::CalculateFeedback(float, float)
 sram_func      0x0000000020000584       0x70 Core/Src/raspberrypi.o
                0x0000000020000584                RaspberryPi::Transfer(unsigned char*, unsigned char*, unsigned long)
                0x00000000200005d0                RaspberryPi::Callback()
                0x00000000200005e0                RaspberryPi::SetIntPin()
                0x00000000200005e8                RaspberryPi::ResetIntPin()
 sram_func      0x00000000200005f4       0x5c Core/Src/stm32f4xx_it.o
                0x00000000200005f4                DMA1_Stream3_IRQHandler
                0x000000002000062c                DMA1_Stream4_IRQHandler
                0x0000000020000638                TIM2_IRQHandler
                0x0000000020000644                TIM3_IRQHandler
 sram_func.__stub
                0x0000000020000650       0x28 linker stubs
                0x0000000020000678                . = ALIGN (0x4)
                0x0000000020000678                __sram_func_end = .
                0x0000000008003700                __sram_func_loadaddr = LOADADDR (.sram_func)

.rodata         0x0000000008003d78       0x18
                0x0000000008003d78                . = ALIGN (0x4)
 *(.rodata)
 *(.rodata*)
 .rodata.AHBPrescTable
                0x0000000008003d78       0x10 Core/Src/system_stm32f4xx.o
                0x0000000008003d78                AHBPrescTable
 .rodata.flagBitshiftOffset.8214
                0x0000000008003d88        0x8 Drivers/STM32F4xx_HAL_Driver/Src/stm32f4xx_hal_dma.o
                0x0000000008003d90                . = ALIGN (0x4)

.ARM.extab      0x0000000008003d90        0x0
                0x0000000008003d90                . = ALIGN (0x4)
 *(.ARM.extab* .gnu.linkonce.armextab.*)
                0x0000000008003d90                . = ALIGN (0x4)

.ARM            0x0000000008003d90        0x8
                0x0000000008003d90                . = ALIGN (0x4)
                0x0000000008003d90                __exidx_start = .
 *(.ARM.exidx*)
 .ARM.exidx     0x0000000008003d90        0x8 c:/st/stm32cubeide_1.2.0/stm32cubeide/plugins/com.st.stm32cube.ide.mcu.externaltools.gnu-tools-for-stm32.7-2018-q2-update.win32_1.0.0.201904181610/tools/bin/../lib/gcc/arm-none-eabi/7.3.1/thumb/v7e-m/fpv4-sp/hard\libgcc.a(_udivmoddi4.o)
                0x0000000008003d98                __exidx_end = .
                0x0000000008003d98                . = ALIGN (0x4)

.rel.dyn        0x0000000008003d98        0x0
 .rel.iplt      0x0000000008003d98        0x0 c:/st/stm32cubeide_1.2.0/stm32cubeide/plugins/com.st.stm32cube.ide.mcu.externaltools.gnu-tools-for-stm32.7-2018-q2-update.win32_1.0.0.201904181610/tools/bin/../lib/gcc/arm-none-eabi/7.3.1/thumb/v7e-m/fpv4-sp/hard/crtbegin.o

.preinit_array  0x0000000008003d98        0x0
                0x0000000008003d98                . = ALIGN (0x4)
                0x0000000008003d98                PROVIDE (__preinit_array_start = .)
 *(.preinit_array*)
                0x0000000008003d98                PROVIDE (__preinit_array_end = .)
                0x0000000008003d98                . = ALIGN (0x4)

.init_array     0x0000000008003d98        0x8
                0x0000000008003d98                . = ALIGN (0x4)
                0x0000000008003d98                PROVIDE (__init_array_start = .)
 *(SORT_BY_NAME(.init_array.*))
 *(.init_array*)
 .init_array    0x0000000008003d98        0x4 c:/st/stm32cubeide_1.2.0/stm32cubeide/plugins/com.st.stm32cube.ide.mcu.externaltools.gnu-tools-for-stm32.7-2018-q2-update.win32_1.0.0.201904181610/tools/bin/../lib/gcc/arm-none-eabi/7.3.1/thumb/v7e-m/fpv4-sp/hard/crtbegin.o
 .init_array    0x0000000008003d9c        0x4 Core/Src/cppmain.o
                0x0000000008003da0                PROVIDE (__init_array_end = .)
                0x0000000008003da0                . = ALIGN (0x4)

.fini_array     0x0000000008003da0        0x4
                0x0000000008003da0                . = ALIGN (0x4)
                [!provide]                        PROVIDE (__fini_array_start = .)
 *(SORT_BY_NAME(.fini_array.*))
 *(.fini_array*)
 .fini_array    0x0000000008003da0        0x4 c:/st/stm32cubeide_1.2.0/stm32cubeide/plugins/com.st.stm32cube.ide.mcu.externaltools.gnu-tools-for-stm32.7-2018-q2-update.win32_1.0.0.201904181610/tools/bin/../lib/gcc/arm-none-eabi/7.3.1/thumb/v7e-m/fpv4-sp/hard/crtbegin.o
                [!provide]                        PROVIDE (__fini_array_end = .)
                0x0000000008003da4                . = ALIGN (0x4)
                0x0000000008003da4                _sidata = LOADADDR (.data)

.data           0x0000000020000678       0x70 load address 0x0000000008003da4
                0x0000000020000678                . = ALIGN (0x4)
                0x0000000020000678                _sdata = .
 *(.data)
 *(.data*)
 .data.SystemCoreClock
                0x0000000020000678        0x4 Core/Src/system_stm32f4xx.o
                0x0000000020000678                SystemCoreClock
 .data.uwTickFreq
                0x000000002000067c        0x1 Drivers/STM32F4xx_HAL_Driver/Src/stm32f4xx_hal.o
                0x000000002000067c                uwTickFreq
 *fill*         0x000000002000067d        0x3 
 .data.uwTickPrio
                0x0000000020000680        0x4 Drivers/STM32F4xx_HAL_Driver/Src/stm32f4xx_hal.o
                0x0000000020000680                uwTickPrio
 .data._impure_ptr
                0x0000000020000684        0x4 c:/st/stm32cubeide_1.2.0/stm32cubeide/plugins/com.st.stm32cube.ide.mcu.externaltools.gnu-tools-for-stm32.7-2018-q2-update.win32_1.0.0.201904181610/tools/bin/../lib/gcc/arm-none-eabi/7.3.1/../../../../arm-none-eabi/lib/thumb/v7e-m/fpv4-sp/hard\libc_nano.a(lib_a-impure.o)
                0x0000000020000684                _impure_ptr
 .data.impure_data
                0x0000000020000688       0x60 c:/st/stm32cubeide_1.2.0/stm32cubeide/plugins/com.st.stm32cube.ide.mcu.externaltools.gnu-tools-for-stm32.7-2018-q2-update.win32_1.0.0.201904181610/tools/bin/../lib/gcc/arm-none-eabi/7.3.1/../../../../arm-none-eabi/lib/thumb/v7e-m/fpv4-sp/hard\libc_nano.a(lib_a-impure.o)
                0x00000000200006e8                . = ALIGN (0x4)
                0x00000000200006e8                _edata = .

.igot.plt       0x00000000200006e8        0x0 load address 0x0000000008003e14
 .igot.plt      0x00000000200006e8        0x0 c:/st/stm32cubeide_1.2.0/stm32cubeide/plugins/com.st.stm32cube.ide.mcu.externaltools.gnu-tools-for-stm32.7-2018-q2-update.win32_1.0.0.201904181610/tools/bin/../lib/gcc/arm-none-eabi/7.3.1/thumb/v7e-m/fpv4-sp/hard/crtbegin.o
                0x00000000200006e8                . = ALIGN (0x4)

.bss            0x00000000200006e8      0x5cc load address 0x0000000008003e14
                0x00000000200006e8                _sbss = .
                0x00000000200006e8                __bss_start__ = _sbss
 *(.bss)
 .bss           0x00000000200006e8       0x1c c:/st/stm32cubeide_1.2.0/stm32cubeide/plugins/com.st.stm32cube.ide.mcu.externaltools.gnu-tools-for-stm32.7-2018-q2-update.win32_1.0.0.201904181610/tools/bin/../lib/gcc/arm-none-eabi/7.3.1/thumb/v7e-m/fpv4-sp/hard/crtbegin.o
 *(.bss*)
 .bss.ADC_DEV   0x0000000020000704        0x4 Core/Src/cppmain.o
                0x0000000020000704                ADC_DEV
 .bss.ADC_value_ready
                0x0000000020000708        0x1 Core/Src/cppmain.o
                0x0000000020000708                ADC_value_ready
 *fill*         0x0000000020000709        0x3 
 .bss.DAC_1     0x000000002000070c        0x4 Core/Src/cppmain.o
                0x000000002000070c                DAC_1
 .bss.DAC_2     0x0000000020000710        0x4 Core/Src/cppmain.o
                0x0000000020000710                DAC_2
 .bss.MS        0x0000000020000714        0x4 Core/Src/cppmain.o
                0x0000000020000714                MS
 .bss.Pi_communication_ready
                0x0000000020000718        0x1 Core/Src/cppmain.o
                0x0000000020000718                Pi_communication_ready
 *fill*         0x0000000020000719        0x3 
 .bss.RPi       0x000000002000071c        0x4 Core/Src/cppmain.o
                0x000000002000071c                RPi
 .bss.new_RPi_input
                0x0000000020000720        0x1 Core/Src/cppmain.o
                0x0000000020000720                new_RPi_input
 *fill*         0x0000000020000721        0x3 
 .bss.heap_end.6424
                0x0000000020000724        0x4 Core/Src/sysmem.o
 .bss._ZN12_GLOBAL__N_113__new_handlerE
                0x0000000020000728        0x4 c:/st/stm32cubeide_1.2.0/stm32cubeide/plugins/com.st.stm32cube.ide.mcu.externaltools.gnu-tools-for-stm32.7-2018-q2-update.win32_1.0.0.201904181610/tools/bin/../lib/gcc/arm-none-eabi/7.3.1/../../../../arm-none-eabi/lib/thumb/v7e-m/fpv4-sp/hard\libstdc++_nano.a(new_handler.o)
 .bss.__malloc_free_list
                0x000000002000072c        0x4 c:/st/stm32cubeide_1.2.0/stm32cubeide/plugins/com.st.stm32cube.ide.mcu.externaltools.gnu-tools-for-stm32.7-2018-q2-update.win32_1.0.0.201904181610/tools/bin/../lib/gcc/arm-none-eabi/7.3.1/../../../../arm-none-eabi/lib/thumb/v7e-m/fpv4-sp/hard\libc_nano.a(lib_a-nano-mallocr.o)
                0x000000002000072c                __malloc_free_list
 .bss.__malloc_sbrk_start
                0x0000000020000730        0x4 c:/st/stm32cubeide_1.2.0/stm32cubeide/plugins/com.st.stm32cube.ide.mcu.externaltools.gnu-tools-for-stm32.7-2018-q2-update.win32_1.0.0.201904181610/tools/bin/../lib/gcc/arm-none-eabi/7.3.1/../../../../arm-none-eabi/lib/thumb/v7e-m/fpv4-sp/hard\libc_nano.a(lib_a-nano-mallocr.o)
                0x0000000020000730                __malloc_sbrk_start
 *(COMMON)
 COMMON         0x0000000020000734      0x578 Core/Src/main.o
                0x0000000020000734                hspi2
                0x000000002000078c                hspi5
                0x00000000200007e4                htim4
                0x0000000020000824                hdma_spi2_rx
                0x0000000020000884                hdma_spi4_rx
                0x00000000200008e4                hspi6
                0x000000002000093c                htim3
                0x000000002000097c                hdma_spi4_tx
                0x00000000200009dc                hspi4
                0x0000000020000a34                hdma_spi5_tx
                0x0000000020000a94                hspi1
                0x0000000020000aec                htim2
                0x0000000020000b2c                hdma_spi1_rx
                0x0000000020000b8c                hdma_spi2_tx
                0x0000000020000bec                hdma_spi1_tx
                0x0000000020000c4c                hdma_spi6_tx
 COMMON         0x0000000020000cac        0x4 Drivers/STM32F4xx_HAL_Driver/Src/stm32f4xx_hal.o
                0x0000000020000cac                uwTick
 COMMON         0x0000000020000cb0        0x4 c:/st/stm32cubeide_1.2.0/stm32cubeide/plugins/com.st.stm32cube.ide.mcu.externaltools.gnu-tools-for-stm32.7-2018-q2-update.win32_1.0.0.201904181610/tools/bin/../lib/gcc/arm-none-eabi/7.3.1/../../../../arm-none-eabi/lib/thumb/v7e-m/fpv4-sp/hard\libc_nano.a(lib_a-reent.o)
                0x0000000020000cb0                errno
                0x0000000020000cb4                . = ALIGN (0x4)
                0x0000000020000cb4                _ebss = .
                0x0000000020000cb4                __bss_end__ = _ebss

._user_heap_stack
                0x0000000020000cb4      0x604 load address 0x0000000008003e14
                0x0000000020000cb8                . = ALIGN (0x8)
 *fill*         0x0000000020000cb4        0x4 
                0x0000000020000cb8                PROVIDE (end = .)
                [!provide]                        PROVIDE (_end = .)
                0x0000000020000eb8                . = (. + _Min_Heap_Size)
 *fill*         0x0000000020000cb8      0x200 
                0x00000000200012b8                . = (. + _Min_Stack_Size)
 *fill*         0x0000000020000eb8      0x400 
                0x00000000200012b8                . = ALIGN (0x8)

/DISCARD/
 libc.a(*)
 libm.a(*)
 libgcc.a(*)

.ARM.attributes
                0x0000000000000000       0x30
 *(.ARM.attributes)
 .ARM.attributes
                0x0000000000000000       0x22 c:/st/stm32cubeide_1.2.0/stm32cubeide/plugins/com.st.stm32cube.ide.mcu.externaltools.gnu-tools-for-stm32.7-2018-q2-update.win32_1.0.0.201904181610/tools/bin/../lib/gcc/arm-none-eabi/7.3.1/thumb/v7e-m/fpv4-sp/hard/crti.o
 .ARM.attributes
                0x0000000000000022       0x34 c:/st/stm32cubeide_1.2.0/stm32cubeide/plugins/com.st.stm32cube.ide.mcu.externaltools.gnu-tools-for-stm32.7-2018-q2-update.win32_1.0.0.201904181610/tools/bin/../lib/gcc/arm-none-eabi/7.3.1/thumb/v7e-m/fpv4-sp/hard/crtbegin.o
 .ARM.attributes
                0x0000000000000056       0x35 Core/Src/adc.o
 .ARM.attributes
                0x000000000000008b       0x35 Core/Src/cppmain.o
 .ARM.attributes
                0x00000000000000c0       0x35 Core/Src/dac.o
 .ARM.attributes
                0x00000000000000f5       0x35 Core/Src/leds.o
 .ARM.attributes
                0x000000000000012a       0x35 Core/Src/main.o
 .ARM.attributes
                0x000000000000015f       0x35 Core/Src/misc_func.o
 .ARM.attributes
                0x0000000000000194       0x35 Core/Src/newdma.o
 .ARM.attributes
                0x00000000000001c9       0x35 Core/Src/oscilloscope.o
 .ARM.attributes
                0x00000000000001fe       0x35 Core/Src/pid.o
 .ARM.attributes
                0x0000000000000233       0x35 Core/Src/raspberrypi.o
 .ARM.attributes
                0x0000000000000268       0x35 Core/Src/stm32f4xx_hal_msp.o
 .ARM.attributes
                0x000000000000029d       0x35 Core/Src/stm32f4xx_it.o
 .ARM.attributes
                0x00000000000002d2       0x35 Core/Src/syscalls.o
 .ARM.attributes
                0x0000000000000307       0x35 Core/Src/sysmem.o
 .ARM.attributes
                0x000000000000033c       0x35 Core/Src/system_stm32f4xx.o
 .ARM.attributes
                0x0000000000000371       0x21 Core/Startup/startup_stm32f427zitx.o
 .ARM.attributes
                0x0000000000000392       0x35 Drivers/STM32F4xx_HAL_Driver/Src/stm32f4xx_hal.o
 .ARM.attributes
                0x00000000000003c7       0x35 Drivers/STM32F4xx_HAL_Driver/Src/stm32f4xx_hal_cortex.o
 .ARM.attributes
                0x00000000000003fc       0x35 Drivers/STM32F4xx_HAL_Driver/Src/stm32f4xx_hal_dma.o
 .ARM.attributes
                0x0000000000000431       0x35 Drivers/STM32F4xx_HAL_Driver/Src/stm32f4xx_hal_gpio.o
 .ARM.attributes
                0x0000000000000466       0x35 Drivers/STM32F4xx_HAL_Driver/Src/stm32f4xx_hal_pwr_ex.o
 .ARM.attributes
                0x000000000000049b       0x35 Drivers/STM32F4xx_HAL_Driver/Src/stm32f4xx_hal_rcc.o
 .ARM.attributes
                0x00000000000004d0       0x35 Drivers/STM32F4xx_HAL_Driver/Src/stm32f4xx_hal_spi.o
 .ARM.attributes
                0x0000000000000505       0x35 Drivers/STM32F4xx_HAL_Driver/Src/stm32f4xx_hal_tim.o
 .ARM.attributes
                0x000000000000053a       0x35 Drivers/STM32F4xx_HAL_Driver/Src/stm32f4xx_hal_tim_ex.o
 .ARM.attributes
                0x000000000000056f       0x34 c:/st/stm32cubeide_1.2.0/stm32cubeide/plugins/com.st.stm32cube.ide.mcu.externaltools.gnu-tools-for-stm32.7-2018-q2-update.win32_1.0.0.201904181610/tools/bin/../lib/gcc/arm-none-eabi/7.3.1/../../../../arm-none-eabi/lib/thumb/v7e-m/fpv4-sp/hard\libstdc++_nano.a(new_opv.o)
 .ARM.attributes
                0x00000000000005a3       0x34 c:/st/stm32cubeide_1.2.0/stm32cubeide/plugins/com.st.stm32cube.ide.mcu.externaltools.gnu-tools-for-stm32.7-2018-q2-update.win32_1.0.0.201904181610/tools/bin/../lib/gcc/arm-none-eabi/7.3.1/../../../../arm-none-eabi/lib/thumb/v7e-m/fpv4-sp/hard\libstdc++_nano.a(del_ops.o)
 .ARM.attributes
                0x00000000000005d7       0x34 c:/st/stm32cubeide_1.2.0/stm32cubeide/plugins/com.st.stm32cube.ide.mcu.externaltools.gnu-tools-for-stm32.7-2018-q2-update.win32_1.0.0.201904181610/tools/bin/../lib/gcc/arm-none-eabi/7.3.1/../../../../arm-none-eabi/lib/thumb/v7e-m/fpv4-sp/hard\libstdc++_nano.a(new_op.o)
 .ARM.attributes
                0x000000000000060b       0x34 c:/st/stm32cubeide_1.2.0/stm32cubeide/plugins/com.st.stm32cube.ide.mcu.externaltools.gnu-tools-for-stm32.7-2018-q2-update.win32_1.0.0.201904181610/tools/bin/../lib/gcc/arm-none-eabi/7.3.1/../../../../arm-none-eabi/lib/thumb/v7e-m/fpv4-sp/hard\libstdc++_nano.a(new_handler.o)
 .ARM.attributes
                0x000000000000063f       0x34 c:/st/stm32cubeide_1.2.0/stm32cubeide/plugins/com.st.stm32cube.ide.mcu.externaltools.gnu-tools-for-stm32.7-2018-q2-update.win32_1.0.0.201904181610/tools/bin/../lib/gcc/arm-none-eabi/7.3.1/../../../../arm-none-eabi/lib/thumb/v7e-m/fpv4-sp/hard\libstdc++_nano.a(del_op.o)
 .ARM.attributes
                0x0000000000000673       0x34 c:/st/stm32cubeide_1.2.0/stm32cubeide/plugins/com.st.stm32cube.ide.mcu.externaltools.gnu-tools-for-stm32.7-2018-q2-update.win32_1.0.0.201904181610/tools/bin/../lib/gcc/arm-none-eabi/7.3.1/../../../../arm-none-eabi/lib/thumb/v7e-m/fpv4-sp/hard\libstdc++_nano.a(functexcept.o)
 .ARM.attributes
                0x00000000000006a7       0x34 c:/st/stm32cubeide_1.2.0/stm32cubeide/plugins/com.st.stm32cube.ide.mcu.externaltools.gnu-tools-for-stm32.7-2018-q2-update.win32_1.0.0.201904181610/tools/bin/../lib/gcc/arm-none-eabi/7.3.1/../../../../arm-none-eabi/lib/thumb/v7e-m/fpv4-sp/hard\libc_nano.a(lib_a-abort.o)
 .ARM.attributes
                0x00000000000006db       0x34 c:/st/stm32cubeide_1.2.0/stm32cubeide/plugins/com.st.stm32cube.ide.mcu.externaltools.gnu-tools-for-stm32.7-2018-q2-update.win32_1.0.0.201904181610/tools/bin/../lib/gcc/arm-none-eabi/7.3.1/../../../../arm-none-eabi/lib/thumb/v7e-m/fpv4-sp/hard\libc_nano.a(lib_a-errno.o)
 .ARM.attributes
                0x000000000000070f       0x34 c:/st/stm32cubeide_1.2.0/stm32cubeide/plugins/com.st.stm32cube.ide.mcu.externaltools.gnu-tools-for-stm32.7-2018-q2-update.win32_1.0.0.201904181610/tools/bin/../lib/gcc/arm-none-eabi/7.3.1/../../../../arm-none-eabi/lib/thumb/v7e-m/fpv4-sp/hard\libc_nano.a(lib_a-impure.o)
 .ARM.attributes
                0x0000000000000743       0x34 c:/st/stm32cubeide_1.2.0/stm32cubeide/plugins/com.st.stm32cube.ide.mcu.externaltools.gnu-tools-for-stm32.7-2018-q2-update.win32_1.0.0.201904181610/tools/bin/../lib/gcc/arm-none-eabi/7.3.1/../../../../arm-none-eabi/lib/thumb/v7e-m/fpv4-sp/hard\libc_nano.a(lib_a-init.o)
 .ARM.attributes
                0x0000000000000777       0x34 c:/st/stm32cubeide_1.2.0/stm32cubeide/plugins/com.st.stm32cube.ide.mcu.externaltools.gnu-tools-for-stm32.7-2018-q2-update.win32_1.0.0.201904181610/tools/bin/../lib/gcc/arm-none-eabi/7.3.1/../../../../arm-none-eabi/lib/thumb/v7e-m/fpv4-sp/hard\libc_nano.a(lib_a-malloc.o)
 .ARM.attributes
                0x00000000000007ab       0x34 c:/st/stm32cubeide_1.2.0/stm32cubeide/plugins/com.st.stm32cube.ide.mcu.externaltools.gnu-tools-for-stm32.7-2018-q2-update.win32_1.0.0.201904181610/tools/bin/../lib/gcc/arm-none-eabi/7.3.1/../../../../arm-none-eabi/lib/thumb/v7e-m/fpv4-sp/hard\libc_nano.a(lib_a-memmove.o)
 .ARM.attributes
                0x00000000000007df       0x34 c:/st/stm32cubeide_1.2.0/stm32cubeide/plugins/com.st.stm32cube.ide.mcu.externaltools.gnu-tools-for-stm32.7-2018-q2-update.win32_1.0.0.201904181610/tools/bin/../lib/gcc/arm-none-eabi/7.3.1/../../../../arm-none-eabi/lib/thumb/v7e-m/fpv4-sp/hard\libc_nano.a(lib_a-nano-freer.o)
 .ARM.attributes
                0x0000000000000813       0x34 c:/st/stm32cubeide_1.2.0/stm32cubeide/plugins/com.st.stm32cube.ide.mcu.externaltools.gnu-tools-for-stm32.7-2018-q2-update.win32_1.0.0.201904181610/tools/bin/../lib/gcc/arm-none-eabi/7.3.1/../../../../arm-none-eabi/lib/thumb/v7e-m/fpv4-sp/hard\libc_nano.a(lib_a-nano-mallocr.o)
 .ARM.attributes
                0x0000000000000847       0x34 c:/st/stm32cubeide_1.2.0/stm32cubeide/plugins/com.st.stm32cube.ide.mcu.externaltools.gnu-tools-for-stm32.7-2018-q2-update.win32_1.0.0.201904181610/tools/bin/../lib/gcc/arm-none-eabi/7.3.1/../../../../arm-none-eabi/lib/thumb/v7e-m/fpv4-sp/hard\libc_nano.a(lib_a-sbrkr.o)
 .ARM.attributes
                0x000000000000087b       0x34 c:/st/stm32cubeide_1.2.0/stm32cubeide/plugins/com.st.stm32cube.ide.mcu.externaltools.gnu-tools-for-stm32.7-2018-q2-update.win32_1.0.0.201904181610/tools/bin/../lib/gcc/arm-none-eabi/7.3.1/../../../../arm-none-eabi/lib/thumb/v7e-m/fpv4-sp/hard\libc_nano.a(lib_a-signal.o)
 .ARM.attributes
                0x00000000000008af       0x34 c:/st/stm32cubeide_1.2.0/stm32cubeide/plugins/com.st.stm32cube.ide.mcu.externaltools.gnu-tools-for-stm32.7-2018-q2-update.win32_1.0.0.201904181610/tools/bin/../lib/gcc/arm-none-eabi/7.3.1/../../../../arm-none-eabi/lib/thumb/v7e-m/fpv4-sp/hard\libc_nano.a(lib_a-signalr.o)
 .ARM.attributes
                0x00000000000008e3       0x34 c:/st/stm32cubeide_1.2.0/stm32cubeide/plugins/com.st.stm32cube.ide.mcu.externaltools.gnu-tools-for-stm32.7-2018-q2-update.win32_1.0.0.201904181610/tools/bin/../lib/gcc/arm-none-eabi/7.3.1/../../../../arm-none-eabi/lib/thumb/v7e-m/fpv4-sp/hard\libc_nano.a(lib_a-mlock.o)
 .ARM.attributes
                0x0000000000000917       0x34 c:/st/stm32cubeide_1.2.0/stm32cubeide/plugins/com.st.stm32cube.ide.mcu.externaltools.gnu-tools-for-stm32.7-2018-q2-update.win32_1.0.0.201904181610/tools/bin/../lib/gcc/arm-none-eabi/7.3.1/../../../../arm-none-eabi/lib/thumb/v7e-m/fpv4-sp/hard\libc_nano.a(lib_a-reent.o)
 .ARM.attributes
                0x000000000000094b       0x22 c:/st/stm32cubeide_1.2.0/stm32cubeide/plugins/com.st.stm32cube.ide.mcu.externaltools.gnu-tools-for-stm32.7-2018-q2-update.win32_1.0.0.201904181610/tools/bin/../lib/gcc/arm-none-eabi/7.3.1/thumb/v7e-m/fpv4-sp/hard\libgcc.a(_aeabi_uldivmod.o)
 .ARM.attributes
                0x000000000000096d       0x34 c:/st/stm32cubeide_1.2.0/stm32cubeide/plugins/com.st.stm32cube.ide.mcu.externaltools.gnu-tools-for-stm32.7-2018-q2-update.win32_1.0.0.201904181610/tools/bin/../lib/gcc/arm-none-eabi/7.3.1/thumb/v7e-m/fpv4-sp/hard\libgcc.a(_udivmoddi4.o)
 .ARM.attributes
                0x00000000000009a1       0x22 c:/st/stm32cubeide_1.2.0/stm32cubeide/plugins/com.st.stm32cube.ide.mcu.externaltools.gnu-tools-for-stm32.7-2018-q2-update.win32_1.0.0.201904181610/tools/bin/../lib/gcc/arm-none-eabi/7.3.1/thumb/v7e-m/fpv4-sp/hard\libgcc.a(_dvmd_tls.o)
 .ARM.attributes
                0x00000000000009c3       0x22 c:/st/stm32cubeide_1.2.0/stm32cubeide/plugins/com.st.stm32cube.ide.mcu.externaltools.gnu-tools-for-stm32.7-2018-q2-update.win32_1.0.0.201904181610/tools/bin/../lib/gcc/arm-none-eabi/7.3.1/thumb/v7e-m/fpv4-sp/hard/crtn.o
OUTPUT(MCLock.elf elf32-littlearm)

.comment        0x0000000000000000       0x7b
 .comment       0x0000000000000000       0x7b Core/Src/adc.o
                                         0x7c (size before relaxing)
 .comment       0x000000000000007b       0x7c Core/Src/cppmain.o
 .comment       0x000000000000007b       0x7c Core/Src/dac.o
 .comment       0x000000000000007b       0x7c Core/Src/leds.o
 .comment       0x000000000000007b       0x7c Core/Src/main.o
 .comment       0x000000000000007b       0x7c Core/Src/misc_func.o
 .comment       0x000000000000007b       0x7c Core/Src/newdma.o
 .comment       0x000000000000007b       0x7c Core/Src/oscilloscope.o
 .comment       0x000000000000007b       0x7c Core/Src/pid.o
 .comment       0x000000000000007b       0x7c Core/Src/raspberrypi.o
 .comment       0x000000000000007b       0x7c Core/Src/stm32f4xx_hal_msp.o
 .comment       0x000000000000007b       0x7c Core/Src/stm32f4xx_it.o
 .comment       0x000000000000007b       0x7c Core/Src/syscalls.o
 .comment       0x000000000000007b       0x7c Core/Src/sysmem.o
 .comment       0x000000000000007b       0x7c Core/Src/system_stm32f4xx.o
 .comment       0x000000000000007b       0x7c Drivers/STM32F4xx_HAL_Driver/Src/stm32f4xx_hal.o
 .comment       0x000000000000007b       0x7c Drivers/STM32F4xx_HAL_Driver/Src/stm32f4xx_hal_cortex.o
 .comment       0x000000000000007b       0x7c Drivers/STM32F4xx_HAL_Driver/Src/stm32f4xx_hal_dma.o
 .comment       0x000000000000007b       0x7c Drivers/STM32F4xx_HAL_Driver/Src/stm32f4xx_hal_gpio.o
 .comment       0x000000000000007b       0x7c Drivers/STM32F4xx_HAL_Driver/Src/stm32f4xx_hal_pwr_ex.o
 .comment       0x000000000000007b       0x7c Drivers/STM32F4xx_HAL_Driver/Src/stm32f4xx_hal_rcc.o
 .comment       0x000000000000007b       0x7c Drivers/STM32F4xx_HAL_Driver/Src/stm32f4xx_hal_spi.o
 .comment       0x000000000000007b       0x7c Drivers/STM32F4xx_HAL_Driver/Src/stm32f4xx_hal_tim.o
 .comment       0x000000000000007b       0x7c Drivers/STM32F4xx_HAL_Driver/Src/stm32f4xx_hal_tim_ex.o

.debug_frame    0x0000000000000000      0x578
 .debug_frame   0x0000000000000000       0x20 c:/st/stm32cubeide_1.2.0/stm32cubeide/plugins/com.st.stm32cube.ide.mcu.externaltools.gnu-tools-for-stm32.7-2018-q2-update.win32_1.0.0.201904181610/tools/bin/../lib/gcc/arm-none-eabi/7.3.1/../../../../arm-none-eabi/lib/thumb/v7e-m/fpv4-sp/hard\libstdc++_nano.a(new_opv.o)
 .debug_frame   0x0000000000000020       0x20 c:/st/stm32cubeide_1.2.0/stm32cubeide/plugins/com.st.stm32cube.ide.mcu.externaltools.gnu-tools-for-stm32.7-2018-q2-update.win32_1.0.0.201904181610/tools/bin/../lib/gcc/arm-none-eabi/7.3.1/../../../../arm-none-eabi/lib/thumb/v7e-m/fpv4-sp/hard\libstdc++_nano.a(del_ops.o)
 .debug_frame   0x0000000000000040       0x28 c:/st/stm32cubeide_1.2.0/stm32cubeide/plugins/com.st.stm32cube.ide.mcu.externaltools.gnu-tools-for-stm32.7-2018-q2-update.win32_1.0.0.201904181610/tools/bin/../lib/gcc/arm-none-eabi/7.3.1/../../../../arm-none-eabi/lib/thumb/v7e-m/fpv4-sp/hard\libstdc++_nano.a(new_op.o)
 .debug_frame   0x0000000000000068       0x30 c:/st/stm32cubeide_1.2.0/stm32cubeide/plugins/com.st.stm32cube.ide.mcu.externaltools.gnu-tools-for-stm32.7-2018-q2-update.win32_1.0.0.201904181610/tools/bin/../lib/gcc/arm-none-eabi/7.3.1/../../../../arm-none-eabi/lib/thumb/v7e-m/fpv4-sp/hard\libstdc++_nano.a(new_handler.o)
 .debug_frame   0x0000000000000098       0x20 c:/st/stm32cubeide_1.2.0/stm32cubeide/plugins/com.st.stm32cube.ide.mcu.externaltools.gnu-tools-for-stm32.7-2018-q2-update.win32_1.0.0.201904181610/tools/bin/../lib/gcc/arm-none-eabi/7.3.1/../../../../arm-none-eabi/lib/thumb/v7e-m/fpv4-sp/hard\libstdc++_nano.a(del_op.o)
 .debug_frame   0x00000000000000b8      0x170 c:/st/stm32cubeide_1.2.0/stm32cubeide/plugins/com.st.stm32cube.ide.mcu.externaltools.gnu-tools-for-stm32.7-2018-q2-update.win32_1.0.0.201904181610/tools/bin/../lib/gcc/arm-none-eabi/7.3.1/../../../../arm-none-eabi/lib/thumb/v7e-m/fpv4-sp/hard\libstdc++_nano.a(functexcept.o)
 .debug_frame   0x0000000000000228       0x28 c:/st/stm32cubeide_1.2.0/stm32cubeide/plugins/com.st.stm32cube.ide.mcu.externaltools.gnu-tools-for-stm32.7-2018-q2-update.win32_1.0.0.201904181610/tools/bin/../lib/gcc/arm-none-eabi/7.3.1/../../../../arm-none-eabi/lib/thumb/v7e-m/fpv4-sp/hard\libc_nano.a(lib_a-abort.o)
 .debug_frame   0x0000000000000250       0x20 c:/st/stm32cubeide_1.2.0/stm32cubeide/plugins/com.st.stm32cube.ide.mcu.externaltools.gnu-tools-for-stm32.7-2018-q2-update.win32_1.0.0.201904181610/tools/bin/../lib/gcc/arm-none-eabi/7.3.1/../../../../arm-none-eabi/lib/thumb/v7e-m/fpv4-sp/hard\libc_nano.a(lib_a-errno.o)
 .debug_frame   0x0000000000000270       0x2c c:/st/stm32cubeide_1.2.0/stm32cubeide/plugins/com.st.stm32cube.ide.mcu.externaltools.gnu-tools-for-stm32.7-2018-q2-update.win32_1.0.0.201904181610/tools/bin/../lib/gcc/arm-none-eabi/7.3.1/../../../../arm-none-eabi/lib/thumb/v7e-m/fpv4-sp/hard\libc_nano.a(lib_a-init.o)
 .debug_frame   0x000000000000029c       0x30 c:/st/stm32cubeide_1.2.0/stm32cubeide/plugins/com.st.stm32cube.ide.mcu.externaltools.gnu-tools-for-stm32.7-2018-q2-update.win32_1.0.0.201904181610/tools/bin/../lib/gcc/arm-none-eabi/7.3.1/../../../../arm-none-eabi/lib/thumb/v7e-m/fpv4-sp/hard\libc_nano.a(lib_a-malloc.o)
 .debug_frame   0x00000000000002cc       0x28 c:/st/stm32cubeide_1.2.0/stm32cubeide/plugins/com.st.stm32cube.ide.mcu.externaltools.gnu-tools-for-stm32.7-2018-q2-update.win32_1.0.0.201904181610/tools/bin/../lib/gcc/arm-none-eabi/7.3.1/../../../../arm-none-eabi/lib/thumb/v7e-m/fpv4-sp/hard\libc_nano.a(lib_a-memmove.o)
 .debug_frame   0x00000000000002f4       0x38 c:/st/stm32cubeide_1.2.0/stm32cubeide/plugins/com.st.stm32cube.ide.mcu.externaltools.gnu-tools-for-stm32.7-2018-q2-update.win32_1.0.0.201904181610/tools/bin/../lib/gcc/arm-none-eabi/7.3.1/../../../../arm-none-eabi/lib/thumb/v7e-m/fpv4-sp/hard\libc_nano.a(lib_a-nano-freer.o)
 .debug_frame   0x000000000000032c       0x2c c:/st/stm32cubeide_1.2.0/stm32cubeide/plugins/com.st.stm32cube.ide.mcu.externaltools.gnu-tools-for-stm32.7-2018-q2-update.win32_1.0.0.201904181610/tools/bin/../lib/gcc/arm-none-eabi/7.3.1/../../../../arm-none-eabi/lib/thumb/v7e-m/fpv4-sp/hard\libc_nano.a(lib_a-nano-mallocr.o)
 .debug_frame   0x0000000000000358       0x2c c:/st/stm32cubeide_1.2.0/stm32cubeide/plugins/com.st.stm32cube.ide.mcu.externaltools.gnu-tools-for-stm32.7-2018-q2-update.win32_1.0.0.201904181610/tools/bin/../lib/gcc/arm-none-eabi/7.3.1/../../../../arm-none-eabi/lib/thumb/v7e-m/fpv4-sp/hard\libc_nano.a(lib_a-sbrkr.o)
 .debug_frame   0x0000000000000384       0xcc c:/st/stm32cubeide_1.2.0/stm32cubeide/plugins/com.st.stm32cube.ide.mcu.externaltools.gnu-tools-for-stm32.7-2018-q2-update.win32_1.0.0.201904181610/tools/bin/../lib/gcc/arm-none-eabi/7.3.1/../../../../arm-none-eabi/lib/thumb/v7e-m/fpv4-sp/hard\libc_nano.a(lib_a-signal.o)
 .debug_frame   0x0000000000000450       0x3c c:/st/stm32cubeide_1.2.0/stm32cubeide/plugins/com.st.stm32cube.ide.mcu.externaltools.gnu-tools-for-stm32.7-2018-q2-update.win32_1.0.0.201904181610/tools/bin/../lib/gcc/arm-none-eabi/7.3.1/../../../../arm-none-eabi/lib/thumb/v7e-m/fpv4-sp/hard\libc_nano.a(lib_a-signalr.o)
 .debug_frame   0x000000000000048c       0x30 c:/st/stm32cubeide_1.2.0/stm32cubeide/plugins/com.st.stm32cube.ide.mcu.externaltools.gnu-tools-for-stm32.7-2018-q2-update.win32_1.0.0.201904181610/tools/bin/../lib/gcc/arm-none-eabi/7.3.1/../../../../arm-none-eabi/lib/thumb/v7e-m/fpv4-sp/hard\libc_nano.a(lib_a-mlock.o)
 .debug_frame   0x00000000000004bc       0x5c c:/st/stm32cubeide_1.2.0/stm32cubeide/plugins/com.st.stm32cube.ide.mcu.externaltools.gnu-tools-for-stm32.7-2018-q2-update.win32_1.0.0.201904181610/tools/bin/../lib/gcc/arm-none-eabi/7.3.1/../../../../arm-none-eabi/lib/thumb/v7e-m/fpv4-sp/hard\libc_nano.a(lib_a-reent.o)
 .debug_frame   0x0000000000000518       0x2c c:/st/stm32cubeide_1.2.0/stm32cubeide/plugins/com.st.stm32cube.ide.mcu.externaltools.gnu-tools-for-stm32.7-2018-q2-update.win32_1.0.0.201904181610/tools/bin/../lib/gcc/arm-none-eabi/7.3.1/thumb/v7e-m/fpv4-sp/hard\libgcc.a(_aeabi_uldivmod.o)
 .debug_frame   0x0000000000000544       0x34 c:/st/stm32cubeide_1.2.0/stm32cubeide/plugins/com.st.stm32cube.ide.mcu.externaltools.gnu-tools-for-stm32.7-2018-q2-update.win32_1.0.0.201904181610/tools/bin/../lib/gcc/arm-none-eabi/7.3.1/thumb/v7e-m/fpv4-sp/hard\libgcc.a(_udivmoddi4.o)
