Archive member included to satisfy reference by file (symbol)

c:/st/stm32cubeide_1.2.0/stm32cubeide/plugins/com.st.stm32cube.ide.mcu.externaltools.gnu-tools-for-stm32.7-2018-q2-update.win32_1.0.0.201904181610/tools/bin/../lib/gcc/arm-none-eabi/7.3.1/../../../../arm-none-eabi/lib/thumb/v7e-m/fpv4-sp/hard\libstdc++_nano.a(new_opv.o)
                              Core\Src\adc.o (operator new[](unsigned int))
c:/st/stm32cubeide_1.2.0/stm32cubeide/plugins/com.st.stm32cube.ide.mcu.externaltools.gnu-tools-for-stm32.7-2018-q2-update.win32_1.0.0.201904181610/tools/bin/../lib/gcc/arm-none-eabi/7.3.1/../../../../arm-none-eabi/lib/thumb/v7e-m/fpv4-sp/hard\libstdc++_nano.a(del_ops.o)
                              Core\Src\adc.o (operator delete(void*, unsigned int))
c:/st/stm32cubeide_1.2.0/stm32cubeide/plugins/com.st.stm32cube.ide.mcu.externaltools.gnu-tools-for-stm32.7-2018-q2-update.win32_1.0.0.201904181610/tools/bin/../lib/gcc/arm-none-eabi/7.3.1/../../../../arm-none-eabi/lib/thumb/v7e-m/fpv4-sp/hard\libstdc++_nano.a(new_op.o)
                              Core\Src\FFTCorrection.o (operator new(unsigned int))
c:/st/stm32cubeide_1.2.0/stm32cubeide/plugins/com.st.stm32cube.ide.mcu.externaltools.gnu-tools-for-stm32.7-2018-q2-update.win32_1.0.0.201904181610/tools/bin/../lib/gcc/arm-none-eabi/7.3.1/../../../../arm-none-eabi/lib/thumb/v7e-m/fpv4-sp/hard\libstdc++_nano.a(new_handler.o)
                              c:/st/stm32cubeide_1.2.0/stm32cubeide/plugins/com.st.stm32cube.ide.mcu.externaltools.gnu-tools-for-stm32.7-2018-q2-update.win32_1.0.0.201904181610/tools/bin/../lib/gcc/arm-none-eabi/7.3.1/../../../../arm-none-eabi/lib/thumb/v7e-m/fpv4-sp/hard\libstdc++_nano.a(new_op.o) (std::get_new_handler())
c:/st/stm32cubeide_1.2.0/stm32cubeide/plugins/com.st.stm32cube.ide.mcu.externaltools.gnu-tools-for-stm32.7-2018-q2-update.win32_1.0.0.201904181610/tools/bin/../lib/gcc/arm-none-eabi/7.3.1/../../../../arm-none-eabi/lib/thumb/v7e-m/fpv4-sp/hard\libstdc++_nano.a(del_op.o)
                              Core\Src\FFTCorrection.o (operator delete(void*))
c:/st/stm32cubeide_1.2.0/stm32cubeide/plugins/com.st.stm32cube.ide.mcu.externaltools.gnu-tools-for-stm32.7-2018-q2-update.win32_1.0.0.201904181610/tools/bin/../lib/gcc/arm-none-eabi/7.3.1/../../../../arm-none-eabi/lib/thumb/v7e-m/fpv4-sp/hard\libstdc++_nano.a(functexcept.o)
                              Core\Src\FFTCorrection.o (std::__throw_bad_alloc())
c:/st/stm32cubeide_1.2.0/stm32cubeide/plugins/com.st.stm32cube.ide.mcu.externaltools.gnu-tools-for-stm32.7-2018-q2-update.win32_1.0.0.201904181610/tools/bin/../lib/gcc/arm-none-eabi/7.3.1/../../../../arm-none-eabi/lib/thumb/v7e-m/fpv4-sp/hard\libstdc++_nano.a(snprintf_lite.o)
                              c:/st/stm32cubeide_1.2.0/stm32cubeide/plugins/com.st.stm32cube.ide.mcu.externaltools.gnu-tools-for-stm32.7-2018-q2-update.win32_1.0.0.201904181610/tools/bin/../lib/gcc/arm-none-eabi/7.3.1/../../../../arm-none-eabi/lib/thumb/v7e-m/fpv4-sp/hard\libstdc++_nano.a(functexcept.o) (__gnu_cxx::__snprintf_lite(char*, unsigned int, char const*, std::__va_list))
c:/st/stm32cubeide_1.2.0/stm32cubeide/plugins/com.st.stm32cube.ide.mcu.externaltools.gnu-tools-for-stm32.7-2018-q2-update.win32_1.0.0.201904181610/tools/bin/../lib/gcc/arm-none-eabi/7.3.1/../../../../arm-none-eabi/lib/thumb/v7e-m/fpv4-sp/hard\libm.a(lib_a-sf_cos.o)
                              Core\Src\FFTCorrection.o (cosf)
c:/st/stm32cubeide_1.2.0/stm32cubeide/plugins/com.st.stm32cube.ide.mcu.externaltools.gnu-tools-for-stm32.7-2018-q2-update.win32_1.0.0.201904181610/tools/bin/../lib/gcc/arm-none-eabi/7.3.1/../../../../arm-none-eabi/lib/thumb/v7e-m/fpv4-sp/hard\libm.a(lib_a-sf_sin.o)
                              Core\Src\FFTCorrection.o (sinf)
c:/st/stm32cubeide_1.2.0/stm32cubeide/plugins/com.st.stm32cube.ide.mcu.externaltools.gnu-tools-for-stm32.7-2018-q2-update.win32_1.0.0.201904181610/tools/bin/../lib/gcc/arm-none-eabi/7.3.1/../../../../arm-none-eabi/lib/thumb/v7e-m/fpv4-sp/hard\libm.a(lib_a-wf_exp.o)
                              Core\Src\FFTCorrection.o (expf)
c:/st/stm32cubeide_1.2.0/stm32cubeide/plugins/com.st.stm32cube.ide.mcu.externaltools.gnu-tools-for-stm32.7-2018-q2-update.win32_1.0.0.201904181610/tools/bin/../lib/gcc/arm-none-eabi/7.3.1/../../../../arm-none-eabi/lib/thumb/v7e-m/fpv4-sp/hard\libm.a(lib_a-ef_exp.o)
                              c:/st/stm32cubeide_1.2.0/stm32cubeide/plugins/com.st.stm32cube.ide.mcu.externaltools.gnu-tools-for-stm32.7-2018-q2-update.win32_1.0.0.201904181610/tools/bin/../lib/gcc/arm-none-eabi/7.3.1/../../../../arm-none-eabi/lib/thumb/v7e-m/fpv4-sp/hard\libm.a(lib_a-wf_exp.o) (__ieee754_expf)
c:/st/stm32cubeide_1.2.0/stm32cubeide/plugins/com.st.stm32cube.ide.mcu.externaltools.gnu-tools-for-stm32.7-2018-q2-update.win32_1.0.0.201904181610/tools/bin/../lib/gcc/arm-none-eabi/7.3.1/../../../../arm-none-eabi/lib/thumb/v7e-m/fpv4-sp/hard\libm.a(lib_a-ef_rem_pio2.o)
[...]
Memory Configuration

Name             Origin             Length             Attributes
CCMRAM           0x0000000010000000 0x0000000000010000 xrw
RAM              0x0000000020000000 0x0000000000030000 xrw
FLASH            0x0000000008000000 0x0000000000200000 xr
DATA             0x00000000081e0000 0x0000000000020000 xrw
*default*        0x0000000000000000 0xffffffffffffffff

Linker script and memory map

LOAD c:/st/stm32cubeide_1.2.0/stm32cubeide/plugins/com.st.stm32cube.ide.mcu.externaltools.gnu-tools-for-stm32.7-2018-q2-update.win32_1.0.0.201904181610/tools/bin/../lib/gcc/arm-none-eabi/7.3.1/thumb/v7e-m/fpv4-sp/hard/crti.o
LOAD c:/st/stm32cubeide_1.2.0/stm32cubeide/plugins/com.st.stm32cube.ide.mcu.externaltools.gnu-tools-for-stm32.7-2018-q2-update.win32_1.0.0.201904181610/tools/bin/../lib/gcc/arm-none-eabi/7.3.1/thumb/v7e-m/fpv4-sp/hard/crtbegin.o
LOAD c:/st/stm32cubeide_1.2.0/stm32cubeide/plugins/com.st.stm32cube.ide.mcu.externaltools.gnu-tools-for-stm32.7-2018-q2-update.win32_1.0.0.201904181610/tools/bin/../lib/gcc/arm-none-eabi/7.3.1/../../../../arm-none-eabi/lib/thumb/v7e-m/fpv4-sp/hard/crt0.o
LOAD Core\Src\FFTCorrection.o
LOAD Core\Src\adc.o
LOAD Core\Src\benchmarking.o
LOAD Core\Src\cppmain.o
LOAD Core\Src\dac.o
LOAD Core\Src\dma.o
LOAD Core\Src\flashmemory.o
LOAD Core\Src\leds.o
LOAD Core\Src\lock.o
LOAD Core\Src\main.o
LOAD Core\Src\misc_func.o
LOAD Core\Src\newdma.o
LOAD Core\Src\oscilloscope.o
LOAD Core\Src\pid.o
LOAD Core\Src\raspberrypi.o
LOAD Core\Src\spi.o
LOAD Core\Src\stm32f4xx_hal_msp.o
LOAD Core\Src\stm32f4xx_it.o
LOAD Core\Src\syscalls.o
LOAD Core\Src\sysmem.o
LOAD Core\Src\system_stm32f4xx.o
LOAD Core\Startup\startup_stm32f427zitx.o
LOAD Drivers\STM32F4xx_HAL_Driver\Src\stm32f4xx_hal.o
LOAD Drivers\STM32F4xx_HAL_Driver\Src\stm32f4xx_hal_cortex.o
LOAD Drivers\STM32F4xx_HAL_Driver\Src\stm32f4xx_hal_dma.o
LOAD Drivers\STM32F4xx_HAL_Driver\Src\stm32f4xx_hal_dma_ex.o
LOAD Drivers\STM32F4xx_HAL_Driver\Src\stm32f4xx_hal_exti.o
LOAD Drivers\STM32F4xx_HAL_Driver\Src\stm32f4xx_hal_flash.o
LOAD Drivers\STM32F4xx_HAL_Driver\Src\stm32f4xx_hal_flash_ex.o
LOAD Drivers\STM32F4xx_HAL_Driver\Src\stm32f4xx_hal_flash_ramfunc.o
LOAD Drivers\STM32F4xx_HAL_Driver\Src\stm32f4xx_hal_gpio.o
LOAD Drivers\STM32F4xx_HAL_Driver\Src\stm32f4xx_hal_pwr.o
LOAD Drivers\STM32F4xx_HAL_Driver\Src\stm32f4xx_hal_pwr_ex.o
LOAD Drivers\STM32F4xx_HAL_Driver\Src\stm32f4xx_hal_rcc.o
LOAD Drivers\STM32F4xx_HAL_Driver\Src\stm32f4xx_hal_rcc_ex.o
LOAD Drivers\STM32F4xx_HAL_Driver\Src\stm32f4xx_hal_spi.o
LOAD Drivers\STM32F4xx_HAL_Driver\Src\stm32f4xx_hal_tim.o
LOAD Drivers\STM32F4xx_HAL_Driver\Src\stm32f4xx_hal_tim_ex.o
START GROUP
LOAD c:/st/stm32cubeide_1.2.0/stm32cubeide/plugins/com.st.stm32cube.ide.mcu.externaltools.gnu-tools-for-stm32.7-2018-q2-update.win32_1.0.0.201904181610/tools/bin/../lib/gcc/arm-none-eabi/7.3.1/../../../../arm-none-eabi/lib/thumb/v7e-m/fpv4-sp/hard\libstdc++_nano.a
LOAD c:/st/stm32cubeide_1.2.0/stm32cubeide/plugins/com.st.stm32cube.ide.mcu.externaltools.gnu-tools-for-stm32.7-2018-q2-update.win32_1.0.0.201904181610/tools/bin/../lib/gcc/arm-none-eabi/7.3.1/../../../../arm-none-eabi/lib/thumb/v7e-m/fpv4-sp/hard\libsupc++_nano.a
END GROUP
LOAD c:/st/stm32cubeide_1.2.0/stm32cubeide/plugins/com.st.stm32cube.ide.mcu.externaltools.gnu-tools-for-stm32.7-2018-q2-update.win32_1.0.0.201904181610/tools/bin/../lib/gcc/arm-none-eabi/7.3.1/../../../../arm-none-eabi/lib/thumb/v7e-m/fpv4-sp/hard\libstdc++_nano.a
LOAD c:/st/stm32cubeide_1.2.0/stm32cubeide/plugins/com.st.stm32cube.ide.mcu.externaltools.gnu-tools-for-stm32.7-2018-q2-update.win32_1.0.0.201904181610/tools/bin/../lib/gcc/arm-none-eabi/7.3.1/../../../../arm-none-eabi/lib/thumb/v7e-m/fpv4-sp/hard\libm.a
LOAD c:/st/stm32cubeide_1.2.0/stm32cubeide/plugins/com.st.stm32cube.ide.mcu.externaltools.gnu-tools-for-stm32.7-2018-q2-update.win32_1.0.0.201904181610/tools/bin/../lib/gcc/arm-none-eabi/7.3.1/../../../../arm-none-eabi/lib/thumb/v7e-m/fpv4-sp/hard\libc_nano.a
START GROUP
LOAD c:/st/stm32cubeide_1.2.0/stm32cubeide/plugins/com.st.stm32cube.ide.mcu.externaltools.gnu-tools-for-stm32.7-2018-q2-update.win32_1.0.0.201904181610/tools/bin/../lib/gcc/arm-none-eabi/7.3.1/thumb/v7e-m/fpv4-sp/hard\libgcc.a
LOAD c:/st/stm32cubeide_1.2.0/stm32cubeide/plugins/com.st.stm32cube.ide.mcu.externaltools.gnu-tools-for-stm32.7-2018-q2-update.win32_1.0.0.201904181610/tools/bin/../lib/gcc/arm-none-eabi/7.3.1/../../../../arm-none-eabi/lib/thumb/v7e-m/fpv4-sp/hard\libc_nano.a
END GROUP
START GROUP
LOAD c:/st/stm32cubeide_1.2.0/stm32cubeide/plugins/com.st.stm32cube.ide.mcu.externaltools.gnu-tools-for-stm32.7-2018-q2-update.win32_1.0.0.201904181610/tools/bin/../lib/gcc/arm-none-eabi/7.3.1/thumb/v7e-m/fpv4-sp/hard\libgcc.a
LOAD c:/st/stm32cubeide_1.2.0/stm32cubeide/plugins/com.st.stm32cube.ide.mcu.externaltools.gnu-tools-for-stm32.7-2018-q2-update.win32_1.0.0.201904181610/tools/bin/../lib/gcc/arm-none-eabi/7.3.1/../../../../arm-none-eabi/lib/thumb/v7e-m/fpv4-sp/hard\libc_nano.a
LOAD c:/st/stm32cubeide_1.2.0/stm32cubeide/plugins/com.st.stm32cube.ide.mcu.externaltools.gnu-tools-for-stm32.7-2018-q2-update.win32_1.0.0.201904181610/tools/bin/../lib/gcc/arm-none-eabi/7.3.1/../../../../arm-none-eabi/lib/thumb/v7e-m/fpv4-sp/hard\libnosys.a
END GROUP
START GROUP
LOAD c:/st/stm32cubeide_1.2.0/stm32cubeide/plugins/com.st.stm32cube.ide.mcu.externaltools.gnu-tools-for-stm32.7-2018-q2-update.win32_1.0.0.201904181610/tools/bin/../lib/gcc/arm-none-eabi/7.3.1/thumb/v7e-m/fpv4-sp/hard\libgcc.a
LOAD c:/st/stm32cubeide_1.2.0/stm32cubeide/plugins/com.st.stm32cube.ide.mcu.externaltools.gnu-tools-for-stm32.7-2018-q2-update.win32_1.0.0.201904181610/tools/bin/../lib/gcc/arm-none-eabi/7.3.1/../../../../arm-none-eabi/lib/thumb/v7e-m/fpv4-sp/hard\libc_nano.a
LOAD c:/st/stm32cubeide_1.2.0/stm32cubeide/plugins/com.st.stm32cube.ide.mcu.externaltools.gnu-tools-for-stm32.7-2018-q2-update.win32_1.0.0.201904181610/tools/bin/../lib/gcc/arm-none-eabi/7.3.1/../../../../arm-none-eabi/lib/thumb/v7e-m/fpv4-sp/hard\libnosys.a
END GROUP
LOAD c:/st/stm32cubeide_1.2.0/stm32cubeide/plugins/com.st.stm32cube.ide.mcu.externaltools.gnu-tools-for-stm32.7-2018-q2-update.win32_1.0.0.201904181610/tools/bin/../lib/gcc/arm-none-eabi/7.3.1/thumb/v7e-m/fpv4-sp/hard/crtend.o
LOAD c:/st/stm32cubeide_1.2.0/stm32cubeide/plugins/com.st.stm32cube.ide.mcu.externaltools.gnu-tools-for-stm32.7-2018-q2-update.win32_1.0.0.201904181610/tools/bin/../lib/gcc/arm-none-eabi/7.3.1/thumb/v7e-m/fpv4-sp/hard/crtn.o
                0x0000000020030000                _estack = (ORIGIN (RAM) + LENGTH (RAM))
                0x0000000000000200                _Min_Heap_Size = 0x200
                0x0000000000000400                _Min_Stack_Size = 0x400

.isr_vector     0x0000000008000000      0x1ac
                0x0000000008000000                . = ALIGN (0x4)
 *(.isr_vector)
 .isr_vector    0x0000000008000000      0x1ac Core\Startup\startup_stm32f427zitx.o
                0x0000000008000000                g_pfnVectors
                0x00000000080001ac                . = ALIGN (0x4)

.text           0x00000000080001b0     0x6310
                0x00000000080001b0                . = ALIGN (0x4)
 *(.text)
 .text          0x00000000080001b0       0x40 c:/st/stm32cubeide_1.2.0/stm32cubeide/plugins/com.st.stm32cube.ide.mcu.externaltools.gnu-tools-for-stm32.7-2018-q2-update.win32_1.0.0.201904181610/tools/bin/../lib/gcc/arm-none-eabi/7.3.1/thumb/v7e-m/fpv4-sp/hard/crtbegin.o
 .text          0x00000000080001f0      0x378 c:/st/stm32cubeide_1.2.0/stm32cubeide/plugins/com.st.stm32cube.ide.mcu.externaltools.gnu-tools-for-stm32.7-2018-q2-update.win32_1.0.0.201904181610/tools/bin/../lib/gcc/arm-none-eabi/7.3.1/thumb/v7e-m/fpv4-sp/hard\libgcc.a(_arm_addsubdf3.o)
                0x00000000080001f0                __aeabi_drsub
                0x00000000080001f8                __aeabi_dsub
                0x00000000080001f8                __subdf3
                0x00000000080001fc                __aeabi_dadd
                0x00000000080001fc                __adddf3
                0x0000000008000474                __floatunsidf
                0x0000000008000474                __aeabi_ui2d
                0x0000000008000494                __floatsidf
                0x0000000008000494                __aeabi_i2d
                0x00000000080004b8                __aeabi_f2d
                0x00000000080004b8                __extendsfdf2
                0x00000000080004fc                __floatundidf
                0x00000000080004fc                __aeabi_ul2d
                0x000000000800050c                __floatdidf
                0x000000000800050c                __aeabi_l2d
 .text          0x0000000008000568      0x424 c:/st/stm32cubeide_1.2.0/stm32cubeide/plugins/com.st.stm32cube.ide.mcu.externaltools.gnu-tools-for-stm32.7-2018-q2-update.win32_1.0.0.201904181610/tools/bin/../lib/gcc/arm-none-eabi/7.3.1/thumb/v7e-m/fpv4-sp/hard\libgcc.a(_arm_muldivdf3.o)
                0x0000000008000568                __aeabi_dmul
                0x0000000008000568                __muldf3
                0x00000000080007bc                __divdf3
                0x00000000080007bc                __aeabi_ddiv
 .text          0x000000000800098c       0xa0 c:/st/stm32cubeide_1.2.0/stm32cubeide/plugins/com.st.stm32cube.ide.mcu.externaltools.gnu-tools-for-stm32.7-2018-q2-update.win32_1.0.0.201904181610/tools/bin/../lib/gcc/arm-none-eabi/7.3.1/thumb/v7e-m/fpv4-sp/hard\libgcc.a(_arm_truncdfsf2.o)
                0x000000000800098c                __truncdfsf2
                0x000000000800098c                __aeabi_d2f
 .text          0x0000000008000a2c       0x30 c:/st/stm32cubeide_1.2.0/stm32cubeide/plugins/com.st.stm32cube.ide.mcu.externaltools.gnu-tools-for-stm32.7-2018-q2-update.win32_1.0.0.201904181610/tools/bin/../lib/gcc/arm-none-eabi/7.3.1/thumb/v7e-m/fpv4-sp/hard\libgcc.a(_aeabi_uldivmod.o)
                0x0000000008000a2c                __aeabi_uldivmod
 .text          0x0000000008000a5c      0x2cc c:/st/stm32cubeide_1.2.0/stm32cubeide/plugins/com.st.stm32cube.ide.mcu.externaltools.gnu-tools-for-stm32.7-2018-q2-update.win32_1.0.0.201904181610/tools/bin/../lib/gcc/arm-none-eabi/7.3.1/thumb/v7e-m/fpv4-sp/hard\libgcc.a(_udivmoddi4.o)
                0x0000000008000a5c                __udivmoddi4
 .text          0x0000000008000d28        0x4 c:/st/stm32cubeide_1.2.0/stm32cubeide/plugins/com.st.stm32cube.ide.mcu.externaltools.gnu-tools-for-stm32.7-2018-q2-update.win32_1.0.0.201904181610/tools/bin/../lib/gcc/arm-none-eabi/7.3.1/thumb/v7e-m/fpv4-sp/hard\libgcc.a(_dvmd_tls.o)
                0x0000000008000d28                __aeabi_idiv0
                0x0000000008000d28                __aeabi_ldiv0
 *(.text*)
 .text._ZN13FFTCorrection4sincEf
                0x0000000008000d2c       0x28 Core\Src\FFTCorrection.o
                0x0000000008000d2c                FFTCorrection::sinc(float)
 .text._ZNSt6vectorI8fftEntrySaIS0_EE17_M_realloc_insertIJRKS0_EEEvN9__gnu_cxx17__normal_iteratorIPS0_S2_EEDpOT_
                0x0000000008000d54      0x118 Core\Src\FFTCorrection.o
                0x0000000008000d54                void std::vector<fftEntry, std::allocator<fftEntry> >::_M_realloc_insert<fftEntry const&>(__gnu_cxx::__normal_iterator<fftEntry*, std::vector<fftEntry, std::allocator<fftEntry> > >, fftEntry const&)
 .text._ZN13FFTCorrection16GenerateFFTBasisEv
                0x0000000008000e6c      0x1c4 Core\Src\FFTCorrection.o
                0x0000000008000e6c                FFTCorrection::GenerateFFTBasis()
 .text._ZNSt6vectorISt7complexIfESaIS1_EE17_M_realloc_insertIJRKS1_EEEvN9__gnu_cxx17__normal_iteratorIPS1_S3_EEDpOT_
                0x0000000008001030       0xd2 Core\Src\FFTCorrection.o
                0x0000000008001030                void std::vector<std::complex<float>, std::allocator<std::complex<float> > >::_M_realloc_insert<std::complex<float> const&>(__gnu_cxx::__normal_iterator<std::complex<float>*, std::vector<std::complex<float>, std::allocator<std::complex<float> > > >, std::complex<float> const&)
 *fill*         0x0000000008001102        0x2 
 .text._ZN13FFTCorrection27GenerateAmplitudeCorrectionEv
                0x0000000008001104      0x114 Core\Src\FFTCorrection.o
                0x0000000008001104                FFTCorrection::GenerateAmplitudeCorrection()
 .text._ZNSt6vectorISt7complexIfESaIS1_EE17_M_realloc_insertIJS1_EEEvN9__gnu_cxx17__normal_iteratorIPS1_S3_EEDpOT_
                0x0000000008001218       0xd2 Core\Src\FFTCorrection.o
                0x0000000008001218                void std::vector<std::complex<float>, std::allocator<std::complex<float> > >::_M_realloc_insert<std::complex<float> >(__gnu_cxx::__normal_iterator<std::complex<float>*, std::vector<std::complex<float>, std::allocator<std::complex<float> > > >, std::complex<float>&&)
 .text._ZNSt6vectorISt7complexIfESaIS1_EE12emplace_backIJS1_EEEvDpOT_
                0x00000000080012ea       0x26 Core\Src\FFTCorrection.o
                0x00000000080012ea                void std::vector<std::complex<float>, std::allocator<std::complex<float> > >::emplace_back<std::complex<float> >(std::complex<float>&&)
 .text._ZN13FFTCorrection21GenerateFourierCoeffsEv
                0x0000000008001310       0xec Core\Src\FFTCorrection.o
                0x0000000008001310                FFTCorrection::GenerateFourierCoeffs()
 .text._ZN13FFTCorrection5SetupEv
                0x00000000080013fc       0xa2 Core\Src\FFTCorrection.o
                0x00000000080013fc                FFTCorrection::Setup()
 .text._ZN7ADC_Dev14UpdateSoftSpanEhh
                0x000000000800149e       0x58 Core\Src\adc.o
                0x000000000800149e                ADC_Dev::UpdateSoftSpan(unsigned char, unsigned char)
 .text._ZN11ADC_ChannelC2EP7ADC_Devt
                0x00000000080014f6        0xa Core\Src\adc.o
                0x00000000080014f6                ADC_Channel::ADC_Channel(ADC_Dev*, unsigned short)
                0x00000000080014f6                ADC_Channel::ADC_Channel(ADC_Dev*, unsigned short)
 .text._ZN11ADC_Channel5SetupEh
                0x0000000008001500       0x60 Core\Src\adc.o
                0x0000000008001500                ADC_Channel::Setup(unsigned char)
 .text._ZN7ADC_DevC2EhhhhhP12GPIO_TypeDeft
                0x0000000008001560       0xa8 Core\Src\adc.o
                0x0000000008001560                ADC_Dev::ADC_Dev(unsigned char, unsigned char, unsigned char, unsigned char, unsigned char, GPIO_TypeDef*, unsigned short)
                0x0000000008001560                ADC_Dev::ADC_Dev(unsigned char, unsigned char, unsigned char, unsigned char, unsigned char, GPIO_TypeDef*, unsigned short)
 .text._Z10StartTimerm
                0x0000000008001608       0x2c Core\Src\cppmain.o
                0x0000000008001608                StartTimer(unsigned long)
 .text._ZNSt11_Deque_baseI8WaypointSaIS0_EE16_M_destroy_nodesEPPS0_S4_
                0x0000000008001634       0x16 Core\Src\cppmain.o
                0x0000000008001634                std::_Deque_base<Waypoint, std::allocator<Waypoint> >::_M_destroy_nodes(Waypoint**, Waypoint**)
 .text._ZNSt11_Deque_baseI8WaypointSaIS0_EED2Ev
                0x000000000800164a       0x1c Core\Src\cppmain.o
                0x000000000800164a                std::_Deque_base<Waypoint, std::allocator<Waypoint> >::~_Deque_base()
                0x000000000800164a                std::_Deque_base<Waypoint, std::allocator<Waypoint> >::~_Deque_base()
 .text._ZSt12__niter_baseIPK4peakSt6vectorIS0_SaIS0_EEET_N9__gnu_cxx17__normal_iteratorIS6_T0_EE
                0x0000000008001666        0x2 Core\Src\cppmain.o
                0x0000000008001666                peak const* std::__niter_base<peak const*, std::vector<peak, std::allocator<peak> > >(__gnu_cxx::__normal_iterator<peak const*, std::vector<peak, std::allocator<peak> > >)
 .text._ZNSt6vectorI4peakSaIS0_EEC2ERKS2_
                0x0000000008001668       0x64 Core\Src\cppmain.o
                0x0000000008001668                std::vector<peak, std::allocator<peak> >::vector(std::vector<peak, std::allocator<peak> > const&)
                0x0000000008001668                std::vector<peak, std::allocator<peak> >::vector(std::vector<peak, std::allocator<peak> > const&)
 .text._ZSt12__niter_baseIP4peakSt6vectorIS0_SaIS0_EEET_N9__gnu_cxx17__normal_iteratorIS5_T0_EE
                0x00000000080016cc        0x2 Core\Src\cppmain.o
                0x00000000080016cc                peak* std::__niter_base<peak*, std::vector<peak, std::allocator<peak> > >(__gnu_cxx::__normal_iterator<peak*, std::vector<peak, std::allocator<peak> > >)
 .text._ZNSt6vectorI4peakSaIS0_EEaSERKS2_
                0x00000000080016ce       0xce Core\Src\cppmain.o
                0x00000000080016ce                std::vector<peak, std::allocator<peak> >::operator=(std::vector<peak, std::allocator<peak> > const&)
 .text._ZNSt11_Deque_baseI8WaypointSaIS0_EE15_M_create_nodesEPPS0_S4_
                0x000000000800179c       0x1a Core\Src\cppmain.o
                0x000000000800179c                std::_Deque_base<Waypoint, std::allocator<Waypoint> >::_M_create_nodes(Waypoint**, Waypoint**)
 .text._ZNSt11_Deque_baseI8WaypointSaIS0_EE17_M_initialize_mapEj
                0x00000000080017b6       0x82 Core\Src\cppmain.o
                0x00000000080017b6                std::_Deque_base<Waypoint, std::allocator<Waypoint> >::_M_initialize_map(unsigned int)
 .text._ZNSt5dequeI8WaypointSaIS0_EE17_M_reallocate_mapEjb
                0x0000000008001838       0xf0 Core\Src\cppmain.o
                0x0000000008001838                std::deque<Waypoint, std::allocator<Waypoint> >::_M_reallocate_map(unsigned int, bool)
 .text._ZNSt5dequeI8WaypointSaIS0_EE16_M_push_back_auxIJS0_EEEvDpOT_
                0x0000000008001928       0x4c Core\Src\cppmain.o
                0x0000000008001928                void std::deque<Waypoint, std::allocator<Waypoint> >::_M_push_back_aux<Waypoint>(Waypoint&&)
 .text._ZNSt5dequeI8WaypointSaIS0_EE12emplace_backIJS0_EEEvDpOT_
                0x0000000008001974       0x26 Core\Src\cppmain.o
                0x0000000008001974                void std::deque<Waypoint, std::allocator<Waypoint> >::emplace_back<Waypoint>(Waypoint&&)
 .text._ZSt12__miter_baseIP4peakEDTcl12__miter_basecldtfp_4baseEEESt13move_iteratorIT_E
                0x000000000800199a        0x2 Core\Src\cppmain.o
                0x000000000800199a                decltype (__miter_base(({parm#1}.base)())) std::__miter_base<peak*>(std::move_iterator<peak*>)
 .text._ZNSt6vectorI4peakSaIS0_EE17_M_realloc_insertIJS0_EEEvN9__gnu_cxx17__normal_iteratorIPS0_S2_EEDpOT_
                0x000000000800199c       0xd2 Core\Src\cppmain.o
                0x000000000800199c                void std::vector<peak, std::allocator<peak> >::_M_realloc_insert<peak>(__gnu_cxx::__normal_iterator<peak*, std::vector<peak, std::allocator<peak> > >, peak&&)
 .text._ZNSt6vectorI4peakSaIS0_EE12emplace_backIJS0_EEEvDpOT_
                0x0000000008001a6e       0x26 Core\Src\cppmain.o
                0x0000000008001a6e                void std::vector<peak, std::allocator<peak> >::emplace_back<peak>(peak&&)
 .text._ZSt12__miter_baseIP10voltageOutEDTcl12__miter_basecldtfp_4baseEEESt13move_iteratorIT_E
                0x0000000008001a94        0x2 Core\Src\cppmain.o
                0x0000000008001a94                decltype (__miter_base(({parm#1}.base)())) std::__miter_base<voltageOut*>(std::move_iterator<voltageOut*>)
 .text._ZNSt6vectorI10voltageOutSaIS0_EE17_M_realloc_insertIJS0_EEEvN9__gnu_cxx17__normal_iteratorIPS0_S2_EEDpOT_
                0x0000000008001a96       0xd4 Core\Src\cppmain.o
                0x0000000008001a96                void std::vector<voltageOut, std::allocator<voltageOut> >::_M_realloc_insert<voltageOut>(__gnu_cxx::__normal_iterator<voltageOut*, std::vector<voltageOut, std::allocator<voltageOut> > >, voltageOut&&)
 .text._ZNSt6vectorI10voltageOutSaIS0_EE12emplace_backIJS0_EEEvDpOT_
                0x0000000008001b6a       0x26 Core\Src\cppmain.o
                0x0000000008001b6a                void std::vector<voltageOut, std::allocator<voltageOut> >::emplace_back<voltageOut>(voltageOut&&)
 .text.cppmain  0x0000000008001b90      0xbd4 Core\Src\cppmain.o
                0x0000000008001b90                cppmain
 .text._ZN7DAC_Dev14SendControlbitEf
                0x0000000008002764       0x84 Core\Src\dac.o
                0x0000000008002764                DAC_Dev::SendControlbit(float)
 .text._ZN7DAC_Dev5SetupEhb
                0x00000000080027e8       0x70 Core\Src\dac.o
                0x00000000080027e8                DAC_Dev::Setup(unsigned char, bool)
 .text._ZN15DAC_CalibrationC2Ev
                0x0000000008002858        0x6 Core\Src\dac.o
                0x0000000008002858                DAC_Calibration::DAC_Calibration()
                0x0000000008002858                DAC_Calibration::DAC_Calibration()
 *fill*         0x000000000800285e        0x2 
 .text._ZN7DAC_DevC2EhhhP12GPIO_TypeDeftS1_t
                0x0000000008002860       0x88 Core\Src\dac.o
                0x0000000008002860                DAC_Dev::DAC_Dev(unsigned char, unsigned char, unsigned char, GPIO_TypeDef*, unsigned short, GPIO_TypeDef*, unsigned short)
                0x0000000008002860                DAC_Dev::DAC_Dev(unsigned char, unsigned char, unsigned char, GPIO_TypeDef*, unsigned short, GPIO_TypeDef*, unsigned short)
 .text._ZN15DAC_Calibration9CalibrateEffPfm
                0x00000000080028e8       0x64 Core\Src\dac.o
                0x00000000080028e8                DAC_Calibration::Calibrate(float, float, float*, unsigned long)
 .text._ZN7DAC_Dev9CalibrateEffPfm
                0x000000000800294c       0x12 Core\Src\dac.o
                0x000000000800294c                DAC_Dev::Calibrate(float, float, float*, unsigned long)
 *fill*         0x000000000800295e        0x2 
 .text._Z12turn_LED5_onv
                0x0000000008002960       0x10 Core\Src\leds.o
                0x0000000008002960                turn_LED5_on()
 .text._Z13turn_LED5_offv
                0x0000000008002970       0x10 Core\Src\leds.o
                0x0000000008002970                turn_LED5_off()
 .text._Z12turn_LED6_onv
                0x0000000008002980       0x10 Core\Src\leds.o
                0x0000000008002980                turn_LED6_on()
 .text._Z13turn_LED6_offv
                0x0000000008002990       0x10 Core\Src\leds.o
                0x0000000008002990                turn_LED6_off()
 .text.MX_GPIO_Init
                0x00000000080029a0      0x1ec Core\Src\main.o
 .text.MX_DMA_Init
                0x0000000008002b8c       0xc8 Core\Src\main.o
 .text.Error_Handler
                0x0000000008002c54       0x14 Core\Src\main.o
                0x0000000008002c54                Error_Handler
 .text.MX_SPI1_Init
                0x0000000008002c68       0x40 Core\Src\main.o
 .text.MX_SPI2_Init
                0x0000000008002ca8       0x40 Core\Src\main.o
 .text.MX_SPI4_Init
                0x0000000008002ce8       0x3c Core\Src\main.o
 .text.MX_SPI5_Init
                0x0000000008002d24       0x44 Core\Src\main.o
 .text.MX_SPI6_Init
                0x0000000008002d68       0x44 Core\Src\main.o
 .text.MX_TIM2_Init
                0x0000000008002dac       0x6c Core\Src\main.o
 .text.MX_TIM3_Init
                0x0000000008002e18       0x6c Core\Src\main.o
 .text.MX_TIM4_Init
                0x0000000008002e84       0x6c Core\Src\main.o
 .text.SystemClock_Config
                0x0000000008002ef0       0xb8 Core\Src\main.o
                0x0000000008002ef0                SystemClock_Config
 .text.main     0x0000000008002fa8       0x48 Core\Src\main.o
                0x0000000008002fa8                main
 .text._Z11RecordTraceP7ADC_DevbbP7DAC_Devffm
                0x0000000008002ff0       0xe8 Core\Src\misc_func.o
                0x0000000008002ff0                RecordTrace(ADC_Dev*, bool, bool, DAC_Dev*, float, float, unsigned long)
 .text._Z12Move2VoltageP7DAC_Devff
                0x00000000080030d8       0xac Core\Src\misc_func.o
                0x00000000080030d8                Move2Voltage(DAC_Dev*, float, float)
 .text._Z19RecordDetailedTraceP7ADC_DevbbP7DAC_DevP11RaspberryPimmm
                0x0000000008003184      0x13c Core\Src\misc_func.o
                0x0000000008003184                RecordDetailedTrace(ADC_Dev*, bool, bool, DAC_Dev*, RaspberryPi*, unsigned long, unsigned long, unsigned long)
 .text._Z11OptimizePIDP7ADC_DevhP7DAC_DevP11RaspberryPiP3PID
                0x00000000080032c0      0x16c Core\Src\misc_func.o
                0x00000000080032c0                OptimizePID(ADC_Dev*, unsigned char, DAC_Dev*, RaspberryPi*, PID*)
 .text._ZNSt5dequeI8WaypointSaIS0_EE16_M_pop_front_auxEv
                0x000000000800342c       0x1e Core\Src\misc_func.o
                0x000000000800342c                std::deque<Waypoint, std::allocator<Waypoint> >::_M_pop_front_aux()
 *fill*         0x000000000800344a        0x2 
 .text._Z7Go2LockP7DAC_DevP7ADC_DevSt5queueI8WaypointSt5dequeIS4_SaIS4_EEEf
                0x000000000800344c      0x184 Core\Src\misc_func.o
                0x000000000800344c                Go2Lock(DAC_Dev*, ADC_Dev*, std::queue<Waypoint, std::deque<Waypoint, std::allocator<Waypoint> > >, float)
 .text._ZN15SPI_DMA_HandlerC2Ehhhhhm
                0x00000000080035d0      0x28c Core\Src\newdma.o
                0x00000000080035d0                SPI_DMA_Handler::SPI_DMA_Handler(unsigned char, unsigned char, unsigned char, unsigned char, unsigned char, unsigned long)
                0x00000000080035d0                SPI_DMA_Handler::SPI_DMA_Handler(unsigned char, unsigned char, unsigned char, unsigned char, unsigned char, unsigned long)
 .text._ZN12OscilloscopeC2EP11RaspberryPiP7ADC_DevP7DAC_DevS5_
                0x000000000800385c       0x30 Core\Src\oscilloscope.o
                0x000000000800385c                Oscilloscope::Oscilloscope(RaspberryPi*, ADC_Dev*, DAC_Dev*, DAC_Dev*)
                0x000000000800385c                Oscilloscope::Oscilloscope(RaspberryPi*, ADC_Dev*, DAC_Dev*, DAC_Dev*)
 .text._ZN12Oscilloscope5SetupEt
                0x000000000800388c        0xa Core\Src\oscilloscope.o
                0x000000000800388c                Oscilloscope::Setup(unsigned short)
 *fill*         0x0000000008003896        0x2 
 .text._ZN12Oscilloscope5SetupEff
                0x0000000008003898       0x60 Core\Src\oscilloscope.o
                0x0000000008003898                Oscilloscope::Setup(float, float)
 .text._ZSt12__miter_baseIPPVfEDTcl12__miter_basecldtfp_4baseEEESt13move_iteratorIT_E
                0x00000000080038f8        0x2 Core\Src\oscilloscope.o
                0x00000000080038f8                decltype (__miter_base(({parm#1}.base)())) std::__miter_base<float volatile**>(std::move_iterator<float volatile**>)
 .text._ZNSt6vectorIPVfSaIS1_EE17_M_realloc_insertIJS1_EEEvN9__gnu_cxx17__normal_iteratorIPS1_S3_EEDpOT_
                0x00000000080038fa       0xd6 Core\Src\oscilloscope.o
                0x00000000080038fa                void std::vector<float volatile*, std::allocator<float volatile*> >::_M_realloc_insert<float volatile*>(__gnu_cxx::__normal_iterator<float volatile**, std::vector<float volatile*, std::allocator<float volatile*> > >, float volatile*&&)
 .text._ZNSt6vectorIPVfSaIS1_EE12emplace_backIJS1_EEEvDpOT_
                0x00000000080039d0       0x22 Core\Src\oscilloscope.o
                0x00000000080039d0                void std::vector<float volatile*, std::allocator<float volatile*> >::emplace_back<float volatile*>(float volatile*&&)
 .text._ZN12Oscilloscope10AddChannelEm
                0x00000000080039f2       0x62 Core\Src\oscilloscope.o
                0x00000000080039f2                Oscilloscope::AddChannel(unsigned long)
 .text._ZN3PID11SetPIDParamEPf
                0x0000000008003a54       0x12 Core\Src\pid.o
                0x0000000008003a54                PID::SetPIDParam(float*)
 .text._ZN11RaspberryPiC2EhhhhhP12GPIO_TypeDeft
                0x0000000008003a66       0x50 Core\Src\raspberrypi.o
                0x0000000008003a66                RaspberryPi::RaspberryPi(unsigned char, unsigned char, unsigned char, unsigned char, unsigned char, GPIO_TypeDef*, unsigned short)
                0x0000000008003a66                RaspberryPi::RaspberryPi(unsigned char, unsigned char, unsigned char, unsigned char, unsigned char, GPIO_TypeDef*, unsigned short)
 *fill*         0x0000000008003ab6        0x2 
 .text.HAL_MspInit
                0x0000000008003ab8       0x38 Core\Src\stm32f4xx_hal_msp.o
                0x0000000008003ab8                HAL_MspInit
 .text.HAL_SPI_MspInit
                0x0000000008003af0      0x464 Core\Src\stm32f4xx_hal_msp.o
                0x0000000008003af0                HAL_SPI_MspInit
 .text.HAL_TIM_Base_MspInit
                0x0000000008003f54       0xa4 Core\Src\stm32f4xx_hal_msp.o
                0x0000000008003f54                HAL_TIM_Base_MspInit
 .text.NMI_Handler
                0x0000000008003ff8        0x2 Core\Src\stm32f4xx_it.o
                0x0000000008003ff8                NMI_Handler
 .text.HardFault_Handler
                0x0000000008003ffa        0x2 Core\Src\stm32f4xx_it.o
                0x0000000008003ffa                HardFault_Handler
 .text.MemManage_Handler
                0x0000000008003ffc        0x2 Core\Src\stm32f4xx_it.o
                0x0000000008003ffc                MemManage_Handler
 .text.BusFault_Handler
                0x0000000008003ffe        0x2 Core\Src\stm32f4xx_it.o
                0x0000000008003ffe                BusFault_Handler
 .text.UsageFault_Handler
                0x0000000008004000        0x2 Core\Src\stm32f4xx_it.o
                0x0000000008004000                UsageFault_Handler
 .text.SVC_Handler
                0x0000000008004002        0x2 Core\Src\stm32f4xx_it.o
                0x0000000008004002                SVC_Handler
 .text.DebugMon_Handler
                0x0000000008004004        0x2 Core\Src\stm32f4xx_it.o
                0x0000000008004004                DebugMon_Handler
 .text.PendSV_Handler
                0x0000000008004006        0x2 Core\Src\stm32f4xx_it.o
                0x0000000008004006                PendSV_Handler
 .text.SysTick_Handler
                0x0000000008004008        0x8 Core\Src\stm32f4xx_it.o
                0x0000000008004008                SysTick_Handler
 .text.EXTI1_IRQHandler
                0x0000000008004010        0xa Core\Src\stm32f4xx_it.o
                0x0000000008004010                EXTI1_IRQHandler
 .text.EXTI9_5_IRQHandler
                0x000000000800401a        0xa Core\Src\stm32f4xx_it.o
                0x000000000800401a                EXTI9_5_IRQHandler
 .text.TIM4_IRQHandler
                0x0000000008004024       0x10 Core\Src\stm32f4xx_it.o
                0x0000000008004024                TIM4_IRQHandler
 .text._getpid  0x0000000008004034        0x4 Core\Src\syscalls.o
                0x0000000008004034                _getpid
 .text._kill    0x0000000008004038       0x10 Core\Src\syscalls.o
                0x0000000008004038                _kill
 .text._exit    0x0000000008004048        0xc Core\Src\syscalls.o
                0x0000000008004048                _exit
 .text._sbrk    0x0000000008004054       0x3c Core\Src\sysmem.o
                0x0000000008004054                _sbrk
 .text.SystemInit
                0x0000000008004090       0x4c Core\Src\system_stm32f4xx.o
                0x0000000008004090                SystemInit
 .text.Reset_Handler
                0x00000000080040dc       0x50 Core\Startup\startup_stm32f427zitx.o
                0x00000000080040dc                Reset_Handler
 .text.Default_Handler
                0x000000000800412c        0x2 Core\Startup\startup_stm32f427zitx.o
                0x000000000800412c                RTC_Alarm_IRQHandler
                0x000000000800412c                HASH_RNG_IRQHandler
                0x000000000800412c                EXTI2_IRQHandler
                0x000000000800412c                TIM8_CC_IRQHandler
                0x000000000800412c                UART8_IRQHandler
                0x000000000800412c                SPI4_IRQHandler
                0x000000000800412c                TIM1_CC_IRQHandler
                0x000000000800412c                DMA1_Stream5_IRQHandler
                0x000000000800412c                PVD_IRQHandler
                0x000000000800412c                SDIO_IRQHandler
                0x000000000800412c                TAMP_STAMP_IRQHandler
                0x000000000800412c                CAN2_RX1_IRQHandler
                0x000000000800412c                EXTI3_IRQHandler
                0x000000000800412c                TIM8_TRG_COM_TIM14_IRQHandler
                0x000000000800412c                TIM1_UP_TIM10_IRQHandler
                0x000000000800412c                TIM8_UP_TIM13_IRQHandler
                0x000000000800412c                I2C3_ER_IRQHandler
                0x000000000800412c                EXTI0_IRQHandler
                0x000000000800412c                I2C2_EV_IRQHandler
                0x000000000800412c                DMA1_Stream2_IRQHandler
                0x000000000800412c                CAN1_RX0_IRQHandler
                0x000000000800412c                FPU_IRQHandler
                0x000000000800412c                OTG_HS_WKUP_IRQHandler
                0x000000000800412c                CAN2_SCE_IRQHandler
                0x000000000800412c                SPI1_IRQHandler
                0x000000000800412c                TIM6_DAC_IRQHandler
                0x000000000800412c                TIM1_BRK_TIM9_IRQHandler
                0x000000000800412c                DCMI_IRQHandler
                0x000000000800412c                CAN2_RX0_IRQHandler
                0x000000000800412c                USART6_IRQHandler
                0x000000000800412c                USART3_IRQHandler
                0x000000000800412c                CAN1_RX1_IRQHandler
                0x000000000800412c                UART5_IRQHandler
                0x000000000800412c                I2C1_EV_IRQHandler
                0x000000000800412c                DMA1_Stream6_IRQHandler
                0x000000000800412c                DMA1_Stream1_IRQHandler
                0x000000000800412c                UART4_IRQHandler
                0x000000000800412c                RCC_IRQHandler
                0x000000000800412c                TIM8_BRK_TIM12_IRQHandler
                0x000000000800412c                Default_Handler
                0x000000000800412c                EXTI15_10_IRQHandler
                0x000000000800412c                ADC_IRQHandler
                0x000000000800412c                DMA1_Stream7_IRQHandler
                0x000000000800412c                SPI5_IRQHandler
                0x000000000800412c                TIM7_IRQHandler
                0x000000000800412c                CAN2_TX_IRQHandler
                0x000000000800412c                TIM5_IRQHandler
                0x000000000800412c                DMA2_Stream7_IRQHandler
                0x000000000800412c                I2C3_EV_IRQHandler
                0x000000000800412c                RTC_WKUP_IRQHandler
                0x000000000800412c                ETH_WKUP_IRQHandler
                0x000000000800412c                SPI2_IRQHandler
                0x000000000800412c                OTG_HS_EP1_IN_IRQHandler
                0x000000000800412c                DMA1_Stream0_IRQHandler
                0x000000000800412c                CAN1_TX_IRQHandler
                0x000000000800412c                EXTI4_IRQHandler
                0x000000000800412c                ETH_IRQHandler
                0x000000000800412c                OTG_HS_EP1_OUT_IRQHandler
                0x000000000800412c                WWDG_IRQHandler
                0x000000000800412c                SPI6_IRQHandler
                0x000000000800412c                OTG_FS_WKUP_IRQHandler
                0x000000000800412c                TIM1_TRG_COM_TIM11_IRQHandler
                0x000000000800412c                OTG_HS_IRQHandler
                0x000000000800412c                DMA2D_IRQHandler
                0x000000000800412c                UART7_IRQHandler
                0x000000000800412c                USART2_IRQHandler
                0x000000000800412c                I2C2_ER_IRQHandler
                0x000000000800412c                CAN1_SCE_IRQHandler
                0x000000000800412c                FLASH_IRQHandler
                0x000000000800412c                USART1_IRQHandler
                0x000000000800412c                OTG_FS_IRQHandler
                0x000000000800412c                SPI3_IRQHandler
                0x000000000800412c                I2C1_ER_IRQHandler
                0x000000000800412c                FMC_IRQHandler
                0x000000000800412c                DMA2_Stream6_IRQHandler
                0x000000000800412c                SAI1_IRQHandler
 *fill*         0x000000000800412e        0x2 
 .text.HAL_InitTick
                0x0000000008004130       0x4c Drivers\STM32F4xx_HAL_Driver\Src\stm32f4xx_hal.o
                0x0000000008004130                HAL_InitTick
 .text.HAL_Init
                0x000000000800417c       0x34 Drivers\STM32F4xx_HAL_Driver\Src\stm32f4xx_hal.o
                0x000000000800417c                HAL_Init
 .text.HAL_IncTick
                0x00000000080041b0       0x18 Drivers\STM32F4xx_HAL_Driver\Src\stm32f4xx_hal.o
                0x00000000080041b0                HAL_IncTick
 .text.HAL_GetTick
                0x00000000080041c8        0xc Drivers\STM32F4xx_HAL_Driver\Src\stm32f4xx_hal.o
                0x00000000080041c8                HAL_GetTick
 .text.HAL_Delay
                0x00000000080041d4       0x28 Drivers\STM32F4xx_HAL_Driver\Src\stm32f4xx_hal.o
                0x00000000080041d4                HAL_Delay
 .text.HAL_NVIC_SetPriorityGrouping
                0x00000000080041fc       0x24 Drivers\STM32F4xx_HAL_Driver\Src\stm32f4xx_hal_cortex.o
                0x00000000080041fc                HAL_NVIC_SetPriorityGrouping
 .text.HAL_NVIC_SetPriority
                0x0000000008004220       0x68 Drivers\STM32F4xx_HAL_Driver\Src\stm32f4xx_hal_cortex.o
                0x0000000008004220                HAL_NVIC_SetPriority
 .text.HAL_NVIC_EnableIRQ
                0x0000000008004288       0x1c Drivers\STM32F4xx_HAL_Driver\Src\stm32f4xx_hal_cortex.o
                0x0000000008004288                HAL_NVIC_EnableIRQ
 .text.HAL_SYSTICK_Config
                0x00000000080042a4       0x2c Drivers\STM32F4xx_HAL_Driver\Src\stm32f4xx_hal_cortex.o
                0x00000000080042a4                HAL_SYSTICK_Config
 .text.DMA_CalcBaseAndBitshift
                0x00000000080042d0       0x3c Drivers\STM32F4xx_HAL_Driver\Src\stm32f4xx_hal_dma.o
 .text.DMA_CheckFifoParam
                0x000000000800430c       0x8e Drivers\STM32F4xx_HAL_Driver\Src\stm32f4xx_hal_dma.o
 *fill*         0x000000000800439a        0x2 
 .text.HAL_DMA_Init
                0x000000000800439c       0xcc Drivers\STM32F4xx_HAL_Driver\Src\stm32f4xx_hal_dma.o
                0x000000000800439c                HAL_DMA_Init
 .text.HAL_DMA_IRQHandler
                0x0000000008004468      0x1dc Drivers\STM32F4xx_HAL_Driver\Src\stm32f4xx_hal_dma.o
                0x0000000008004468                HAL_DMA_IRQHandler
 .text.HAL_GPIO_Init
                0x0000000008004644      0x1e0 Drivers\STM32F4xx_HAL_Driver\Src\stm32f4xx_hal_gpio.o
                0x0000000008004644                HAL_GPIO_Init
 .text.HAL_GPIO_ReadPin
                0x0000000008004824        0xe Drivers\STM32F4xx_HAL_Driver\Src\stm32f4xx_hal_gpio.o
                0x0000000008004824                HAL_GPIO_ReadPin
 .text.HAL_GPIO_WritePin
                0x0000000008004832        0xc Drivers\STM32F4xx_HAL_Driver\Src\stm32f4xx_hal_gpio.o
                0x0000000008004832                HAL_GPIO_WritePin
 *fill*         0x000000000800483e        0x2 
 .text.HAL_GPIO_EXTI_IRQHandler
                0x0000000008004840       0x1c Drivers\STM32F4xx_HAL_Driver\Src\stm32f4xx_hal_gpio.o
                0x0000000008004840                HAL_GPIO_EXTI_IRQHandler
 .text.HAL_PWREx_EnableOverDrive
                0x000000000800485c       0x80 Drivers\STM32F4xx_HAL_Driver\Src\stm32f4xx_hal_pwr_ex.o
                0x000000000800485c                HAL_PWREx_EnableOverDrive
 .text.HAL_RCC_OscConfig
                0x00000000080048dc      0x398 Drivers\STM32F4xx_HAL_Driver\Src\stm32f4xx_hal_rcc.o
                0x00000000080048dc                HAL_RCC_OscConfig
 .text.HAL_RCC_GetSysClockFreq
                0x0000000008004c74       0xa8 Drivers\STM32F4xx_HAL_Driver\Src\stm32f4xx_hal_rcc.o
                0x0000000008004c74                HAL_RCC_GetSysClockFreq
 .text.HAL_RCC_ClockConfig
                0x0000000008004d1c      0x158 Drivers\STM32F4xx_HAL_Driver\Src\stm32f4xx_hal_rcc.o
                0x0000000008004d1c                HAL_RCC_ClockConfig
 .text.HAL_SPI_Init
                0x0000000008004e74       0x80 Drivers\STM32F4xx_HAL_Driver\Src\stm32f4xx_hal_spi.o
                0x0000000008004e74                HAL_SPI_Init
 .text.HAL_SPI_RxCpltCallback
                0x0000000008004ef4        0x2 Drivers\STM32F4xx_HAL_Driver\Src\stm32f4xx_hal_spi.o
                0x0000000008004ef4                HAL_SPI_RxCpltCallback
 .text.TIM_TI1_ConfigInputStage
                0x0000000008004ef6       0x26 Drivers\STM32F4xx_HAL_Driver\Src\stm32f4xx_hal_tim.o
 .text.TIM_TI2_ConfigInputStage
                0x0000000008004f1c       0x28 Drivers\STM32F4xx_HAL_Driver\Src\stm32f4xx_hal_tim.o
 .text.TIM_ITRx_SetConfig
                0x0000000008004f44       0x10 Drivers\STM32F4xx_HAL_Driver\Src\stm32f4xx_hal_tim.o
 .text.HAL_TIM_Base_Start_IT
                0x0000000008004f54       0x22 Drivers\STM32F4xx_HAL_Driver\Src\stm32f4xx_hal_tim.o
                0x0000000008004f54                HAL_TIM_Base_Start_IT
 .text.HAL_TIM_Base_Stop_IT
                0x0000000008004f76       0x2c Drivers\STM32F4xx_HAL_Driver\Src\stm32f4xx_hal_tim.o
                0x0000000008004f76                HAL_TIM_Base_Stop_IT
 .text.HAL_TIM_OC_DelayElapsedCallback
                0x0000000008004fa2        0x2 Drivers\STM32F4xx_HAL_Driver\Src\stm32f4xx_hal_tim.o
                0x0000000008004fa2                HAL_TIM_OC_DelayElapsedCallback
 .text.HAL_TIM_IC_CaptureCallback
                0x0000000008004fa4        0x2 Drivers\STM32F4xx_HAL_Driver\Src\stm32f4xx_hal_tim.o
                0x0000000008004fa4                HAL_TIM_IC_CaptureCallback
 .text.HAL_TIM_PWM_PulseFinishedCallback
                0x0000000008004fa6        0x2 Drivers\STM32F4xx_HAL_Driver\Src\stm32f4xx_hal_tim.o
                0x0000000008004fa6                HAL_TIM_PWM_PulseFinishedCallback
 .text.HAL_TIM_TriggerCallback
                0x0000000008004fa8        0x2 Drivers\STM32F4xx_HAL_Driver\Src\stm32f4xx_hal_tim.o
                0x0000000008004fa8                HAL_TIM_TriggerCallback
 .text.HAL_TIM_IRQHandler
                0x0000000008004faa      0x17a Drivers\STM32F4xx_HAL_Driver\Src\stm32f4xx_hal_tim.o
                0x0000000008004faa                HAL_TIM_IRQHandler
 .text.TIM_Base_SetConfig
                0x0000000008005124       0xc8 Drivers\STM32F4xx_HAL_Driver\Src\stm32f4xx_hal_tim.o
                0x0000000008005124                TIM_Base_SetConfig
 .text.HAL_TIM_Base_Init
                0x00000000080051ec       0x32 Drivers\STM32F4xx_HAL_Driver\Src\stm32f4xx_hal_tim.o
                0x00000000080051ec                HAL_TIM_Base_Init
 .text.TIM_ETR_SetConfig
                0x000000000800521e       0x18 Drivers\STM32F4xx_HAL_Driver\Src\stm32f4xx_hal_tim.o
                0x000000000800521e                TIM_ETR_SetConfig
 .text.HAL_TIM_ConfigClockSource
                0x0000000008005236       0xda Drivers\STM32F4xx_HAL_Driver\Src\stm32f4xx_hal_tim.o
                0x0000000008005236                HAL_TIM_ConfigClockSource
 .text.HAL_TIMEx_MasterConfigSynchronization
                0x0000000008005310       0x46 Drivers\STM32F4xx_HAL_Driver\Src\stm32f4xx_hal_tim_ex.o
                0x0000000008005310                HAL_TIMEx_MasterConfigSynchronization
 .text.HAL_TIMEx_CommutCallback
                0x0000000008005356        0x2 Drivers\STM32F4xx_HAL_Driver\Src\stm32f4xx_hal_tim_ex.o
                0x0000000008005356                HAL_TIMEx_CommutCallback
 .text.HAL_TIMEx_BreakCallback
                0x0000000008005358        0x2 Drivers\STM32F4xx_HAL_Driver\Src\stm32f4xx_hal_tim_ex.o
                0x0000000008005358                HAL_TIMEx_BreakCallback
 .text._Znaj    0x000000000800535a        0x4 c:/st/stm32cubeide_1.2.0/stm32cubeide/plugins/com.st.stm32cube.ide.mcu.externaltools.gnu-tools-for-stm32.7-2018-q2-update.win32_1.0.0.201904181610/tools/bin/../lib/gcc/arm-none-eabi/7.3.1/../../../../arm-none-eabi/lib/thumb/v7e-m/fpv4-sp/hard\libstdc++_nano.a(new_opv.o)
                0x000000000800535a                operator new[](unsigned int)
 .text._ZdlPvj  0x000000000800535e        0x4 c:/st/stm32cubeide_1.2.0/stm32cubeide/plugins/com.st.stm32cube.ide.mcu.externaltools.gnu-tools-for-stm32.7-2018-q2-update.win32_1.0.0.201904181610/tools/bin/../lib/gcc/arm-none-eabi/7.3.1/../../../../arm-none-eabi/lib/thumb/v7e-m/fpv4-sp/hard\libstdc++_nano.a(del_ops.o)
                0x000000000800535e                operator delete(void*, unsigned int)
 .text._Znwj    0x0000000008005362       0x22 c:/st/stm32cubeide_1.2.0/stm32cubeide/plugins/com.st.stm32cube.ide.mcu.externaltools.gnu-tools-for-stm32.7-2018-q2-update.win32_1.0.0.201904181610/tools/bin/../lib/gcc/arm-none-eabi/7.3.1/../../../../arm-none-eabi/lib/thumb/v7e-m/fpv4-sp/hard\libstdc++_nano.a(new_op.o)
                0x0000000008005362                operator new(unsigned int)
 .text._ZSt15get_new_handlerv
                0x0000000008005384       0x10 c:/st/stm32cubeide_1.2.0/stm32cubeide/plugins/com.st.stm32cube.ide.mcu.externaltools.gnu-tools-for-stm32.7-2018-q2-update.win32_1.0.0.201904181610/tools/bin/../lib/gcc/arm-none-eabi/7.3.1/../../../../arm-none-eabi/lib/thumb/v7e-m/fpv4-sp/hard\libstdc++_nano.a(new_handler.o)
                0x0000000008005384                std::get_new_handler()
 .text._ZdlPv   0x0000000008005394        0x4 c:/st/stm32cubeide_1.2.0/stm32cubeide/plugins/com.st.stm32cube.ide.mcu.externaltools.gnu-tools-for-stm32.7-2018-q2-update.win32_1.0.0.201904181610/tools/bin/../lib/gcc/arm-none-eabi/7.3.1/../../../../arm-none-eabi/lib/thumb/v7e-m/fpv4-sp/hard\libstdc++_nano.a(del_op.o)
                0x0000000008005394                operator delete(void*)
 .text._ZSt17__throw_bad_allocv
                0x0000000008005398        0x6 c:/st/stm32cubeide_1.2.0/stm32cubeide/plugins/com.st.stm32cube.ide.mcu.externaltools.gnu-tools-for-stm32.7-2018-q2-update.win32_1.0.0.201904181610/tools/bin/../lib/gcc/arm-none-eabi/7.3.1/../../../../arm-none-eabi/lib/thumb/v7e-m/fpv4-sp/hard\libstdc++_nano.a(functexcept.o)
                0x0000000008005398                std::__throw_bad_alloc()
 .text._ZSt20__throw_length_errorPKc
                0x000000000800539e        0x6 c:/st/stm32cubeide_1.2.0/stm32cubeide/plugins/com.st.stm32cube.ide.mcu.externaltools.gnu-tools-for-stm32.7-2018-q2-update.win32_1.0.0.201904181610/tools/bin/../lib/gcc/arm-none-eabi/7.3.1/../../../../arm-none-eabi/lib/thumb/v7e-m/fpv4-sp/hard\libstdc++_nano.a(functexcept.o)
                0x000000000800539e                std::__throw_length_error(char const*)
 .text.cosf     0x00000000080053a4       0x80 c:/st/stm32cubeide_1.2.0/stm32cubeide/plugins/com.st.stm32cube.ide.mcu.externaltools.gnu-tools-for-stm32.7-2018-q2-update.win32_1.0.0.201904181610/tools/bin/../lib/gcc/arm-none-eabi/7.3.1/../../../../arm-none-eabi/lib/thumb/v7e-m/fpv4-sp/hard\libm.a(lib_a-sf_cos.o)
                0x00000000080053a4                cosf
 .text.sinf     0x0000000008005424       0x84 c:/st/stm32cubeide_1.2.0/stm32cubeide/plugins/com.st.stm32cube.ide.mcu.externaltools.gnu-tools-for-stm32.7-2018-q2-update.win32_1.0.0.201904181610/tools/bin/../lib/gcc/arm-none-eabi/7.3.1/../../../../arm-none-eabi/lib/thumb/v7e-m/fpv4-sp/hard\libm.a(lib_a-sf_sin.o)
                0x0000000008005424                sinf
 .text.expf     0x00000000080054a8       0xf4 c:/st/stm32cubeide_1.2.0/stm32cubeide/plugins/com.st.stm32cube.ide.mcu.externaltools.gnu-tools-for-stm32.7-2018-q2-update.win32_1.0.0.201904181610/tools/bin/../lib/gcc/arm-none-eabi/7.3.1/../../../../arm-none-eabi/lib/thumb/v7e-m/fpv4-sp/hard\libm.a(lib_a-wf_exp.o)
                0x00000000080054a8                expf
 .text.__ieee754_expf
                0x000000000800559c      0x1a8 c:/st/stm32cubeide_1.2.0/stm32cubeide/plugins/com.st.stm32cube.ide.mcu.externaltools.gnu-tools-for-stm32.7-2018-q2-update.win32_1.0.0.201904181610/tools/bin/../lib/gcc/arm-none-eabi/7.3.1/../../../../arm-none-eabi/lib/thumb/v7e-m/fpv4-sp/hard\libm.a(lib_a-ef_exp.o)
                0x000000000800559c                __ieee754_expf
 .text.__ieee754_rem_pio2f
                0x0000000008005744      0x258 c:/st/stm32cubeide_1.2.0/stm32cubeide/plugins/com.st.stm32cube.ide.mcu.externaltools.gnu-tools-for-stm32.7-2018-q2-update.win32_1.0.0.201904181610/tools/bin/../lib/gcc/arm-none-eabi/7.3.1/../../../../arm-none-eabi/lib/thumb/v7e-m/fpv4-sp/hard\libm.a(lib_a-ef_rem_pio2.o)
                0x0000000008005744                __ieee754_rem_pio2f
 .text.__kernel_cosf
                0x000000000800599c       0xbc c:/st/stm32cubeide_1.2.0/stm32cubeide/plugins/com.st.stm32cube.ide.mcu.externaltools.gnu-tools-for-stm32.7-2018-q2-update.win32_1.0.0.201904181610/tools/bin/../lib/gcc/arm-none-eabi/7.3.1/../../../../arm-none-eabi/lib/thumb/v7e-m/fpv4-sp/hard\libm.a(lib_a-kf_cos.o)
                0x000000000800599c                __kernel_cosf
 .text.__kernel_rem_pio2f
                0x0000000008005a58      0x504 c:/st/stm32cubeide_1.2.0/stm32cubeide/plugins/com.st.stm32cube.ide.mcu.externaltools.gnu-tools-for-stm32.7-2018-q2-update.win32_1.0.0.201904181610/tools/bin/../lib/gcc/arm-none-eabi/7.3.1/../../../../arm-none-eabi/lib/thumb/v7e-m/fpv4-sp/hard\libm.a(lib_a-kf_rem_pio2.o)
                0x0000000008005a58                __kernel_rem_pio2f
 .text.__kernel_sinf
                0x0000000008005f5c       0x90 c:/st/stm32cubeide_1.2.0/stm32cubeide/plugins/com.st.stm32cube.ide.mcu.externaltools.gnu-tools-for-stm32.7-2018-q2-update.win32_1.0.0.201904181610/tools/bin/../lib/gcc/arm-none-eabi/7.3.1/../../../../arm-none-eabi/lib/thumb/v7e-m/fpv4-sp/hard\libm.a(lib_a-kf_sin.o)
                0x0000000008005f5c                __kernel_sinf
 .text.matherr  0x0000000008005fec        0x4 c:/st/stm32cubeide_1.2.0/stm32cubeide/plugins/com.st.stm32cube.ide.mcu.externaltools.gnu-tools-for-stm32.7-2018-q2-update.win32_1.0.0.201904181610/tools/bin/../lib/gcc/arm-none-eabi/7.3.1/../../../../arm-none-eabi/lib/thumb/v7e-m/fpv4-sp/hard\libm.a(lib_a-s_matherr.o)
                0x0000000008005fec                matherr
 .text.fabsf    0x0000000008005ff0        0xe c:/st/stm32cubeide_1.2.0/stm32cubeide/plugins/com.st.stm32cube.ide.mcu.externaltools.gnu-tools-for-stm32.7-2018-q2-update.win32_1.0.0.201904181610/tools/bin/../lib/gcc/arm-none-eabi/7.3.1/../../../../arm-none-eabi/lib/thumb/v7e-m/fpv4-sp/hard\libm.a(lib_a-sf_fabs.o)
                0x0000000008005ff0                fabsf
 .text.finitef  0x0000000008005ffe       0x14 c:/st/stm32cubeide_1.2.0/stm32cubeide/plugins/com.st.stm32cube.ide.mcu.externaltools.gnu-tools-for-stm32.7-2018-q2-update.win32_1.0.0.201904181610/tools/bin/../lib/gcc/arm-none-eabi/7.3.1/../../../../arm-none-eabi/lib/thumb/v7e-m/fpv4-sp/hard\libm.a(lib_a-sf_finite.o)
                0x0000000008005ffe                finitef
 *fill*         0x0000000008006012        0x2 
 .text.floorf   0x0000000008006014       0x84 c:/st/stm32cubeide_1.2.0/stm32cubeide/plugins/com.st.stm32cube.ide.mcu.externaltools.gnu-tools-for-stm32.7-2018-q2-update.win32_1.0.0.201904181610/tools/bin/../lib/gcc/arm-none-eabi/7.3.1/../../../../arm-none-eabi/lib/thumb/v7e-m/fpv4-sp/hard\libm.a(lib_a-sf_floor.o)
                0x0000000008006014                floorf
 .text.scalbnf  0x0000000008006098       0xc0 c:/st/stm32cubeide_1.2.0/stm32cubeide/plugins/com.st.stm32cube.ide.mcu.externaltools.gnu-tools-for-stm32.7-2018-q2-update.win32_1.0.0.201904181610/tools/bin/../lib/gcc/arm-none-eabi/7.3.1/../../../../arm-none-eabi/lib/thumb/v7e-m/fpv4-sp/hard\libm.a(lib_a-sf_scalbn.o)
                0x0000000008006098                scalbnf
 .text.copysignf
                0x0000000008006158       0x18 c:/st/stm32cubeide_1.2.0/stm32cubeide/plugins/com.st.stm32cube.ide.mcu.externaltools.gnu-tools-for-stm32.7-2018-q2-update.win32_1.0.0.201904181610/tools/bin/../lib/gcc/arm-none-eabi/7.3.1/../../../../arm-none-eabi/lib/thumb/v7e-m/fpv4-sp/hard\libm.a(lib_a-sf_copysign.o)
                0x0000000008006158                copysignf
 .text.abort    0x0000000008006170        0xe c:/st/stm32cubeide_1.2.0/stm32cubeide/plugins/com.st.stm32cube.ide.mcu.externaltools.gnu-tools-for-stm32.7-2018-q2-update.win32_1.0.0.201904181610/tools/bin/../lib/gcc/arm-none-eabi/7.3.1/../../../../arm-none-eabi/lib/thumb/v7e-m/fpv4-sp/hard\libc_nano.a(lib_a-abort.o)
                0x0000000008006170                abort
 *fill*         0x000000000800617e        0x2 
 .text.__errno  0x0000000008006180        0xc c:/st/stm32cubeide_1.2.0/stm32cubeide/plugins/com.st.stm32cube.ide.mcu.externaltools.gnu-tools-for-stm32.7-2018-q2-update.win32_1.0.0.201904181610/tools/bin/../lib/gcc/arm-none-eabi/7.3.1/../../../../arm-none-eabi/lib/thumb/v7e-m/fpv4-sp/hard\libc_nano.a(lib_a-errno.o)
                0x0000000008006180                __errno
 .text.__libc_init_array
                0x000000000800618c       0x48 c:/st/stm32cubeide_1.2.0/stm32cubeide/plugins/com.st.stm32cube.ide.mcu.externaltools.gnu-tools-for-stm32.7-2018-q2-update.win32_1.0.0.201904181610/tools/bin/../lib/gcc/arm-none-eabi/7.3.1/../../../../arm-none-eabi/lib/thumb/v7e-m/fpv4-sp/hard\libc_nano.a(lib_a-init.o)
                0x000000000800618c                __libc_init_array
 .text.malloc   0x00000000080061d4       0x10 c:/st/stm32cubeide_1.2.0/stm32cubeide/plugins/com.st.stm32cube.ide.mcu.externaltools.gnu-tools-for-stm32.7-2018-q2-update.win32_1.0.0.201904181610/tools/bin/../lib/gcc/arm-none-eabi/7.3.1/../../../../arm-none-eabi/lib/thumb/v7e-m/fpv4-sp/hard\libc_nano.a(lib_a-malloc.o)
                0x00000000080061d4                malloc
 .text.free     0x00000000080061e4       0x10 c:/st/stm32cubeide_1.2.0/stm32cubeide/plugins/com.st.stm32cube.ide.mcu.externaltools.gnu-tools-for-stm32.7-2018-q2-update.win32_1.0.0.201904181610/tools/bin/../lib/gcc/arm-none-eabi/7.3.1/../../../../arm-none-eabi/lib/thumb/v7e-m/fpv4-sp/hard\libc_nano.a(lib_a-malloc.o)
                0x00000000080061e4                free
 .text.memmove  0x00000000080061f4       0x32 c:/st/stm32cubeide_1.2.0/stm32cubeide/plugins/com.st.stm32cube.ide.mcu.externaltools.gnu-tools-for-stm32.7-2018-q2-update.win32_1.0.0.201904181610/tools/bin/../lib/gcc/arm-none-eabi/7.3.1/../../../../arm-none-eabi/lib/thumb/v7e-m/fpv4-sp/hard\libc_nano.a(lib_a-memmove.o)
                0x00000000080061f4                memmove
 .text.memset   0x0000000008006226       0x10 c:/st/stm32cubeide_1.2.0/stm32cubeide/plugins/com.st.stm32cube.ide.mcu.externaltools.gnu-tools-for-stm32.7-2018-q2-update.win32_1.0.0.201904181610/tools/bin/../lib/gcc/arm-none-eabi/7.3.1/../../../../arm-none-eabi/lib/thumb/v7e-m/fpv4-sp/hard\libc_nano.a(lib_a-memset.o)
                0x0000000008006226                memset
 *fill*         0x0000000008006236        0x2 
 .text._free_r  0x0000000008006238       0x9c c:/st/stm32cubeide_1.2.0/stm32cubeide/plugins/com.st.stm32cube.ide.mcu.externaltools.gnu-tools-for-stm32.7-2018-q2-update.win32_1.0.0.201904181610/tools/bin/../lib/gcc/arm-none-eabi/7.3.1/../../../../arm-none-eabi/lib/thumb/v7e-m/fpv4-sp/hard\libc_nano.a(lib_a-nano-freer.o)
                0x0000000008006238                _free_r
 .text._malloc_r
                0x00000000080062d4       0xb4 c:/st/stm32cubeide_1.2.0/stm32cubeide/plugins/com.st.stm32cube.ide.mcu.externaltools.gnu-tools-for-stm32.7-2018-q2-update.win32_1.0.0.201904181610/tools/bin/../lib/gcc/arm-none-eabi/7.3.1/../../../../arm-none-eabi/lib/thumb/v7e-m/fpv4-sp/hard\libc_nano.a(lib_a-nano-mallocr.o)
                0x00000000080062d4                _malloc_r
 .text._sbrk_r  0x0000000008006388       0x20 c:/st/stm32cubeide_1.2.0/stm32cubeide/plugins/com.st.stm32cube.ide.mcu.externaltools.gnu-tools-for-stm32.7-2018-q2-update.win32_1.0.0.201904181610/tools/bin/../lib/gcc/arm-none-eabi/7.3.1/../../../../arm-none-eabi/lib/thumb/v7e-m/fpv4-sp/hard\libc_nano.a(lib_a-sbrkr.o)
                0x0000000008006388                _sbrk_r
 .text._raise_r
                0x00000000080063a8       0x50 c:/st/stm32cubeide_1.2.0/stm32cubeide/plugins/com.st.stm32cube.ide.mcu.externaltools.gnu-tools-for-stm32.7-2018-q2-update.win32_1.0.0.201904181610/tools/bin/../lib/gcc/arm-none-eabi/7.3.1/../../../../arm-none-eabi/lib/thumb/v7e-m/fpv4-sp/hard\libc_nano.a(lib_a-signal.o)
                0x00000000080063a8                _raise_r
 .text.raise    0x00000000080063f8       0x10 c:/st/stm32cubeide_1.2.0/stm32cubeide/plugins/com.st.stm32cube.ide.mcu.externaltools.gnu-tools-for-stm32.7-2018-q2-update.win32_1.0.0.201904181610/tools/bin/../lib/gcc/arm-none-eabi/7.3.1/../../../../arm-none-eabi/lib/thumb/v7e-m/fpv4-sp/hard\libc_nano.a(lib_a-signal.o)
                0x00000000080063f8                raise
 .text._kill_r  0x0000000008006408       0x24 c:/st/stm32cubeide_1.2.0/stm32cubeide/plugins/com.st.stm32cube.ide.mcu.externaltools.gnu-tools-for-stm32.7-2018-q2-update.win32_1.0.0.201904181610/tools/bin/../lib/gcc/arm-none-eabi/7.3.1/../../../../arm-none-eabi/lib/thumb/v7e-m/fpv4-sp/hard\libc_nano.a(lib_a-signalr.o)
                0x0000000008006408                _kill_r
 .text._getpid_r
                0x000000000800642c        0x4 c:/st/stm32cubeide_1.2.0/stm32cubeide/plugins/com.st.stm32cube.ide.mcu.externaltools.gnu-tools-for-stm32.7-2018-q2-update.win32_1.0.0.201904181610/tools/bin/../lib/gcc/arm-none-eabi/7.3.1/../../../../arm-none-eabi/lib/thumb/v7e-m/fpv4-sp/hard\libc_nano.a(lib_a-signalr.o)
                0x000000000800642c                _getpid_r
 .text.__malloc_lock
                0x0000000008006430        0x2 c:/st/stm32cubeide_1.2.0/stm32cubeide/plugins/com.st.stm32cube.ide.mcu.externaltools.gnu-tools-for-stm32.7-2018-q2-update.win32_1.0.0.201904181610/tools/bin/../lib/gcc/arm-none-eabi/7.3.1/../../../../arm-none-eabi/lib/thumb/v7e-m/fpv4-sp/hard\libc_nano.a(lib_a-mlock.o)
                0x0000000008006430                __malloc_lock
 .text.__malloc_unlock
                0x0000000008006432        0x2 c:/st/stm32cubeide_1.2.0/stm32cubeide/plugins/com.st.stm32cube.ide.mcu.externaltools.gnu-tools-for-stm32.7-2018-q2-update.win32_1.0.0.201904181610/tools/bin/../lib/gcc/arm-none-eabi/7.3.1/../../../../arm-none-eabi/lib/thumb/v7e-m/fpv4-sp/hard\libc_nano.a(lib_a-mlock.o)
                0x0000000008006432                __malloc_unlock
 *(.glue_7)
 .glue_7        0x0000000008006434        0x0 linker stubs
 *(.glue_7t)
 .glue_7t       0x0000000008006434        0x0 linker stubs
 *(.eh_frame)
 .eh_frame      0x0000000008006434        0x0 c:/st/stm32cubeide_1.2.0/stm32cubeide/plugins/com.st.stm32cube.ide.mcu.externaltools.gnu-tools-for-stm32.7-2018-q2-update.win32_1.0.0.201904181610/tools/bin/../lib/gcc/arm-none-eabi/7.3.1/thumb/v7e-m/fpv4-sp/hard/crtbegin.o
 *(.init)
 .init          0x0000000008006434        0x4 c:/st/stm32cubeide_1.2.0/stm32cubeide/plugins/com.st.stm32cube.ide.mcu.externaltools.gnu-tools-for-stm32.7-2018-q2-update.win32_1.0.0.201904181610/tools/bin/../lib/gcc/arm-none-eabi/7.3.1/thumb/v7e-m/fpv4-sp/hard/crti.o
                0x0000000008006434                _init
 .init          0x0000000008006438        0x8 c:/st/stm32cubeide_1.2.0/stm32cubeide/plugins/com.st.stm32cube.ide.mcu.externaltools.gnu-tools-for-stm32.7-2018-q2-update.win32_1.0.0.201904181610/tools/bin/../lib/gcc/arm-none-eabi/7.3.1/thumb/v7e-m/fpv4-sp/hard/crtn.o
 *(.fini)
 .fini          0x0000000008006440        0x4 c:/st/stm32cubeide_1.2.0/stm32cubeide/plugins/com.st.stm32cube.ide.mcu.externaltools.gnu-tools-for-stm32.7-2018-q2-update.win32_1.0.0.201904181610/tools/bin/../lib/gcc/arm-none-eabi/7.3.1/thumb/v7e-m/fpv4-sp/hard/crti.o
                0x0000000008006440                _fini
 .fini          0x0000000008006444        0x8 c:/st/stm32cubeide_1.2.0/stm32cubeide/plugins/com.st.stm32cube.ide.mcu.externaltools.gnu-tools-for-stm32.7-2018-q2-update.win32_1.0.0.201904181610/tools/bin/../lib/gcc/arm-none-eabi/7.3.1/thumb/v7e-m/fpv4-sp/hard/crtn.o
 *fill*         0x000000000800644c        0x4 
 .fini.__stub   0x0000000008006450       0x70 linker stubs
                0x00000000080064c0                . = ALIGN (0x4)
                0x00000000080064c0                _etext = .

.vfp11_veneer   0x00000000080064c0        0x0
 .vfp11_veneer  0x00000000080064c0        0x0 linker stubs

.v4_bx          0x00000000080064c0        0x0
 .v4_bx         0x00000000080064c0        0x0 linker stubs

.iplt           0x00000000080064c0        0x0
 .iplt          0x00000000080064c0        0x0 c:/st/stm32cubeide_1.2.0/stm32cubeide/plugins/com.st.stm32cube.ide.mcu.externaltools.gnu-tools-for-stm32.7-2018-q2-update.win32_1.0.0.201904181610/tools/bin/../lib/gcc/arm-none-eabi/7.3.1/thumb/v7e-m/fpv4-sp/hard/crtbegin.o

.sram_func      0x0000000020000000      0x7c8 load address 0x00000000080064c0
                0x0000000020000000                __sram_func_start = .
 *(sram_func)
 sram_func      0x0000000020000000      0x102 Core\Src\adc.o
                0x0000000020000000                ADC_Dev::Read()
                0x0000000020000048                ADC_Channel::GetFloat()
                0x000000002000004e                ADC_Channel::GetInt()
                0x0000000020000054                ADC_Channel::SetInput(short)
                0x00000000200000ce                ADC_Dev::Callback()
 *fill*         0x0000000020000102        0x2 
 sram_func      0x0000000020000104       0xe0 Core\Src\cppmain.o
                0x0000000020000104                HAL_TIM_PeriodElapsedCallback
                0x0000000020000114                HAL_GPIO_EXTI_Callback
                0x0000000020000180                DMA2_Stream4_IRQHandler
                0x0000000020000190                DMA2_Stream5_IRQHandler
                0x00000000200001a0                DMA2_Stream2_IRQHandler
                0x00000000200001bc                DMA2_Stream3_IRQHandler
                0x00000000200001be                DMA2_Stream0_IRQHandler
                0x00000000200001e0                DMA2_Stream1_IRQHandler
 sram_func      0x00000000200001e4      0x128 Core\Src\dac.o
                0x00000000200001e4                DAC_Dev::WriteInt(long)
                0x000000002000021e                DAC_Dev::Callback()
                0x0000000020000234                DAC_Calibration::ApplyCalibration(float)
                0x0000000020000286                DAC_Dev::WriteFloat(float)
 sram_func      0x000000002000030c       0x1c Core\Src\misc_func.o
                0x000000002000030c                DigitalOutHigh()
                0x000000002000031c                DigitalOutLow()
 sram_func      0x0000000020000328       0x8a Core\Src\newdma.o
                0x0000000020000328                SPI_DMA_Handler::Transfer(unsigned char*, unsigned char*, unsigned short)
                0x000000002000036a                SPI_DMA_Handler::Callback()
 *fill*         0x00000000200003b2        0x2 
 sram_func      0x00000000200003b4      0x240 Core\Src\oscilloscope.o
                0x00000000200003b4                Oscilloscope::Input(float)
                0x0000000020000478                Oscilloscope::Input(float, float)
                0x000000002000054c                Oscilloscope::Input()
 sram_func      0x00000000200005f4       0x84 Core\Src\pid.o
                0x00000000200005f4                PID::CalculateFeedback(float, float)
 sram_func      0x0000000020000678       0xa6 Core\Src\raspberrypi.o
                0x0000000020000678                RaspberryPi::Callback()
                0x0000000020000688                RaspberryPi::SetIntPin()
                0x0000000020000690                RaspberryPi::Transfer(unsigned char*, unsigned char*, unsigned long)
                0x00000000200006d2                RaspberryPi::Write(unsigned char*, unsigned long)
                0x00000000200006f4                RaspberryPi::Read(unsigned char*, unsigned long)
                0x0000000020000714                RaspberryPi::ResetIntPin()
 *fill*         0x000000002000071e        0x2 
 sram_func      0x0000000020000720       0x68 Core\Src\stm32f4xx_it.o
                0x0000000020000720                DMA1_Stream3_IRQHandler
                0x0000000020000758                DMA1_Stream4_IRQHandler
                0x0000000020000768                TIM2_IRQHandler
                0x0000000020000778                TIM3_IRQHandler
 sram_func.__stub
                0x0000000020000788       0x40 linker stubs
                0x00000000200007c8                . = ALIGN (0x4)
                0x00000000200007c8                __sram_func_end = .
                0x00000000080064c0                __sram_func_loadaddr = LOADADDR (.sram_func)

.user_data      0x00000000081e0000       0x10
                0x00000000081e0000                . = ALIGN (0x4)
 *(.user_data)
 .user_data     0x00000000081e0000       0x10 Core\Src\cppmain.o
                0x00000000081e0000                SavedSettings
                0x00000000081e0010                . = ALIGN (0x4)

.rodata         0x0000000008006c88      0x444
                0x0000000008006c88                . = ALIGN (0x4)
 *(.rodata)
 *(.rodata*)
 .rodata._ZNSt6vectorI8fftEntrySaIS0_EE17_M_realloc_insertIJRKS0_EEEvN9__gnu_cxx17__normal_iteratorIPS0_S2_EEDpOT_.str1.4
                0x0000000008006c88       0x1c Core\Src\FFTCorrection.o
                                         0x1a (size before relaxing)
 .rodata.._165  0x0000000008006ca4       0x10 Core\Src\cppmain.o
 .rodata.._166  0x0000000008006cb4       0x10 Core\Src\cppmain.o
 .rodata.AHBPrescTable
                0x0000000008006cc4       0x10 Core\Src\system_stm32f4xx.o
                0x0000000008006cc4                AHBPrescTable
 .rodata.flagBitshiftOffset.8214
                0x0000000008006cd4        0x8 Drivers\STM32F4xx_HAL_Driver\Src\stm32f4xx_hal_dma.o
 .rodata.expf.str1.1
                0x0000000008006cdc        0x5 c:/st/stm32cubeide_1.2.0/stm32cubeide/plugins/com.st.stm32cube.ide.mcu.externaltools.gnu-tools-for-stm32.7-2018-q2-update.win32_1.0.0.201904181610/tools/bin/../lib/gcc/arm-none-eabi/7.3.1/../../../../arm-none-eabi/lib/thumb/v7e-m/fpv4-sp/hard\libm.a(lib_a-wf_exp.o)
 *fill*         0x0000000008006ce1        0x3 
 .rodata.halF   0x0000000008006ce4        0x8 c:/st/stm32cubeide_1.2.0/stm32cubeide/plugins/com.st.stm32cube.ide.mcu.externaltools.gnu-tools-for-stm32.7-2018-q2-update.win32_1.0.0.201904181610/tools/bin/../lib/gcc/arm-none-eabi/7.3.1/../../../../arm-none-eabi/lib/thumb/v7e-m/fpv4-sp/hard\libm.a(lib_a-ef_exp.o)
 .rodata.ln2HI  0x0000000008006cec        0x8 c:/st/stm32cubeide_1.2.0/stm32cubeide/plugins/com.st.stm32cube.ide.mcu.externaltools.gnu-tools-for-stm32.7-2018-q2-update.win32_1.0.0.201904181610/tools/bin/../lib/gcc/arm-none-eabi/7.3.1/../../../../arm-none-eabi/lib/thumb/v7e-m/fpv4-sp/hard\libm.a(lib_a-ef_exp.o)
 .rodata.ln2LO  0x0000000008006cf4        0x8 c:/st/stm32cubeide_1.2.0/stm32cubeide/plugins/com.st.stm32cube.ide.mcu.externaltools.gnu-tools-for-stm32.7-2018-q2-update.win32_1.0.0.201904181610/tools/bin/../lib/gcc/arm-none-eabi/7.3.1/../../../../arm-none-eabi/lib/thumb/v7e-m/fpv4-sp/hard\libm.a(lib_a-ef_exp.o)
 .rodata.npio2_hw
                0x0000000008006cfc       0x80 c:/st/stm32cubeide_1.2.0/stm32cubeide/plugins/com.st.stm32cube.ide.mcu.externaltools.gnu-tools-for-stm32.7-2018-q2-update.win32_1.0.0.201904181610/tools/bin/../lib/gcc/arm-none-eabi/7.3.1/../../../../arm-none-eabi/lib/thumb/v7e-m/fpv4-sp/hard\libm.a(lib_a-ef_rem_pio2.o)
 .rodata.two_over_pi
                0x0000000008006d7c      0x318 c:/st/stm32cubeide_1.2.0/stm32cubeide/plugins/com.st.stm32cube.ide.mcu.externaltools.gnu-tools-for-stm32.7-2018-q2-update.win32_1.0.0.201904181610/tools/bin/../lib/gcc/arm-none-eabi/7.3.1/../../../../arm-none-eabi/lib/thumb/v7e-m/fpv4-sp/hard\libm.a(lib_a-ef_rem_pio2.o)
 .rodata.PIo2   0x0000000008007094       0x2c c:/st/stm32cubeide_1.2.0/stm32cubeide/plugins/com.st.stm32cube.ide.mcu.externaltools.gnu-tools-for-stm32.7-2018-q2-update.win32_1.0.0.201904181610/tools/bin/../lib/gcc/arm-none-eabi/7.3.1/../../../../arm-none-eabi/lib/thumb/v7e-m/fpv4-sp/hard\libm.a(lib_a-kf_rem_pio2.o)
 .rodata.init_jk
                0x00000000080070c0        0xc c:/st/stm32cubeide_1.2.0/stm32cubeide/plugins/com.st.stm32cube.ide.mcu.externaltools.gnu-tools-for-stm32.7-2018-q2-update.win32_1.0.0.201904181610/tools/bin/../lib/gcc/arm-none-eabi/7.3.1/../../../../arm-none-eabi/lib/thumb/v7e-m/fpv4-sp/hard\libm.a(lib_a-kf_rem_pio2.o)
                0x00000000080070cc                . = ALIGN (0x4)

.ARM.extab      0x00000000080070cc        0x0
                0x00000000080070cc                . = ALIGN (0x4)
 *(.ARM.extab* .gnu.linkonce.armextab.*)
                0x00000000080070cc                . = ALIGN (0x4)

.ARM            0x00000000080070cc        0x8
                0x00000000080070cc                . = ALIGN (0x4)
                0x00000000080070cc                __exidx_start = .
 *(.ARM.exidx*)
 .ARM.exidx     0x00000000080070cc        0x8 c:/st/stm32cubeide_1.2.0/stm32cubeide/plugins/com.st.stm32cube.ide.mcu.externaltools.gnu-tools-for-stm32.7-2018-q2-update.win32_1.0.0.201904181610/tools/bin/../lib/gcc/arm-none-eabi/7.3.1/thumb/v7e-m/fpv4-sp/hard\libgcc.a(_udivmoddi4.o)
                0x00000000080070d4                __exidx_end = .
                0x00000000080070d4                . = ALIGN (0x4)

.rel.dyn        0x00000000080070d4        0x0
 .rel.iplt      0x00000000080070d4        0x0 c:/st/stm32cubeide_1.2.0/stm32cubeide/plugins/com.st.stm32cube.ide.mcu.externaltools.gnu-tools-for-stm32.7-2018-q2-update.win32_1.0.0.201904181610/tools/bin/../lib/gcc/arm-none-eabi/7.3.1/thumb/v7e-m/fpv4-sp/hard/crtbegin.o

.preinit_array  0x00000000080070d4        0x0
                0x00000000080070d4                . = ALIGN (0x4)
                0x00000000080070d4                PROVIDE (__preinit_array_start = .)
 *(.preinit_array*)
                0x00000000080070d4                PROVIDE (__preinit_array_end = .)
                0x00000000080070d4                . = ALIGN (0x4)

.init_array     0x00000000080070d4        0x4
                0x00000000080070d4                . = ALIGN (0x4)
                0x00000000080070d4                PROVIDE (__init_array_start = .)
 *(SORT_BY_NAME(.init_array.*))
 *(.init_array*)
 .init_array    0x00000000080070d4        0x4 c:/st/stm32cubeide_1.2.0/stm32cubeide/plugins/com.st.stm32cube.ide.mcu.externaltools.gnu-tools-for-stm32.7-2018-q2-update.win32_1.0.0.201904181610/tools/bin/../lib/gcc/arm-none-eabi/7.3.1/thumb/v7e-m/fpv4-sp/hard/crtbegin.o
                0x00000000080070d8                PROVIDE (__init_array_end = .)
                0x00000000080070d8                . = ALIGN (0x4)

.fini_array     0x00000000080070d8        0x4
                0x00000000080070d8                . = ALIGN (0x4)
                [!provide]                        PROVIDE (__fini_array_start = .)
 *(SORT_BY_NAME(.fini_array.*))
 *(.fini_array*)
 .fini_array    0x00000000080070d8        0x4 c:/st/stm32cubeide_1.2.0/stm32cubeide/plugins/com.st.stm32cube.ide.mcu.externaltools.gnu-tools-for-stm32.7-2018-q2-update.win32_1.0.0.201904181610/tools/bin/../lib/gcc/arm-none-eabi/7.3.1/thumb/v7e-m/fpv4-sp/hard/crtbegin.o
                [!provide]                        PROVIDE (__fini_array_end = .)
                0x00000000080070dc                . = ALIGN (0x4)
                0x00000000080070dc                _sidata = LOADADDR (.data)

.data           0x00000000200007c8       0x74 load address 0x00000000080070dc
                0x00000000200007c8                . = ALIGN (0x4)
                0x00000000200007c8                _sdata = .
 *(.data)
 *(.data*)
 .data.SystemCoreClock
                0x00000000200007c8        0x4 Core\Src\system_stm32f4xx.o
                0x00000000200007c8                SystemCoreClock
 .data.uwTickFreq
                0x00000000200007cc        0x1 Drivers\STM32F4xx_HAL_Driver\Src\stm32f4xx_hal.o
                0x00000000200007cc                uwTickFreq
 *fill*         0x00000000200007cd        0x3 
 .data.uwTickPrio
                0x00000000200007d0        0x4 Drivers\STM32F4xx_HAL_Driver\Src\stm32f4xx_hal.o
                0x00000000200007d0                uwTickPrio
 .data.__fdlib_version
                0x00000000200007d4        0x1 c:/st/stm32cubeide_1.2.0/stm32cubeide/plugins/com.st.stm32cube.ide.mcu.externaltools.gnu-tools-for-stm32.7-2018-q2-update.win32_1.0.0.201904181610/tools/bin/../lib/gcc/arm-none-eabi/7.3.1/../../../../arm-none-eabi/lib/thumb/v7e-m/fpv4-sp/hard\libm.a(lib_a-s_lib_ver.o)
                0x00000000200007d4                __fdlib_version
 *fill*         0x00000000200007d5        0x3 
 .data._impure_ptr
                0x00000000200007d8        0x4 c:/st/stm32cubeide_1.2.0/stm32cubeide/plugins/com.st.stm32cube.ide.mcu.externaltools.gnu-tools-for-stm32.7-2018-q2-update.win32_1.0.0.201904181610/tools/bin/../lib/gcc/arm-none-eabi/7.3.1/../../../../arm-none-eabi/lib/thumb/v7e-m/fpv4-sp/hard\libc_nano.a(lib_a-impure.o)
                0x00000000200007d8                _impure_ptr
 .data.impure_data
                0x00000000200007dc       0x60 c:/st/stm32cubeide_1.2.0/stm32cubeide/plugins/com.st.stm32cube.ide.mcu.externaltools.gnu-tools-for-stm32.7-2018-q2-update.win32_1.0.0.201904181610/tools/bin/../lib/gcc/arm-none-eabi/7.3.1/../../../../arm-none-eabi/lib/thumb/v7e-m/fpv4-sp/hard\libc_nano.a(lib_a-impure.o)
                0x000000002000083c                . = ALIGN (0x4)
                0x000000002000083c                _edata = .

.igot.plt       0x000000002000083c        0x0 load address 0x0000000008007150
 .igot.plt      0x000000002000083c        0x0 c:/st/stm32cubeide_1.2.0/stm32cubeide/plugins/com.st.stm32cube.ide.mcu.externaltools.gnu-tools-for-stm32.7-2018-q2-update.win32_1.0.0.201904181610/tools/bin/../lib/gcc/arm-none-eabi/7.3.1/thumb/v7e-m/fpv4-sp/hard/crtbegin.o
                0x000000002000083c                . = ALIGN (0x4)

.bss            0x000000002000083c      0x688 load address 0x0000000008007150
                0x000000002000083c                _sbss = .
                0x000000002000083c                __bss_start__ = _sbss
 *(.bss)
 .bss           0x000000002000083c       0x1c c:/st/stm32cubeide_1.2.0/stm32cubeide/plugins/com.st.stm32cube.ide.mcu.externaltools.gnu-tools-for-stm32.7-2018-q2-update.win32_1.0.0.201904181610/tools/bin/../lib/gcc/arm-none-eabi/7.3.1/thumb/v7e-m/fpv4-sp/hard/crtbegin.o
 *(.bss*)
 .bss.ADC_DEV   0x0000000020000858        0x4 Core\Src\cppmain.o
                0x0000000020000858                ADC_DEV
 .bss.DAC_1     0x000000002000085c        0x4 Core\Src\cppmain.o
                0x000000002000085c                DAC_1
 .bss.DAC_2     0x0000000020000860        0x4 Core\Src\cppmain.o
                0x0000000020000860                DAC_2
 .bss.FFTCorr   0x0000000020000864        0x4 Core\Src\cppmain.o
                0x0000000020000864                FFTCorr
 .bss.PIDLoop   0x0000000020000868        0x4 Core\Src\cppmain.o
                0x0000000020000868                PIDLoop
 .bss.RPi       0x000000002000086c        0x4 Core\Src\cppmain.o
                0x000000002000086c                RPi
 .bss.locking   0x0000000020000870        0x1 Core\Src\cppmain.o
                0x0000000020000870                locking
 .bss.new_RPi_input
                0x0000000020000871        0x1 Core\Src\cppmain.o
                0x0000000020000871                new_RPi_input
 .bss.new_data  0x0000000020000872        0x1 Core\Src\cppmain.o
                0x0000000020000872                new_data
 *fill*         0x0000000020000873        0x1 
 .bss.heap_end.6424
                0x0000000020000874        0x4 Core\Src\sysmem.o
 .bss._ZN12_GLOBAL__N_113__new_handlerE
                0x0000000020000878        0x4 c:/st/stm32cubeide_1.2.0/stm32cubeide/plugins/com.st.stm32cube.ide.mcu.externaltools.gnu-tools-for-stm32.7-2018-q2-update.win32_1.0.0.201904181610/tools/bin/../lib/gcc/arm-none-eabi/7.3.1/../../../../arm-none-eabi/lib/thumb/v7e-m/fpv4-sp/hard\libstdc++_nano.a(new_handler.o)
 .bss.__malloc_free_list
                0x000000002000087c        0x4 c:/st/stm32cubeide_1.2.0/stm32cubeide/plugins/com.st.stm32cube.ide.mcu.externaltools.gnu-tools-for-stm32.7-2018-q2-update.win32_1.0.0.201904181610/tools/bin/../lib/gcc/arm-none-eabi/7.3.1/../../../../arm-none-eabi/lib/thumb/v7e-m/fpv4-sp/hard\libc_nano.a(lib_a-nano-mallocr.o)
                0x000000002000087c                __malloc_free_list
 .bss.__malloc_sbrk_start
                0x0000000020000880        0x4 c:/st/stm32cubeide_1.2.0/stm32cubeide/plugins/com.st.stm32cube.ide.mcu.externaltools.gnu-tools-for-stm32.7-2018-q2-update.win32_1.0.0.201904181610/tools/bin/../lib/gcc/arm-none-eabi/7.3.1/../../../../arm-none-eabi/lib/thumb/v7e-m/fpv4-sp/hard\libc_nano.a(lib_a-nano-mallocr.o)
                0x0000000020000880                __malloc_sbrk_start
 *(COMMON)
 COMMON         0x0000000020000884      0x638 Core\Src\main.o
                0x0000000020000884                hspi2
                0x00000000200008dc                hspi5
                0x0000000020000934                htim4
                0x0000000020000974                hdma_spi5_rx
                0x00000000200009d4                hdma_spi2_rx
                0x0000000020000a34                hdma_spi4_rx
                0x0000000020000a94                hspi6
                0x0000000020000aec                htim3
                0x0000000020000b2c                hdma_spi4_tx
                0x0000000020000b8c                hspi4
                0x0000000020000be4                hdma_spi5_tx
                0x0000000020000c44                hspi1
                0x0000000020000c9c                htim2
                0x0000000020000cdc                hdma_spi1_rx
                0x0000000020000d3c                hdma_spi6_rx
                0x0000000020000d9c                hdma_spi2_tx
                0x0000000020000dfc                hdma_spi1_tx
                0x0000000020000e5c                hdma_spi6_tx
 COMMON         0x0000000020000ebc        0x4 Drivers\STM32F4xx_HAL_Driver\Src\stm32f4xx_hal.o
                0x0000000020000ebc                uwTick
 COMMON         0x0000000020000ec0        0x4 c:/st/stm32cubeide_1.2.0/stm32cubeide/plugins/com.st.stm32cube.ide.mcu.externaltools.gnu-tools-for-stm32.7-2018-q2-update.win32_1.0.0.201904181610/tools/bin/../lib/gcc/arm-none-eabi/7.3.1/../../../../arm-none-eabi/lib/thumb/v7e-m/fpv4-sp/hard\libc_nano.a(lib_a-reent.o)
                0x0000000020000ec0                errno
                0x0000000020000ec4                . = ALIGN (0x4)
                0x0000000020000ec4                _ebss = .
                0x0000000020000ec4                __bss_end__ = _ebss

._user_heap_stack
                0x0000000020000ec4      0x604 load address 0x0000000008007150
                0x0000000020000ec8                . = ALIGN (0x8)
 *fill*         0x0000000020000ec4        0x4 
                0x0000000020000ec8                PROVIDE (end = .)
                [!provide]                        PROVIDE (_end = .)
                0x00000000200010c8                . = (. + _Min_Heap_Size)
 *fill*         0x0000000020000ec8      0x200 
                0x00000000200014c8                . = (. + _Min_Stack_Size)
 *fill*         0x00000000200010c8      0x400 
                0x00000000200014c8                . = ALIGN (0x8)

/DISCARD/
 libc.a(*)
 libm.a(*)
 libgcc.a(*)

.ARM.attributes
                0x0000000000000000       0x30
 *(.ARM.attributes)
 .ARM.attributes
                0x0000000000000000       0x22 c:/st/stm32cubeide_1.2.0/stm32cubeide/plugins/com.st.stm32cube.ide.mcu.externaltools.gnu-tools-for-stm32.7-2018-q2-update.win32_1.0.0.201904181610/tools/bin/../lib/gcc/arm-none-eabi/7.3.1/thumb/v7e-m/fpv4-sp/hard/crti.o
 .ARM.attributes
                0x0000000000000022       0x34 c:/st/stm32cubeide_1.2.0/stm32cubeide/plugins/com.st.stm32cube.ide.mcu.externaltools.gnu-tools-for-stm32.7-2018-q2-update.win32_1.0.0.201904181610/tools/bin/../lib/gcc/arm-none-eabi/7.3.1/thumb/v7e-m/fpv4-sp/hard/crtbegin.o
 .ARM.attributes
                0x0000000000000056       0x39 Core\Src\FFTCorrection.o
 .ARM.attributes
                0x000000000000008f       0x39 Core\Src\adc.o
 .ARM.attributes
                0x00000000000000c8       0x39 Core\Src\cppmain.o
 .ARM.attributes
                0x0000000000000101       0x39 Core\Src\dac.o
 .ARM.attributes
                0x000000000000013a       0x39 Core\Src\leds.o
 .ARM.attributes
                0x0000000000000173       0x39 Core\Src\main.o
 .ARM.attributes
                0x00000000000001ac       0x39 Core\Src\misc_func.o
 .ARM.attributes
                0x00000000000001e5       0x39 Core\Src\newdma.o
 .ARM.attributes
                0x000000000000021e       0x39 Core\Src\oscilloscope.o
 .ARM.attributes
                0x0000000000000257       0x39 Core\Src\pid.o
 .ARM.attributes
                0x0000000000000290       0x39 Core\Src\raspberrypi.o
 .ARM.attributes
                0x00000000000002c9       0x39 Core\Src\stm32f4xx_hal_msp.o
 .ARM.attributes
                0x0000000000000302       0x39 Core\Src\stm32f4xx_it.o
 .ARM.attributes
                0x000000000000033b       0x39 Core\Src\syscalls.o
 .ARM.attributes
                0x0000000000000374       0x39 Core\Src\sysmem.o
 .ARM.attributes
                0x00000000000003ad       0x39 Core\Src\system_stm32f4xx.o
 .ARM.attributes
                0x00000000000003e6       0x21 Core\Startup\startup_stm32f427zitx.o
 .ARM.attributes
                0x0000000000000407       0x39 Drivers\STM32F4xx_HAL_Driver\Src\stm32f4xx_hal.o
 .ARM.attributes
                0x0000000000000440       0x39 Drivers\STM32F4xx_HAL_Driver\Src\stm32f4xx_hal_cortex.o
 .ARM.attributes
                0x0000000000000479       0x39 Drivers\STM32F4xx_HAL_Driver\Src\stm32f4xx_hal_dma.o
 .ARM.attributes
                0x00000000000004b2       0x39 Drivers\STM32F4xx_HAL_Driver\Src\stm32f4xx_hal_gpio.o
 .ARM.attributes
                0x00000000000004eb       0x39 Drivers\STM32F4xx_HAL_Driver\Src\stm32f4xx_hal_pwr_ex.o
 .ARM.attributes
                0x0000000000000524       0x39 Drivers\STM32F4xx_HAL_Driver\Src\stm32f4xx_hal_rcc.o
 .ARM.attributes
                0x000000000000055d       0x39 Drivers\STM32F4xx_HAL_Driver\Src\stm32f4xx_hal_spi.o
 .ARM.attributes
                0x0000000000000596       0x39 Drivers\STM32F4xx_HAL_Driver\Src\stm32f4xx_hal_tim.o
 .ARM.attributes
                0x00000000000005cf       0x39 Drivers\STM32F4xx_HAL_Driver\Src\stm32f4xx_hal_tim_ex.o
 .ARM.attributes
                0x0000000000000608       0x34 c:/st/stm32cubeide_1.2.0/stm32cubeide/plugins/com.st.stm32cube.ide.mcu.externaltools.gnu-tools-for-stm32.7-2018-q2-update.win32_1.0.0.201904181610/tools/bin/../lib/gcc/arm-none-eabi/7.3.1/../../../../arm-none-eabi/lib/thumb/v7e-m/fpv4-sp/hard\libstdc++_nano.a(new_opv.o)
 .ARM.attributes
                0x000000000000063c       0x34 c:/st/stm32cubeide_1.2.0/stm32cubeide/plugins/com.st.stm32cube.ide.mcu.externaltools.gnu-tools-for-stm32.7-2018-q2-update.win32_1.0.0.201904181610/tools/bin/../lib/gcc/arm-none-eabi/7.3.1/../../../../arm-none-eabi/lib/thumb/v7e-m/fpv4-sp/hard\libstdc++_nano.a(del_ops.o)
 .ARM.attributes
                0x0000000000000670       0x34 c:/st/stm32cubeide_1.2.0/stm32cubeide/plugins/com.st.stm32cube.ide.mcu.externaltools.gnu-tools-for-stm32.7-2018-q2-update.win32_1.0.0.201904181610/tools/bin/../lib/gcc/arm-none-eabi/7.3.1/../../../../arm-none-eabi/lib/thumb/v7e-m/fpv4-sp/hard\libstdc++_nano.a(new_op.o)
 .ARM.attributes
                0x00000000000006a4       0x34 c:/st/stm32cubeide_1.2.0/stm32cubeide/plugins/com.st.stm32cube.ide.mcu.externaltools.gnu-tools-for-stm32.7-2018-q2-update.win32_1.0.0.201904181610/tools/bin/../lib/gcc/arm-none-eabi/7.3.1/../../../../arm-none-eabi/lib/thumb/v7e-m/fpv4-sp/hard\libstdc++_nano.a(new_handler.o)
 .ARM.attributes
                0x00000000000006d8       0x34 c:/st/stm32cubeide_1.2.0/stm32cubeide/plugins/com.st.stm32cube.ide.mcu.externaltools.gnu-tools-for-stm32.7-2018-q2-update.win32_1.0.0.201904181610/tools/bin/../lib/gcc/arm-none-eabi/7.3.1/../../../../arm-none-eabi/lib/thumb/v7e-m/fpv4-sp/hard\libstdc++_nano.a(del_op.o)
 .ARM.attributes
                0x000000000000070c       0x34 c:/st/stm32cubeide_1.2.0/stm32cubeide/plugins/com.st.stm32cube.ide.mcu.externaltools.gnu-tools-for-stm32.7-2018-q2-update.win32_1.0.0.201904181610/tools/bin/../lib/gcc/arm-none-eabi/7.3.1/../../../../arm-none-eabi/lib/thumb/v7e-m/fpv4-sp/hard\libstdc++_nano.a(functexcept.o)
 .ARM.attributes
                0x0000000000000740       0x34 c:/st/stm32cubeide_1.2.0/stm32cubeide/plugins/com.st.stm32cube.ide.mcu.externaltools.gnu-tools-for-stm32.7-2018-q2-update.win32_1.0.0.201904181610/tools/bin/../lib/gcc/arm-none-eabi/7.3.1/../../../../arm-none-eabi/lib/thumb/v7e-m/fpv4-sp/hard\libm.a(lib_a-sf_cos.o)
 .ARM.attributes
                0x0000000000000774       0x34 c:/st/stm32cubeide_1.2.0/stm32cubeide/plugins/com.st.stm32cube.ide.mcu.externaltools.gnu-tools-for-stm32.7-2018-q2-update.win32_1.0.0.201904181610/tools/bin/../lib/gcc/arm-none-eabi/7.3.1/../../../../arm-none-eabi/lib/thumb/v7e-m/fpv4-sp/hard\libm.a(lib_a-sf_sin.o)
 .ARM.attributes
                0x00000000000007a8       0x34 c:/st/stm32cubeide_1.2.0/stm32cubeide/plugins/com.st.stm32cube.ide.mcu.externaltools.gnu-tools-for-stm32.7-2018-q2-update.win32_1.0.0.201904181610/tools/bin/../lib/gcc/arm-none-eabi/7.3.1/../../../../arm-none-eabi/lib/thumb/v7e-m/fpv4-sp/hard\libm.a(lib_a-wf_exp.o)
 .ARM.attributes
                0x00000000000007dc       0x34 c:/st/stm32cubeide_1.2.0/stm32cubeide/plugins/com.st.stm32cube.ide.mcu.externaltools.gnu-tools-for-stm32.7-2018-q2-update.win32_1.0.0.201904181610/tools/bin/../lib/gcc/arm-none-eabi/7.3.1/../../../../arm-none-eabi/lib/thumb/v7e-m/fpv4-sp/hard\libm.a(lib_a-ef_exp.o)
 .ARM.attributes
                0x0000000000000810       0x34 c:/st/stm32cubeide_1.2.0/stm32cubeide/plugins/com.st.stm32cube.ide.mcu.externaltools.gnu-tools-for-stm32.7-2018-q2-update.win32_1.0.0.201904181610/tools/bin/../lib/gcc/arm-none-eabi/7.3.1/../../../../arm-none-eabi/lib/thumb/v7e-m/fpv4-sp/hard\libm.a(lib_a-ef_rem_pio2.o)
 .ARM.attributes
                0x0000000000000844       0x34 c:/st/stm32cubeide_1.2.0/stm32cubeide/plugins/com.st.stm32cube.ide.mcu.externaltools.gnu-tools-for-stm32.7-2018-q2-update.win32_1.0.0.201904181610/tools/bin/../lib/gcc/arm-none-eabi/7.3.1/../../../../arm-none-eabi/lib/thumb/v7e-m/fpv4-sp/hard\libm.a(lib_a-kf_cos.o)
 .ARM.attributes
                0x0000000000000878       0x34 c:/st/stm32cubeide_1.2.0/stm32cubeide/plugins/com.st.stm32cube.ide.mcu.externaltools.gnu-tools-for-stm32.7-2018-q2-update.win32_1.0.0.201904181610/tools/bin/../lib/gcc/arm-none-eabi/7.3.1/../../../../arm-none-eabi/lib/thumb/v7e-m/fpv4-sp/hard\libm.a(lib_a-kf_rem_pio2.o)
 .ARM.attributes
                0x00000000000008ac       0x34 c:/st/stm32cubeide_1.2.0/stm32cubeide/plugins/com.st.stm32cube.ide.mcu.externaltools.gnu-tools-for-stm32.7-2018-q2-update.win32_1.0.0.201904181610/tools/bin/../lib/gcc/arm-none-eabi/7.3.1/../../../../arm-none-eabi/lib/thumb/v7e-m/fpv4-sp/hard\libm.a(lib_a-kf_sin.o)
 .ARM.attributes
                0x00000000000008e0       0x34 c:/st/stm32cubeide_1.2.0/stm32cubeide/plugins/com.st.stm32cube.ide.mcu.externaltools.gnu-tools-for-stm32.7-2018-q2-update.win32_1.0.0.201904181610/tools/bin/../lib/gcc/arm-none-eabi/7.3.1/../../../../arm-none-eabi/lib/thumb/v7e-m/fpv4-sp/hard\libm.a(lib_a-s_lib_ver.o)
 .ARM.attributes
                0x0000000000000914       0x34 c:/st/stm32cubeide_1.2.0/stm32cubeide/plugins/com.st.stm32cube.ide.mcu.externaltools.gnu-tools-for-stm32.7-2018-q2-update.win32_1.0.0.201904181610/tools/bin/../lib/gcc/arm-none-eabi/7.3.1/../../../../arm-none-eabi/lib/thumb/v7e-m/fpv4-sp/hard\libm.a(lib_a-s_matherr.o)
 .ARM.attributes
                0x0000000000000948       0x34 c:/st/stm32cubeide_1.2.0/stm32cubeide/plugins/com.st.stm32cube.ide.mcu.externaltools.gnu-tools-for-stm32.7-2018-q2-update.win32_1.0.0.201904181610/tools/bin/../lib/gcc/arm-none-eabi/7.3.1/../../../../arm-none-eabi/lib/thumb/v7e-m/fpv4-sp/hard\libm.a(lib_a-sf_fabs.o)
 .ARM.attributes
                0x000000000000097c       0x34 c:/st/stm32cubeide_1.2.0/stm32cubeide/plugins/com.st.stm32cube.ide.mcu.externaltools.gnu-tools-for-stm32.7-2018-q2-update.win32_1.0.0.201904181610/tools/bin/../lib/gcc/arm-none-eabi/7.3.1/../../../../arm-none-eabi/lib/thumb/v7e-m/fpv4-sp/hard\libm.a(lib_a-sf_finite.o)
 .ARM.attributes
                0x00000000000009b0       0x34 c:/st/stm32cubeide_1.2.0/stm32cubeide/plugins/com.st.stm32cube.ide.mcu.externaltools.gnu-tools-for-stm32.7-2018-q2-update.win32_1.0.0.201904181610/tools/bin/../lib/gcc/arm-none-eabi/7.3.1/../../../../arm-none-eabi/lib/thumb/v7e-m/fpv4-sp/hard\libm.a(lib_a-sf_floor.o)
 .ARM.attributes
                0x00000000000009e4       0x34 c:/st/stm32cubeide_1.2.0/stm32cubeide/plugins/com.st.stm32cube.ide.mcu.externaltools.gnu-tools-for-stm32.7-2018-q2-update.win32_1.0.0.201904181610/tools/bin/../lib/gcc/arm-none-eabi/7.3.1/../../../../arm-none-eabi/lib/thumb/v7e-m/fpv4-sp/hard\libm.a(lib_a-sf_scalbn.o)
 .ARM.attributes
                0x0000000000000a18       0x34 c:/st/stm32cubeide_1.2.0/stm32cubeide/plugins/com.st.stm32cube.ide.mcu.externaltools.gnu-tools-for-stm32.7-2018-q2-update.win32_1.0.0.201904181610/tools/bin/../lib/gcc/arm-none-eabi/7.3.1/../../../../arm-none-eabi/lib/thumb/v7e-m/fpv4-sp/hard\libm.a(lib_a-sf_copysign.o)
 .ARM.attributes
                0x0000000000000a4c       0x34 c:/st/stm32cubeide_1.2.0/stm32cubeide/plugins/com.st.stm32cube.ide.mcu.externaltools.gnu-tools-for-stm32.7-2018-q2-update.win32_1.0.0.201904181610/tools/bin/../lib/gcc/arm-none-eabi/7.3.1/../../../../arm-none-eabi/lib/thumb/v7e-m/fpv4-sp/hard\libc_nano.a(lib_a-abort.o)
 .ARM.attributes
                0x0000000000000a80       0x34 c:/st/stm32cubeide_1.2.0/stm32cubeide/plugins/com.st.stm32cube.ide.mcu.externaltools.gnu-tools-for-stm32.7-2018-q2-update.win32_1.0.0.201904181610/tools/bin/../lib/gcc/arm-none-eabi/7.3.1/../../../../arm-none-eabi/lib/thumb/v7e-m/fpv4-sp/hard\libc_nano.a(lib_a-errno.o)
 .ARM.attributes
                0x0000000000000ab4       0x34 c:/st/stm32cubeide_1.2.0/stm32cubeide/plugins/com.st.stm32cube.ide.mcu.externaltools.gnu-tools-for-stm32.7-2018-q2-update.win32_1.0.0.201904181610/tools/bin/../lib/gcc/arm-none-eabi/7.3.1/../../../../arm-none-eabi/lib/thumb/v7e-m/fpv4-sp/hard\libc_nano.a(lib_a-impure.o)
 .ARM.attributes
                0x0000000000000ae8       0x34 c:/st/stm32cubeide_1.2.0/stm32cubeide/plugins/com.st.stm32cube.ide.mcu.externaltools.gnu-tools-for-stm32.7-2018-q2-update.win32_1.0.0.201904181610/tools/bin/../lib/gcc/arm-none-eabi/7.3.1/../../../../arm-none-eabi/lib/thumb/v7e-m/fpv4-sp/hard\libc_nano.a(lib_a-init.o)
 .ARM.attributes
                0x0000000000000b1c       0x34 c:/st/stm32cubeide_1.2.0/stm32cubeide/plugins/com.st.stm32cube.ide.mcu.externaltools.gnu-tools-for-stm32.7-2018-q2-update.win32_1.0.0.201904181610/tools/bin/../lib/gcc/arm-none-eabi/7.3.1/../../../../arm-none-eabi/lib/thumb/v7e-m/fpv4-sp/hard\libc_nano.a(lib_a-malloc.o)
 .ARM.attributes
                0x0000000000000b50       0x34 c:/st/stm32cubeide_1.2.0/stm32cubeide/plugins/com.st.stm32cube.ide.mcu.externaltools.gnu-tools-for-stm32.7-2018-q2-update.win32_1.0.0.201904181610/tools/bin/../lib/gcc/arm-none-eabi/7.3.1/../../../../arm-none-eabi/lib/thumb/v7e-m/fpv4-sp/hard\libc_nano.a(lib_a-memmove.o)
 .ARM.attributes
                0x0000000000000b84       0x34 c:/st/stm32cubeide_1.2.0/stm32cubeide/plugins/com.st.stm32cube.ide.mcu.externaltools.gnu-tools-for-stm32.7-2018-q2-update.win32_1.0.0.201904181610/tools/bin/../lib/gcc/arm-none-eabi/7.3.1/../../../../arm-none-eabi/lib/thumb/v7e-m/fpv4-sp/hard\libc_nano.a(lib_a-memset.o)
 .ARM.attributes
                0x0000000000000bb8       0x34 c:/st/stm32cubeide_1.2.0/stm32cubeide/plugins/com.st.stm32cube.ide.mcu.externaltools.gnu-tools-for-stm32.7-2018-q2-update.win32_1.0.0.201904181610/tools/bin/../lib/gcc/arm-none-eabi/7.3.1/../../../../arm-none-eabi/lib/thumb/v7e-m/fpv4-sp/hard\libc_nano.a(lib_a-nano-freer.o)
 .ARM.attributes
                0x0000000000000bec       0x34 c:/st/stm32cubeide_1.2.0/stm32cubeide/plugins/com.st.stm32cube.ide.mcu.externaltools.gnu-tools-for-stm32.7-2018-q2-update.win32_1.0.0.201904181610/tools/bin/../lib/gcc/arm-none-eabi/7.3.1/../../../../arm-none-eabi/lib/thumb/v7e-m/fpv4-sp/hard\libc_nano.a(lib_a-nano-mallocr.o)
 .ARM.attributes
                0x0000000000000c20       0x34 c:/st/stm32cubeide_1.2.0/stm32cubeide/plugins/com.st.stm32cube.ide.mcu.externaltools.gnu-tools-for-stm32.7-2018-q2-update.win32_1.0.0.201904181610/tools/bin/../lib/gcc/arm-none-eabi/7.3.1/../../../../arm-none-eabi/lib/thumb/v7e-m/fpv4-sp/hard\libc_nano.a(lib_a-sbrkr.o)
 .ARM.attributes
                0x0000000000000c54       0x34 c:/st/stm32cubeide_1.2.0/stm32cubeide/plugins/com.st.stm32cube.ide.mcu.externaltools.gnu-tools-for-stm32.7-2018-q2-update.win32_1.0.0.201904181610/tools/bin/../lib/gcc/arm-none-eabi/7.3.1/../../../../arm-none-eabi/lib/thumb/v7e-m/fpv4-sp/hard\libc_nano.a(lib_a-signal.o)
 .ARM.attributes
                0x0000000000000c88       0x34 c:/st/stm32cubeide_1.2.0/stm32cubeide/plugins/com.st.stm32cube.ide.mcu.externaltools.gnu-tools-for-stm32.7-2018-q2-update.win32_1.0.0.201904181610/tools/bin/../lib/gcc/arm-none-eabi/7.3.1/../../../../arm-none-eabi/lib/thumb/v7e-m/fpv4-sp/hard\libc_nano.a(lib_a-signalr.o)
 .ARM.attributes
                0x0000000000000cbc       0x34 c:/st/stm32cubeide_1.2.0/stm32cubeide/plugins/com.st.stm32cube.ide.mcu.externaltools.gnu-tools-for-stm32.7-2018-q2-update.win32_1.0.0.201904181610/tools/bin/../lib/gcc/arm-none-eabi/7.3.1/../../../../arm-none-eabi/lib/thumb/v7e-m/fpv4-sp/hard\libc_nano.a(lib_a-mlock.o)
 .ARM.attributes